../Drivers/STM32F4xx_HAL_Driver/Src/stm32f4xx_hal_spi.c:3751:13:SPI_AbortRx_ISR	8	static
../Drivers/STM32F4xx_HAL_Driver/Src/stm32f4xx_hal_spi.c:3785:13:SPI_AbortTx_ISR	0	static
../Drivers/STM32F4xx_HAL_Driver/Src/stm32f4xx_hal_spi.c:3490:26:SPI_EndRxTxTransaction.constprop	24	static
../Drivers/STM32F4xx_HAL_Driver/Src/stm32f4xx_hal_spi.c:3490:26:SPI_EndRxTxTransaction	32	static
../Drivers/STM32F4xx_HAL_Driver/Src/stm32f4xx_hal_spi.c:3440:26:SPI_EndRxTransaction.constprop	16	static
../Drivers/STM32F4xx_HAL_Driver/Src/stm32f4xx_hal_spi.c:456:13:HAL_SPI_MspInit	0	static
../Drivers/STM32F4xx_HAL_Driver/Src/stm32f4xx_hal_spi.c:310:19:HAL_SPI_Init	16	static
../Drivers/STM32F4xx_HAL_Driver/Src/stm32f4xx_hal_spi.c:472:13:HAL_SPI_MspDeInit	0	static
../Drivers/STM32F4xx_HAL_Driver/Src/stm32f4xx_hal_spi.c:412:19:HAL_SPI_DeInit	8	static
../Drivers/STM32F4xx_HAL_Driver/Src/stm32f4xx_hal_spi.c:743:19:HAL_SPI_Transmit	32	static
../Drivers/STM32F4xx_HAL_Driver/Src/stm32f4xx_hal_spi.c:1097:19:HAL_SPI_TransmitReceive	32	static
../Drivers/STM32F4xx_HAL_Driver/Src/stm32f4xx_hal_spi.c:906:19:HAL_SPI_Receive	32	static
../Drivers/STM32F4xx_HAL_Driver/Src/stm32f4xx_hal_spi.c:1317:19:HAL_SPI_Transmit_IT	4	static
../Drivers/STM32F4xx_HAL_Driver/Src/stm32f4xx_hal_spi.c:1492:19:HAL_SPI_TransmitReceive_IT	8	static
../Drivers/STM32F4xx_HAL_Driver/Src/stm32f4xx_hal_spi.c:1400:19:HAL_SPI_Receive_IT	8	static
../Drivers/STM32F4xx_HAL_Driver/Src/stm32f4xx_hal_spi.c:1580:19:HAL_SPI_Transmit_DMA	8	static
../Drivers/STM32F4xx_HAL_Driver/Src/stm32f4xx_hal_spi.c:1797:19:HAL_SPI_TransmitReceive_DMA	16	static
../Drivers/STM32F4xx_HAL_Driver/Src/stm32f4xx_hal_spi.c:1685:19:HAL_SPI_Receive_DMA	16	static
../Drivers/STM32F4xx_HAL_Driver/Src/stm32f4xx_hal_spi.c:1941:19:HAL_SPI_Abort	24	static
../Drivers/STM32F4xx_HAL_Driver/Src/stm32f4xx_hal_spi.c:2250:19:HAL_SPI_DMAPause	4	static
../Drivers/STM32F4xx_HAL_Driver/Src/stm32f4xx_hal_spi.c:2270:19:HAL_SPI_DMAResume	4	static
../Drivers/STM32F4xx_HAL_Driver/Src/stm32f4xx_hal_spi.c:2290:19:HAL_SPI_DMAStop	16	static
../Drivers/STM32F4xx_HAL_Driver/Src/stm32f4xx_hal_spi.c:2436:13:HAL_SPI_TxCpltCallback	0	static
../Drivers/STM32F4xx_HAL_Driver/Src/stm32f4xx_hal_spi.c:2452:13:HAL_SPI_RxCpltCallback	0	static
../Drivers/STM32F4xx_HAL_Driver/Src/stm32f4xx_hal_spi.c:2468:13:HAL_SPI_TxRxCpltCallback	0	static
../Drivers/STM32F4xx_HAL_Driver/Src/stm32f4xx_hal_spi.c:2484:13:HAL_SPI_TxHalfCpltCallback	0	static
../Drivers/STM32F4xx_HAL_Driver/Src/stm32f4xx_hal_spi.c:2829:13:SPI_DMAHalfTransmitCplt	8	static
../Drivers/STM32F4xx_HAL_Driver/Src/stm32f4xx_hal_spi.c:2500:13:HAL_SPI_RxHalfCpltCallback	0	static
../Drivers/STM32F4xx_HAL_Driver/Src/stm32f4xx_hal_spi.c:2847:13:SPI_DMAHalfReceiveCplt	8	static
../Drivers/STM32F4xx_HAL_Driver/Src/stm32f4xx_hal_spi.c:2516:13:HAL_SPI_TxRxHalfCpltCallback	0	static
../Drivers/STM32F4xx_HAL_Driver/Src/stm32f4xx_hal_spi.c:2865:13:SPI_DMAHalfTransmitReceiveCplt	8	static
../Drivers/STM32F4xx_HAL_Driver/Src/stm32f4xx_hal_spi.c:2532:13:HAL_SPI_ErrorCallback	0	static
../Drivers/STM32F4xx_HAL_Driver/Src/stm32f4xx_hal_spi.c:3689:13:SPI_CloseTx_ISR	16	static
../Drivers/STM32F4xx_HAL_Driver/Src/stm32f4xx_hal_spi.c:3335:13:SPI_TxISR_8BIT	0	static
../Drivers/STM32F4xx_HAL_Driver/Src/stm32f4xx_hal_spi.c:3360:13:SPI_TxISR_16BIT	4	static
../Drivers/STM32F4xx_HAL_Driver/Src/stm32f4xx_hal_spi.c:3250:13:SPI_RxISR_8BIT	16	static
../Drivers/STM32F4xx_HAL_Driver/Src/stm32f4xx_hal_spi.c:3530:13:SPI_CloseRxTx_ISR	16	static
../Drivers/STM32F4xx_HAL_Driver/Src/stm32f4xx_hal_spi.c:3109:13:SPI_2linesTxISR_8BIT	0	static
../Drivers/STM32F4xx_HAL_Driver/Src/stm32f4xx_hal_spi.c:3053:13:SPI_2linesRxISR_8BIT	0	static
../Drivers/STM32F4xx_HAL_Driver/Src/stm32f4xx_hal_spi.c:3197:13:SPI_2linesTxISR_16BIT	4	static
../Drivers/STM32F4xx_HAL_Driver/Src/stm32f4xx_hal_spi.c:3145:13:SPI_2linesRxISR_16BIT	4	static
../Drivers/STM32F4xx_HAL_Driver/Src/stm32f4xx_hal_spi.c:2883:13:SPI_DMAError	8	static
../Drivers/STM32F4xx_HAL_Driver/Src/stm32f4xx_hal_spi.c:2622:13:SPI_DMATransmitCplt	24	static
../Drivers/STM32F4xx_HAL_Driver/Src/stm32f4xx_hal_spi.c:2679:13:SPI_DMAReceiveCplt	16	static
../Drivers/STM32F4xx_HAL_Driver/Src/stm32f4xx_hal_spi.c:2754:13:SPI_DMATransmitReceiveCplt	16	static
../Drivers/STM32F4xx_HAL_Driver/Src/stm32f4xx_hal_spi.c:2330:6:HAL_SPI_IRQHandler	32	static
../Drivers/STM32F4xx_HAL_Driver/Src/stm32f4xx_hal_spi.c:2906:13:SPI_DMAAbortOnError	8	static
../Drivers/STM32F4xx_HAL_Driver/Src/stm32f4xx_hal_spi.c:3302:13:SPI_RxISR_16BIT	16	static
../Drivers/STM32F4xx_HAL_Driver/Src/stm32f4xx_hal_spi.c:2550:13:HAL_SPI_AbortCpltCallback	0	static
../Drivers/STM32F4xx_HAL_Driver/Src/stm32f4xx_hal_spi.c:2088:19:HAL_SPI_Abort_IT	32	static
../Drivers/STM32F4xx_HAL_Driver/Src/stm32f4xx_hal_spi.c:2994:13:SPI_DMARxAbortCallback	24	static
../Drivers/STM32F4xx_HAL_Driver/Src/stm32f4xx_hal_spi.c:2928:13:SPI_DMATxAbortCallback	24	static
../Drivers/STM32F4xx_HAL_Driver/Src/stm32f4xx_hal_spi.c:2585:22:HAL_SPI_GetState	0	static
../Drivers/STM32F4xx_HAL_Driver/Src/stm32f4xx_hal_spi.c:2597:10:HAL_SPI_GetError	0	static
