../Drivers/STM32F4xx_HAL_Driver/Src/stm32f4xx_hal_rcc_ex.c:1278:19:HAL_RCCEx_PeriphCLKConfig	24	static
../Drivers/STM32F4xx_HAL_Driver/Src/stm32f4xx_hal_rcc_ex.c:1636:6:HAL_RCCEx_GetPeriphCLKConfig	0	static
../Drivers/STM32F4xx_HAL_Driver/Src/stm32f4xx_hal_rcc_ex.c:1732:10:HAL_RCCEx_GetPeriphCLKFreq	0	static
../Drivers/STM32F4xx_HAL_Driver/Src/stm32f4xx_hal_rcc_ex.c:2756:6:HAL_RCCEx_SelectLSEMode	0	static
../Drivers/STM32F4xx_HAL_Driver/Src/stm32f4xx_hal_rcc_ex.c:2793:19:HAL_RCCEx_EnablePLLI2S	16	static
../Drivers/STM32F4xx_HAL_Driver/Src/stm32f4xx_hal_rcc_ex.c:2876:19:HAL_RCCEx_DisablePLLI2S	8	static
../Drivers/STM32F4xx_HAL_Driver/Src/stm32f4xx_hal_rcc_ex.c:3133:19:HAL_RCC_DeInit	16	static
../Drivers/STM32F4xx_HAL_Driver/Src/stm32f4xx_hal_rcc_ex.c:3323:19:HAL_RCC_OscConfig	24	static
../Drivers/STM32F4xx_HAL_Driver/Src/stm32f4xx_hal_rcc_ex.c:3660:6:HAL_RCC_GetOscConfig	0	static
