../Src/Memory/flash_handler.c:15:13:Flash_Unlock	0	static
../Src/Memory/flash_handler.c:30:13:Flash_Lock	0	static
../Src/Memory/flash_handler.c:40:13:Flash_Error	0	static,ignoring_inline_asm
../Src/Memory/flash_handler.c:115:13:Flash_ReadByte	0	static
../Src/Memory/flash_handler.c:121:13:Flash_Read	24	static
../Src/Memory/flash_handler.c:59:13:Flash_Erese_Internal	8	static
../Src/Memory/flash_handler.c:82:13:Flash_Write	16	static
../Src/Memory/flash_handler.c:193:6:Memory_LL_Save	24	static
../Src/Memory/flash_handler.c:204:6:Memory_LL_Read	8	static
../Src/Memory/flash_handler.c:147:6:Flash_Init	16	static
../Src/Memory/flash_handler.c:172:6:Memory_LL_Clear	16	static
