../Src/Modbus/ModbusRTU_RingBuffer.h:14:16:modbusRTURingBuffer_GetChar	4	static
../Src/Modbus/ModbusRTU_RingBuffer.h:30:16:modbusRTURingBuffer_PutChar	4	static
../Src/Modbus/ModbusRTU_RingBuffer.h:46:16:modbusRTURingBuffer_Clear	0	static
../Src/Modbus/ModbusRTU_RingBuffer.h:59:13:modbusRTURingBuffer_GoBack	0	static
../Src/Modbus/ModbusRTU.c:76:16:_modbusRTU_getFuncDescIndex	4	static
../Src/Modbus/ModbusRTU.c:89:16:_modbusRTU_checkFuncCode	0	static
../Src/Modbus/ModbusRTU.c:100:16:_modbusRTU_processMessage	24	static
../Src/Modbus/ModbusRTU.c:66:6:_modbusRTU_portSetRx	8	static
../Src/Modbus/ModbusRTU.c:71:6:_modbusRTU_portSetTx	8	static
../Src/Modbus/ModbusRTU.c:288:6:modbusRTU_loop	8	static
../Src/Modbus/ModbusRTU.c:293:6:modbusRTU_init	8	static
../Src/Modbus/ModbusRTU.c:307:9:modbusRTU_sendMessage	24	static
../Src/Modbus/ModbusRTU.c:355:6:modbusRTU_getChar	8	static
../Src/Modbus/ModbusRTU.c:394:6:modbusRTU_BufferFlush	8	static
