../Drivers/CMSIS/Include/core_cm4.h:1939:34:__NVIC_SystemReset	0	static,ignoring_inline_asm
../Src/App/comm_app.c:861:13:_check_speed	0	static
../Src/App/comm_app.c:731:13:handler_calibration	8	static
../Src/App/comm_app.c:1305:13:ota_body	8	static
../Src/App/comm_app.c:287:13:handler_getStatus	16	static
../Src/App/comm_app.c:1055:13:handler_reset	96	static
../Src/App/comm_app.c:309:13:handler_setID	96	static
../Src/App/comm_app.c:886:13:handler_setSpeed	120	static
../Src/App/comm_app.c:528:13:handler_setConfig	176	static
../Src/App/comm_app.c:383:13:handler_getConfig	192	static
../Src/App/comm_app.c:140:13:handler_stopAcq	16	static
../Src/App/comm_app.c:177:13:handler_getData	24	static
../Src/App/comm_app.c:243:13:handler_getAddrMac	120	static
../Src/App/comm_app.c:97:13:handler_starAcq	24	static
../Src/App/comm_app.c:1107:13:Comm_ProcessMessage	8	static
../Src/App/comm_app.c:1316:6:swap_t	96	static
../Src/App/comm_app.c:91:6:CommApp_Init	0	static
../Src/App/comm_app.c:164:6:ResetScheduledSending	0	static
../Src/App/comm_app.c:1279:6:Comm_Init	8	static
../Src/App/comm_app.c:1285:6:Comm_Process	8	static
../Src/App/comm_app.c:1298:6:Comm_StartFrameProcess	0	static
../Src/App/comm_app.c:1345:10:Comm_ModbusMath	8	static
../Src/App/comm_app.c:1373:10:Comm_Modbus_MaxSampleAtOnce	0	static
