Archive member included to satisfy reference by file (symbol)

../Drivers/CMSIS/Lib/GCC\libarm_cortexM4lf_math.a(arm_const_structs.o)
                              ./Src/Estimates_Lib/MW_CMSIS_fft.o (arm_cfft_sR_f32_len4096)
../Drivers/CMSIS/Lib/GCC\libarm_cortexM4lf_math.a(arm_common_tables.o)
                              ../Drivers/CMSIS/Lib/GCC\libarm_cortexM4lf_math.a(arm_const_structs.o) (twiddleCoef_rfft_4096)
../Drivers/CMSIS/Lib/GCC\libarm_cortexM4lf_math.a(arm_rfft_fast_init_f32.o)
                              ./Src/Estimates_Lib/MW_CMSIS_fft.o (arm_rfft_fast_init_f32)
../Drivers/CMSIS/Lib/GCC\libarm_cortexM4lf_math.a(arm_rfft_fast_f32.o)
                              ./Src/Estimates_Lib/MW_CMSIS_fft.o (arm_rfft_fast_f32)
../Drivers/CMSIS/Lib/GCC\libarm_cortexM4lf_math.a(arm_cfft_f32.o)
                              ./Src/Estimates_Lib/MW_CMSIS_fft.o (arm_cfft_f32)
../Drivers/CMSIS/Lib/GCC\libarm_cortexM4lf_math.a(arm_rfft_init_q31.o)
                              ../Drivers/CMSIS/Lib/GCC\libarm_cortexM4lf_math.a(arm_const_structs.o) (realCoefBQ31)
../Drivers/CMSIS/Lib/GCC\libarm_cortexM4lf_math.a(arm_rfft_init_q15.o)
                              ../Drivers/CMSIS/Lib/GCC\libarm_cortexM4lf_math.a(arm_const_structs.o) (realCoefBQ15)
../Drivers/CMSIS/Lib/GCC\libarm_cortexM4lf_math.a(arm_sub_f32.o)
                              ./Src/Estimates_Lib/FD_PP_RMS_VRMS10_fs4000_nFFF4096_T1s.o (arm_sub_f32)
../Drivers/CMSIS/Lib/GCC\libarm_cortexM4lf_math.a(arm_mult_f32.o)
                              ./Src/Estimates_Lib/FD_PP_RMS_VRMS10_fs4000_nFFF4096_T1s.o (arm_mult_f32)
../Drivers/CMSIS/Lib/GCC\libarm_cortexM4lf_math.a(arm_bitreversal2.o)
                              ../Drivers/CMSIS/Lib/GCC\libarm_cortexM4lf_math.a(arm_cfft_f32.o) (arm_bitreversal_32)
../Drivers/CMSIS/Lib/GCC\libarm_cortexM4lf_math.a(arm_cfft_radix8_f32.o)
                              ../Drivers/CMSIS/Lib/GCC\libarm_cortexM4lf_math.a(arm_cfft_f32.o) (arm_radix8_butterfly_f32)
C:/App/STM32CubeIDE_1.19.0/STM32CubeIDE/plugins/com.st.stm32cube.ide.mcu.externaltools.gnu-tools-for-stm32.13.3.rel1.win32_1.0.0.202411081344/tools/bin/../lib/gcc/arm-none-eabi/13.3.1/../../../../arm-none-eabi/lib/thumb/v7e-m+fp/hard\libc_nano.a(libc_a-exit.o)
                              C:/App/STM32CubeIDE_1.19.0/STM32CubeIDE/plugins/com.st.stm32cube.ide.mcu.externaltools.gnu-tools-for-stm32.13.3.rel1.win32_1.0.0.202411081344/tools/bin/../lib/gcc/arm-none-eabi/13.3.1/../../../../arm-none-eabi/lib/thumb/v7e-m+fp/hard/crt0.o (exit)
C:/App/STM32CubeIDE_1.19.0/STM32CubeIDE/plugins/com.st.stm32cube.ide.mcu.externaltools.gnu-tools-for-stm32.13.3.rel1.win32_1.0.0.202411081344/tools/bin/../lib/gcc/arm-none-eabi/13.3.1/../../../../arm-none-eabi/lib/thumb/v7e-m+fp/hard\libc_nano.a(libc_a-rand.o)
                              ./Src/Modbus/ModbusRTU.o (rand)
C:/App/STM32CubeIDE_1.19.0/STM32CubeIDE/plugins/com.st.stm32cube.ide.mcu.externaltools.gnu-tools-for-stm32.13.3.rel1.win32_1.0.0.202411081344/tools/bin/../lib/gcc/arm-none-eabi/13.3.1/../../../../arm-none-eabi/lib/thumb/v7e-m+fp/hard\libc_nano.a(libc_a-findfp.o)
                              C:/App/STM32CubeIDE_1.19.0/STM32CubeIDE/plugins/com.st.stm32cube.ide.mcu.externaltools.gnu-tools-for-stm32.13.3.rel1.win32_1.0.0.202411081344/tools/bin/../lib/gcc/arm-none-eabi/13.3.1/../../../../arm-none-eabi/lib/thumb/v7e-m+fp/hard\libc_nano.a(libc_a-exit.o) (__stdio_exit_handler)
C:/App/STM32CubeIDE_1.19.0/STM32CubeIDE/plugins/com.st.stm32cube.ide.mcu.externaltools.gnu-tools-for-stm32.13.3.rel1.win32_1.0.0.202411081344/tools/bin/../lib/gcc/arm-none-eabi/13.3.1/../../../../arm-none-eabi/lib/thumb/v7e-m+fp/hard\libc_nano.a(libc_a-fwalk.o)
                              C:/App/STM32CubeIDE_1.19.0/STM32CubeIDE/plugins/com.st.stm32cube.ide.mcu.externaltools.gnu-tools-for-stm32.13.3.rel1.win32_1.0.0.202411081344/tools/bin/../lib/gcc/arm-none-eabi/13.3.1/../../../../arm-none-eabi/lib/thumb/v7e-m+fp/hard\libc_nano.a(libc_a-findfp.o) (_fwalk_sglue)
C:/App/STM32CubeIDE_1.19.0/STM32CubeIDE/plugins/com.st.stm32cube.ide.mcu.externaltools.gnu-tools-for-stm32.13.3.rel1.win32_1.0.0.202411081344/tools/bin/../lib/gcc/arm-none-eabi/13.3.1/../../../../arm-none-eabi/lib/thumb/v7e-m+fp/hard\libc_nano.a(libc_a-snprintf.o)
                              ./Src/debug.o (snprintf)
C:/App/STM32CubeIDE_1.19.0/STM32CubeIDE/plugins/com.st.stm32cube.ide.mcu.externaltools.gnu-tools-for-stm32.13.3.rel1.win32_1.0.0.202411081344/tools/bin/../lib/gcc/arm-none-eabi/13.3.1/../../../../arm-none-eabi/lib/thumb/v7e-m+fp/hard\libc_nano.a(libc_a-stdio.o)
                              C:/App/STM32CubeIDE_1.19.0/STM32CubeIDE/plugins/com.st.stm32cube.ide.mcu.externaltools.gnu-tools-for-stm32.13.3.rel1.win32_1.0.0.202411081344/tools/bin/../lib/gcc/arm-none-eabi/13.3.1/../../../../arm-none-eabi/lib/thumb/v7e-m+fp/hard\libc_nano.a(libc_a-findfp.o) (__sread)
[...]
Memory Configuration

Name             Origin             Length             Attributes
RAM              0x20000000         0x00050000         xrw
FLASH            0x08020000         0x00060000         xr
USDATA           0x080e0000         0x00020000         xrw
*default*        0x00000000         0xffffffff

Linker script and memory map

LOAD C:/App/STM32CubeIDE_1.19.0/STM32CubeIDE/plugins/com.st.stm32cube.ide.mcu.externaltools.gnu-tools-for-stm32.13.3.rel1.win32_1.0.0.202411081344/tools/bin/../lib/gcc/arm-none-eabi/13.3.1/thumb/v7e-m+fp/hard/crti.o
LOAD C:/App/STM32CubeIDE_1.19.0/STM32CubeIDE/plugins/com.st.stm32cube.ide.mcu.externaltools.gnu-tools-for-stm32.13.3.rel1.win32_1.0.0.202411081344/tools/bin/../lib/gcc/arm-none-eabi/13.3.1/thumb/v7e-m+fp/hard/crtbegin.o
LOAD C:/App/STM32CubeIDE_1.19.0/STM32CubeIDE/plugins/com.st.stm32cube.ide.mcu.externaltools.gnu-tools-for-stm32.13.3.rel1.win32_1.0.0.202411081344/tools/bin/../lib/gcc/arm-none-eabi/13.3.1/../../../../arm-none-eabi/lib/thumb/v7e-m+fp/hard/crt0.o
LOAD ./Drivers/STM32F4xx_HAL_Driver/Src/stm32f4xx_hal.o
LOAD ./Drivers/STM32F4xx_HAL_Driver/Src/stm32f4xx_hal_adc.o
LOAD ./Drivers/STM32F4xx_HAL_Driver/Src/stm32f4xx_hal_adc_ex.o
LOAD ./Drivers/STM32F4xx_HAL_Driver/Src/stm32f4xx_hal_cortex.o
LOAD ./Drivers/STM32F4xx_HAL_Driver/Src/stm32f4xx_hal_dma.o
LOAD ./Drivers/STM32F4xx_HAL_Driver/Src/stm32f4xx_hal_dma_ex.o
LOAD ./Drivers/STM32F4xx_HAL_Driver/Src/stm32f4xx_hal_exti.o
LOAD ./Drivers/STM32F4xx_HAL_Driver/Src/stm32f4xx_hal_flash.o
LOAD ./Drivers/STM32F4xx_HAL_Driver/Src/stm32f4xx_hal_flash_ex.o
LOAD ./Drivers/STM32F4xx_HAL_Driver/Src/stm32f4xx_hal_flash_ramfunc.o
LOAD ./Drivers/STM32F4xx_HAL_Driver/Src/stm32f4xx_hal_gpio.o
LOAD ./Drivers/STM32F4xx_HAL_Driver/Src/stm32f4xx_hal_pwr.o
LOAD ./Drivers/STM32F4xx_HAL_Driver/Src/stm32f4xx_hal_pwr_ex.o
LOAD ./Drivers/STM32F4xx_HAL_Driver/Src/stm32f4xx_hal_rcc.o
LOAD ./Drivers/STM32F4xx_HAL_Driver/Src/stm32f4xx_hal_rcc_ex.o
LOAD ./Drivers/STM32F4xx_HAL_Driver/Src/stm32f4xx_hal_spi.o
LOAD ./Drivers/STM32F4xx_HAL_Driver/Src/stm32f4xx_hal_tim.o
LOAD ./Drivers/STM32F4xx_HAL_Driver/Src/stm32f4xx_hal_tim_ex.o
LOAD ./Drivers/STM32F4xx_HAL_Driver/Src/stm32f4xx_hal_uart.o
LOAD ./Src/App/ModbusMath/ModbusMath.o
LOAD ./Src/App/ModbusMath/ModbusMath_MaxMin.o
LOAD ./Src/App/acquisition_hf.o
LOAD ./Src/App/acquisition_lf.o
LOAD ./Src/App/comm_app.o
LOAD ./Src/App/comm_link.o
LOAD ./Src/App/crc16.o
LOAD ./Src/App/estimates_calc.o
LOAD ./Src/Drivers/MacAddress.o
LOAD ./Src/Drivers/ad7768.o
LOAD ./Src/Drivers/adxl.o
LOAD ./Src/Drivers/board.o
LOAD ./Src/Drivers/gpio_hf.o
LOAD ./Src/Drivers/gpio_lf.o
LOAD ./Src/Drivers/rs485.o
LOAD ./Src/Drivers/spi.o
LOAD ./Src/Drivers/temp.o
LOAD ./Src/Drivers/timers.o
LOAD ./Src/Estimates_Lib/FD_PP_RMS_VRMS10_envZP_envRMS_fs32000_nFFF4096_T1s.o
LOAD ./Src/Estimates_Lib/FD_PP_RMS_VRMS10_envZP_envRMS_fs32000_nFFF4096_T1s_data.o
LOAD ./Src/Estimates_Lib/FD_PP_RMS_VRMS10_envZP_envRMS_fs32000_nFFF4096_T1s_initialize.o
LOAD ./Src/Estimates_Lib/FD_PP_RMS_VRMS10_envZP_envRMS_fs32000_nFFF4096_T1s_terminate.o
LOAD ./Src/Estimates_Lib/FD_PP_RMS_VRMS10_fs4000_nFFF4096_T1s.o
LOAD ./Src/Estimates_Lib/FD_PP_RMS_VRMS10_fs4000_nFFF4096_T1s_data.o
LOAD ./Src/Estimates_Lib/FD_PP_RMS_VRMS10_fs4000_nFFF4096_T1s_initialize.o
LOAD ./Src/Estimates_Lib/FD_PP_RMS_VRMS10_fs4000_nFFF4096_T1s_terminate.o
LOAD ./Src/Estimates_Lib/MW_CMSIS_fft.o
LOAD ./Src/Estimates_Lib/minOrMax.o
LOAD ./Src/Estimates_Lib/rtGetInf.o
LOAD ./Src/Estimates_Lib/rtGetNaN.o
LOAD ./Src/Estimates_Lib/rt_nonfinite.o
LOAD ./Src/Estimates_Lib/sort.o
LOAD ./Src/Estimates_Lib/sortIdx.o
LOAD ./Src/Memory/flash_handler.o
LOAD ./Src/Memory/memory.o
LOAD ./Src/Memory/shared_memory.o
LOAD ./Src/Modbus/ModbusRTU.o
LOAD ./Src/Modbus/ModbusRTU_FunctionCallbacks.o
LOAD ./Src/Modbus/ModbusRTU_crc.o
LOAD ./Src/OTC/crc32.o
LOAD ./Src/OTC/otc_core.o
LOAD ./Src/OTC/otc_flash.o
LOAD ./Src/debug.o
LOAD ./Src/main.o
LOAD ./Src/stm32f4xx_hal_msp.o
LOAD ./Src/stm32f4xx_it.o
LOAD ./Src/syscalls.o
LOAD ./Src/system_stm32f4xx.o
LOAD ./startup/startup_stm32f413xx.o
LOAD ../Drivers/CMSIS/Lib/GCC\libarm_cortexM4lf_math.a
START GROUP
LOAD C:/App/STM32CubeIDE_1.19.0/STM32CubeIDE/plugins/com.st.stm32cube.ide.mcu.externaltools.gnu-tools-for-stm32.13.3.rel1.win32_1.0.0.202411081344/tools/bin/../lib/gcc/arm-none-eabi/13.3.1/../../../../arm-none-eabi/lib/thumb/v7e-m+fp/hard\libc_nano.a
LOAD C:/App/STM32CubeIDE_1.19.0/STM32CubeIDE/plugins/com.st.stm32cube.ide.mcu.externaltools.gnu-tools-for-stm32.13.3.rel1.win32_1.0.0.202411081344/tools/bin/../lib/gcc/arm-none-eabi/13.3.1/../../../../arm-none-eabi/lib/thumb/v7e-m+fp/hard\libm.a
END GROUP
START GROUP
LOAD C:/App/STM32CubeIDE_1.19.0/STM32CubeIDE/plugins/com.st.stm32cube.ide.mcu.externaltools.gnu-tools-for-stm32.13.3.rel1.win32_1.0.0.202411081344/tools/bin/../lib/gcc/arm-none-eabi/13.3.1/thumb/v7e-m+fp/hard\libgcc.a
LOAD C:/App/STM32CubeIDE_1.19.0/STM32CubeIDE/plugins/com.st.stm32cube.ide.mcu.externaltools.gnu-tools-for-stm32.13.3.rel1.win32_1.0.0.202411081344/tools/bin/../lib/gcc/arm-none-eabi/13.3.1/../../../../arm-none-eabi/lib/thumb/v7e-m+fp/hard\libc_nano.a
END GROUP
START GROUP
LOAD C:/App/STM32CubeIDE_1.19.0/STM32CubeIDE/plugins/com.st.stm32cube.ide.mcu.externaltools.gnu-tools-for-stm32.13.3.rel1.win32_1.0.0.202411081344/tools/bin/../lib/gcc/arm-none-eabi/13.3.1/thumb/v7e-m+fp/hard\libgcc.a
LOAD C:/App/STM32CubeIDE_1.19.0/STM32CubeIDE/plugins/com.st.stm32cube.ide.mcu.externaltools.gnu-tools-for-stm32.13.3.rel1.win32_1.0.0.202411081344/tools/bin/../lib/gcc/arm-none-eabi/13.3.1/../../../../arm-none-eabi/lib/thumb/v7e-m+fp/hard\libc_nano.a
LOAD C:/App/STM32CubeIDE_1.19.0/STM32CubeIDE/plugins/com.st.stm32cube.ide.mcu.externaltools.gnu-tools-for-stm32.13.3.rel1.win32_1.0.0.202411081344/tools/bin/../lib/gcc/arm-none-eabi/13.3.1/../../../../arm-none-eabi/lib/thumb/v7e-m+fp/hard\libnosys.a
END GROUP
START GROUP
LOAD C:/App/STM32CubeIDE_1.19.0/STM32CubeIDE/plugins/com.st.stm32cube.ide.mcu.externaltools.gnu-tools-for-stm32.13.3.rel1.win32_1.0.0.202411081344/tools/bin/../lib/gcc/arm-none-eabi/13.3.1/thumb/v7e-m+fp/hard\libgcc.a
LOAD C:/App/STM32CubeIDE_1.19.0/STM32CubeIDE/plugins/com.st.stm32cube.ide.mcu.externaltools.gnu-tools-for-stm32.13.3.rel1.win32_1.0.0.202411081344/tools/bin/../lib/gcc/arm-none-eabi/13.3.1/../../../../arm-none-eabi/lib/thumb/v7e-m+fp/hard\libc_nano.a
LOAD C:/App/STM32CubeIDE_1.19.0/STM32CubeIDE/plugins/com.st.stm32cube.ide.mcu.externaltools.gnu-tools-for-stm32.13.3.rel1.win32_1.0.0.202411081344/tools/bin/../lib/gcc/arm-none-eabi/13.3.1/../../../../arm-none-eabi/lib/thumb/v7e-m+fp/hard\libnosys.a
END GROUP
LOAD C:/App/STM32CubeIDE_1.19.0/STM32CubeIDE/plugins/com.st.stm32cube.ide.mcu.externaltools.gnu-tools-for-stm32.13.3.rel1.win32_1.0.0.202411081344/tools/bin/../lib/gcc/arm-none-eabi/13.3.1/thumb/v7e-m+fp/hard/crtend.o
LOAD C:/App/STM32CubeIDE_1.19.0/STM32CubeIDE/plugins/com.st.stm32cube.ide.mcu.externaltools.gnu-tools-for-stm32.13.3.rel1.win32_1.0.0.202411081344/tools/bin/../lib/gcc/arm-none-eabi/13.3.1/thumb/v7e-m+fp/hard/crtn.o
                0x20050000                        _estack = 0x20050000
                0x00000200                        _Min_Heap_Size = 0x200
                0x00000600                        _Min_Stack_Size = 0x600

.isr_vector     0x08020000      0x1d8
                0x08020000                        . = ALIGN (0x4)
 *(.isr_vector)
 .isr_vector    0x08020000      0x1d8 ./startup/startup_stm32f413xx.o
                0x08020000                g_pfnVectors
                0x080201d8                        . = ALIGN (0x4)

.text           0x080201e0     0xaaf8
                0x080201e0                        . = ALIGN (0x4)
 *(.text)
 .text          0x080201e0       0x40 C:/App/STM32CubeIDE_1.19.0/STM32CubeIDE/plugins/com.st.stm32cube.ide.mcu.externaltools.gnu-tools-for-stm32.13.3.rel1.win32_1.0.0.202411081344/tools/bin/../lib/gcc/arm-none-eabi/13.3.1/thumb/v7e-m+fp/hard/crtbegin.o
 .text          0x08020220       0xc0 ../Drivers/CMSIS/Lib/GCC\libarm_cortexM4lf_math.a(arm_bitreversal2.o)
                0x08020220                arm_bitreversal_32
                0x0802028a                arm_bitreversal_16
 .text          0x080202e0       0x10 C:/App/STM32CubeIDE_1.19.0/STM32CubeIDE/plugins/com.st.stm32cube.ide.mcu.externaltools.gnu-tools-for-stm32.13.3.rel1.win32_1.0.0.202411081344/tools/bin/../lib/gcc/arm-none-eabi/13.3.1/../../../../arm-none-eabi/lib/thumb/v7e-m+fp/hard\libc_nano.a(libc_a-strlen.o)
                0x080202e0                strlen
 .text          0x080202f0       0xa0 C:/App/STM32CubeIDE_1.19.0/STM32CubeIDE/plugins/com.st.stm32cube.ide.mcu.externaltools.gnu-tools-for-stm32.13.3.rel1.win32_1.0.0.202411081344/tools/bin/../lib/gcc/arm-none-eabi/13.3.1/../../../../arm-none-eabi/lib/thumb/v7e-m+fp/hard\libc_nano.a(libc_a-memchr.o)
                0x080202f0                memchr
 .text          0x08020390      0x378 C:/App/STM32CubeIDE_1.19.0/STM32CubeIDE/plugins/com.st.stm32cube.ide.mcu.externaltools.gnu-tools-for-stm32.13.3.rel1.win32_1.0.0.202411081344/tools/bin/../lib/gcc/arm-none-eabi/13.3.1/thumb/v7e-m+fp/hard\libgcc.a(_arm_addsubdf3.o)
                0x08020390                __aeabi_drsub
                0x08020398                __aeabi_dsub
                0x08020398                __subdf3
                0x0802039c                __aeabi_dadd
                0x0802039c                __adddf3
                0x08020614                __floatunsidf
                0x08020614                __aeabi_ui2d
                0x08020634                __floatsidf
                0x08020634                __aeabi_i2d
                0x08020658                __aeabi_f2d
                0x08020658                __extendsfdf2
                0x0802069c                __floatundidf
                0x0802069c                __aeabi_ul2d
                0x080206ac                __floatdidf
                0x080206ac                __aeabi_l2d
 .text          0x08020708      0x424 C:/App/STM32CubeIDE_1.19.0/STM32CubeIDE/plugins/com.st.stm32cube.ide.mcu.externaltools.gnu-tools-for-stm32.13.3.rel1.win32_1.0.0.202411081344/tools/bin/../lib/gcc/arm-none-eabi/13.3.1/thumb/v7e-m+fp/hard\libgcc.a(_arm_muldivdf3.o)
                0x08020708                __aeabi_dmul
                0x08020708                __muldf3
                0x0802095c                __divdf3
                0x0802095c                __aeabi_ddiv
 .text          0x08020b2c      0x110 C:/App/STM32CubeIDE_1.19.0/STM32CubeIDE/plugins/com.st.stm32cube.ide.mcu.externaltools.gnu-tools-for-stm32.13.3.rel1.win32_1.0.0.202411081344/tools/bin/../lib/gcc/arm-none-eabi/13.3.1/thumb/v7e-m+fp/hard\libgcc.a(_arm_cmpdf2.o)
                0x08020b2c                __gtdf2
                0x08020b2c                __gedf2
                0x08020b34                __ltdf2
                0x08020b34                __ledf2
                0x08020b3c                __nedf2
                0x08020b3c                __eqdf2
                0x08020b3c                __cmpdf2
                0x08020bb8                __aeabi_cdrcmple
                0x08020bc8                __aeabi_cdcmpeq
                0x08020bc8                __aeabi_cdcmple
                0x08020bd8                __aeabi_dcmpeq
                0x08020bec                __aeabi_dcmplt
                0x08020c00                __aeabi_dcmple
                0x08020c14                __aeabi_dcmpge
                0x08020c28                __aeabi_dcmpgt
 .text          0x08020c3c       0x40 C:/App/STM32CubeIDE_1.19.0/STM32CubeIDE/plugins/com.st.stm32cube.ide.mcu.externaltools.gnu-tools-for-stm32.13.3.rel1.win32_1.0.0.202411081344/tools/bin/../lib/gcc/arm-none-eabi/13.3.1/thumb/v7e-m+fp/hard\libgcc.a(_arm_fixunsdfsi.o)
                0x08020c3c                __aeabi_d2uiz
                0x08020c3c                __fixunsdfsi
 .text          0x08020c7c       0xa0 C:/App/STM32CubeIDE_1.19.0/STM32CubeIDE/plugins/com.st.stm32cube.ide.mcu.externaltools.gnu-tools-for-stm32.13.3.rel1.win32_1.0.0.202411081344/tools/bin/../lib/gcc/arm-none-eabi/13.3.1/thumb/v7e-m+fp/hard\libgcc.a(_arm_truncdfsf2.o)
                0x08020c7c                __truncdfsf2
                0x08020c7c                __aeabi_d2f
 .text          0x08020d1c       0x30 C:/App/STM32CubeIDE_1.19.0/STM32CubeIDE/plugins/com.st.stm32cube.ide.mcu.externaltools.gnu-tools-for-stm32.13.3.rel1.win32_1.0.0.202411081344/tools/bin/../lib/gcc/arm-none-eabi/13.3.1/thumb/v7e-m+fp/hard\libgcc.a(_aeabi_uldivmod.o)
                0x08020d1c                __aeabi_uldivmod
 .text          0x08020d4c      0x2f8 C:/App/STM32CubeIDE_1.19.0/STM32CubeIDE/plugins/com.st.stm32cube.ide.mcu.externaltools.gnu-tools-for-stm32.13.3.rel1.win32_1.0.0.202411081344/tools/bin/../lib/gcc/arm-none-eabi/13.3.1/thumb/v7e-m+fp/hard\libgcc.a(_udivmoddi4.o)
                0x08020d4c                __udivmoddi4
 .text          0x08021044        0x4 C:/App/STM32CubeIDE_1.19.0/STM32CubeIDE/plugins/com.st.stm32cube.ide.mcu.externaltools.gnu-tools-for-stm32.13.3.rel1.win32_1.0.0.202411081344/tools/bin/../lib/gcc/arm-none-eabi/13.3.1/thumb/v7e-m+fp/hard\libgcc.a(_dvmd_tls.o)
                0x08021044                __aeabi_idiv0
                0x08021044                __aeabi_ldiv0
 *(.text*)
 .text.HAL_InitTick
                0x08021048       0x44 ./Drivers/STM32F4xx_HAL_Driver/Src/stm32f4xx_hal.o
                0x08021048                HAL_InitTick
 .text.HAL_Init
                0x0802108c       0x34 ./Drivers/STM32F4xx_HAL_Driver/Src/stm32f4xx_hal.o
                0x0802108c                HAL_Init
 .text.HAL_IncTick
                0x080210c0       0x18 ./Drivers/STM32F4xx_HAL_Driver/Src/stm32f4xx_hal.o
                0x080210c0                HAL_IncTick
 .text.HAL_GetTick
                0x080210d8        0xc ./Drivers/STM32F4xx_HAL_Driver/Src/stm32f4xx_hal.o
                0x080210d8                HAL_GetTick
 .text.HAL_Delay
                0x080210e4       0x24 ./Drivers/STM32F4xx_HAL_Driver/Src/stm32f4xx_hal.o
                0x080210e4                HAL_Delay
 .text.HAL_GetUIDw0
                0x08021108        0xc ./Drivers/STM32F4xx_HAL_Driver/Src/stm32f4xx_hal.o
                0x08021108                HAL_GetUIDw0
 .text.HAL_GetUIDw1
                0x08021114        0xc ./Drivers/STM32F4xx_HAL_Driver/Src/stm32f4xx_hal.o
                0x08021114                HAL_GetUIDw1
 .text.HAL_GetUIDw2
                0x08021120        0xc ./Drivers/STM32F4xx_HAL_Driver/Src/stm32f4xx_hal.o
                0x08021120                HAL_GetUIDw2
 .text.HAL_ADC_Init
                0x0802112c      0x158 ./Drivers/STM32F4xx_HAL_Driver/Src/stm32f4xx_hal_adc.o
                0x0802112c                HAL_ADC_Init
 .text.HAL_ADC_Start_IT
                0x08021284       0xdc ./Drivers/STM32F4xx_HAL_Driver/Src/stm32f4xx_hal_adc.o
                0x08021284                HAL_ADC_Start_IT
 .text.HAL_ADC_GetValue
                0x08021360        0x8 ./Drivers/STM32F4xx_HAL_Driver/Src/stm32f4xx_hal_adc.o
                0x08021360                HAL_ADC_GetValue
 .text.HAL_ADC_LevelOutOfWindowCallback
                0x08021368        0x4 ./Drivers/STM32F4xx_HAL_Driver/Src/stm32f4xx_hal_adc.o
                0x08021368                HAL_ADC_LevelOutOfWindowCallback
 .text.HAL_ADC_ErrorCallback
                0x0802136c        0x4 ./Drivers/STM32F4xx_HAL_Driver/Src/stm32f4xx_hal_adc.o
                0x0802136c                HAL_ADC_ErrorCallback
 .text.HAL_ADC_IRQHandler
                0x08021370      0x12c ./Drivers/STM32F4xx_HAL_Driver/Src/stm32f4xx_hal_adc.o
                0x08021370                HAL_ADC_IRQHandler
 .text.HAL_ADC_ConfigChannel
                0x0802149c      0x16c ./Drivers/STM32F4xx_HAL_Driver/Src/stm32f4xx_hal_adc.o
                0x0802149c                HAL_ADC_ConfigChannel
 .text.HAL_ADCEx_InjectedConvCpltCallback
                0x08021608        0x4 ./Drivers/STM32F4xx_HAL_Driver/Src/stm32f4xx_hal_adc_ex.o
                0x08021608                HAL_ADCEx_InjectedConvCpltCallback
 .text.HAL_NVIC_SetPriorityGrouping
                0x0802160c       0x24 ./Drivers/STM32F4xx_HAL_Driver/Src/stm32f4xx_hal_cortex.o
                0x0802160c                HAL_NVIC_SetPriorityGrouping
 .text.HAL_NVIC_SetPriority
                0x08021630       0x78 ./Drivers/STM32F4xx_HAL_Driver/Src/stm32f4xx_hal_cortex.o
                0x08021630                HAL_NVIC_SetPriority
 .text.HAL_NVIC_EnableIRQ
                0x080216a8       0x1c ./Drivers/STM32F4xx_HAL_Driver/Src/stm32f4xx_hal_cortex.o
                0x080216a8                HAL_NVIC_EnableIRQ
 .text.HAL_NVIC_DisableIRQ
                0x080216c4       0x24 ./Drivers/STM32F4xx_HAL_Driver/Src/stm32f4xx_hal_cortex.o
                0x080216c4                HAL_NVIC_DisableIRQ
 .text.HAL_NVIC_SystemReset
                0x080216e8       0x24 ./Drivers/STM32F4xx_HAL_Driver/Src/stm32f4xx_hal_cortex.o
                0x080216e8                HAL_NVIC_SystemReset
 .text.HAL_SYSTICK_Config
                0x0802170c       0x34 ./Drivers/STM32F4xx_HAL_Driver/Src/stm32f4xx_hal_cortex.o
                0x0802170c                HAL_SYSTICK_Config
 .text.HAL_DMA_Init
                0x08021740      0x128 ./Drivers/STM32F4xx_HAL_Driver/Src/stm32f4xx_hal_dma.o
                0x08021740                HAL_DMA_Init
 .text.HAL_DMA_Start_IT
                0x08021868       0x80 ./Drivers/STM32F4xx_HAL_Driver/Src/stm32f4xx_hal_dma.o
                0x08021868                HAL_DMA_Start_IT
 .text.HAL_DMA_Abort_IT
                0x080218e8       0x24 ./Drivers/STM32F4xx_HAL_Driver/Src/stm32f4xx_hal_dma.o
                0x080218e8                HAL_DMA_Abort_IT
 .text.HAL_DMA_IRQHandler
                0x0802190c      0x1ac ./Drivers/STM32F4xx_HAL_Driver/Src/stm32f4xx_hal_dma.o
                0x0802190c                HAL_DMA_IRQHandler
 .text.FLASH_SetErrorCode
                0x08021ab8       0x90 ./Drivers/STM32F4xx_HAL_Driver/Src/stm32f4xx_hal_flash.o
 .text.HAL_FLASH_Program
                0x08021b48      0x140 ./Drivers/STM32F4xx_HAL_Driver/Src/stm32f4xx_hal_flash.o
                0x08021b48                HAL_FLASH_Program
 .text.FLASH_Erase_Sector
                0x08021c88       0x3c ./Drivers/STM32F4xx_HAL_Driver/Src/stm32f4xx_hal_flash_ex.o
                0x08021c88                FLASH_Erase_Sector
 .text.HAL_GPIO_Init
                0x08021cc4      0x394 ./Drivers/STM32F4xx_HAL_Driver/Src/stm32f4xx_hal_gpio.o
                0x08021cc4                HAL_GPIO_Init
 .text.HAL_GPIO_WritePin
                0x08022058        0x8 ./Drivers/STM32F4xx_HAL_Driver/Src/stm32f4xx_hal_gpio.o
                0x08022058                HAL_GPIO_WritePin
 .text.HAL_GPIO_TogglePin
                0x08022060       0x10 ./Drivers/STM32F4xx_HAL_Driver/Src/stm32f4xx_hal_gpio.o
                0x08022060                HAL_GPIO_TogglePin
 .text.HAL_RCC_GetSysClockFreq
                0x08022070       0x68 ./Drivers/STM32F4xx_HAL_Driver/Src/stm32f4xx_hal_rcc.o
                0x08022070                HAL_RCC_GetSysClockFreq
 .text.HAL_RCC_ClockConfig
                0x080220d8      0x134 ./Drivers/STM32F4xx_HAL_Driver/Src/stm32f4xx_hal_rcc.o
                0x080220d8                HAL_RCC_ClockConfig
 .text.HAL_RCC_GetPCLK1Freq
                0x0802220c       0x20 ./Drivers/STM32F4xx_HAL_Driver/Src/stm32f4xx_hal_rcc.o
                0x0802220c                HAL_RCC_GetPCLK1Freq
 .text.HAL_RCC_GetPCLK2Freq
                0x0802222c       0x20 ./Drivers/STM32F4xx_HAL_Driver/Src/stm32f4xx_hal_rcc.o
                0x0802222c                HAL_RCC_GetPCLK2Freq
 .text.HAL_RCC_OscConfig
                0x0802224c      0x36c ./Drivers/STM32F4xx_HAL_Driver/Src/stm32f4xx_hal_rcc_ex.o
                0x0802224c                HAL_RCC_OscConfig
 .text.SPI_EndRxTxTransaction
                0x080225b8       0xcc ./Drivers/STM32F4xx_HAL_Driver/Src/stm32f4xx_hal_spi.o
 .text.HAL_SPI_Init
                0x08022684       0x80 ./Drivers/STM32F4xx_HAL_Driver/Src/stm32f4xx_hal_spi.o
                0x08022684                HAL_SPI_Init
 .text.HAL_SPI_Transmit
                0x08022704      0x1f8 ./Drivers/STM32F4xx_HAL_Driver/Src/stm32f4xx_hal_spi.o
                0x08022704                HAL_SPI_Transmit
 .text.HAL_SPI_TransmitReceive
                0x080228fc      0x2bc ./Drivers/STM32F4xx_HAL_Driver/Src/stm32f4xx_hal_spi.o
                0x080228fc                HAL_SPI_TransmitReceive
 .text.HAL_SPI_Receive
                0x08022bb8      0x2a8 ./Drivers/STM32F4xx_HAL_Driver/Src/stm32f4xx_hal_spi.o
                0x08022bb8                HAL_SPI_Receive
 .text.HAL_SPI_ErrorCallback
                0x08022e60        0x4 ./Drivers/STM32F4xx_HAL_Driver/Src/stm32f4xx_hal_spi.o
                0x08022e60                HAL_SPI_ErrorCallback
 .text.HAL_SPI_IRQHandler
                0x08022e64      0x150 ./Drivers/STM32F4xx_HAL_Driver/Src/stm32f4xx_hal_spi.o
                0x08022e64                HAL_SPI_IRQHandler
 .text.SPI_DMAAbortOnError
                0x08022fb4       0x10 ./Drivers/STM32F4xx_HAL_Driver/Src/stm32f4xx_hal_spi.o
 .text.HAL_TIM_Base_Init
                0x08022fc4       0xf8 ./Drivers/STM32F4xx_HAL_Driver/Src/stm32f4xx_hal_tim.o
                0x08022fc4                HAL_TIM_Base_Init
 .text.HAL_TIM_Base_Start_IT
                0x080230bc       0x20 ./Drivers/STM32F4xx_HAL_Driver/Src/stm32f4xx_hal_tim.o
                0x080230bc                HAL_TIM_Base_Start_IT
 .text.UART_SetConfig
                0x080230dc      0x2c0 ./Drivers/STM32F4xx_HAL_Driver/Src/stm32f4xx_hal_uart.o
 .text.HAL_UART_Init
                0x0802339c       0x60 ./Drivers/STM32F4xx_HAL_Driver/Src/stm32f4xx_hal_uart.o
                0x0802339c                HAL_UART_Init
 .text.HAL_UART_Transmit_DMA
                0x080233fc       0x78 ./Drivers/STM32F4xx_HAL_Driver/Src/stm32f4xx_hal_uart.o
                0x080233fc                HAL_UART_Transmit_DMA
 .text.UART_DMATransmitCplt
                0x08023474       0x2c ./Drivers/STM32F4xx_HAL_Driver/Src/stm32f4xx_hal_uart.o
 .text.HAL_UART_TxHalfCpltCallback
                0x080234a0        0x4 ./Drivers/STM32F4xx_HAL_Driver/Src/stm32f4xx_hal_uart.o
                0x080234a0                HAL_UART_TxHalfCpltCallback
 .text.UART_DMATxHalfCplt
                0x080234a4        0xc ./Drivers/STM32F4xx_HAL_Driver/Src/stm32f4xx_hal_uart.o
 .text.HAL_UART_RxCpltCallback
                0x080234b0        0x4 ./Drivers/STM32F4xx_HAL_Driver/Src/stm32f4xx_hal_uart.o
                0x080234b0                HAL_UART_RxCpltCallback
 .text.UART_Receive_IT.part.0.isra.0
                0x080234b4       0x6c ./Drivers/STM32F4xx_HAL_Driver/Src/stm32f4xx_hal_uart.o
 .text.HAL_UART_ErrorCallback
                0x08023520        0x4 ./Drivers/STM32F4xx_HAL_Driver/Src/stm32f4xx_hal_uart.o
                0x08023520                HAL_UART_ErrorCallback
 .text.UART_DMAError
                0x08023524       0x68 ./Drivers/STM32F4xx_HAL_Driver/Src/stm32f4xx_hal_uart.o
 .text.HAL_UART_IRQHandler
                0x0802358c      0x1a8 ./Drivers/STM32F4xx_HAL_Driver/Src/stm32f4xx_hal_uart.o
                0x0802358c                HAL_UART_IRQHandler
 .text.UART_DMAAbortOnError
                0x08023734       0x10 ./Drivers/STM32F4xx_HAL_Driver/Src/stm32f4xx_hal_uart.o
 .text.ModbusMath_ACQStart_Write
                0x08023744       0x18 ./Src/App/ModbusMath/ModbusMath.o
                0x08023744                ModbusMath_ACQStart_Write
 .text.ModbusMath_MaxMin_Start
                0x0802375c       0x14 ./Src/App/ModbusMath/ModbusMath_MaxMin.o
                0x0802375c                ModbusMath_MaxMin_Start
 .text.ModbusMath_MaxMin_Stop
                0x08023770        0xc ./Src/App/ModbusMath/ModbusMath_MaxMin.o
                0x08023770                ModbusMath_MaxMin_Stop
 .text.ACQ_getRandom
                0x0802377c       0x10 ./Src/App/acquisition_lf.o
                0x0802377c                ACQ_getRandom
 .text.ACQ_Init
                0x0802378c       0xb4 ./Src/App/acquisition_lf.o
                0x0802378c                ACQ_Init
 .text.ACQ_Start
                0x08023840       0x38 ./Src/App/acquisition_lf.o
                0x08023840                ACQ_Start
 .text.ACQ_Stop
                0x08023878       0x38 ./Src/App/acquisition_lf.o
                0x08023878                ACQ_Stop
 .text.ACQ_SampleAppend
                0x080238b0      0x3bc ./Src/App/acquisition_lf.o
                0x080238b0                ACQ_SampleAppend
 .text.ACQ_DoJob
                0x08023c6c       0x20 ./Src/App/acquisition_lf.o
                0x08023c6c                ACQ_DoJob
 .text.ACQ_GetSamples
                0x08023c8c      0x1b8 ./Src/App/acquisition_lf.o
                0x08023c8c                ACQ_GetSamples
 .text.ACQ_clearOverFlow
                0x08023e44        0xc ./Src/App/acquisition_lf.o
                0x08023e44                ACQ_clearOverFlow
 .text.__NVIC_SystemReset
                0x08023e50       0x24 ./Src/App/comm_app.o
 .text.handler_calibration
                0x08023e74       0x20 ./Src/App/comm_app.o
 .text.ota_body
                0x08023e94       0x18 ./Src/App/comm_app.o
 .text.handler_setID
                0x08023eac      0x130 ./Src/App/comm_app.o
 .text.handler_setConfig
                0x08023fdc      0x2b0 ./Src/App/comm_app.o
 .text.handler_getConfig
                0x0802428c      0x1f0 ./Src/App/comm_app.o
 .text.swap_t   0x0802447c       0xa8 ./Src/App/comm_app.o
                0x0802447c                swap_t
 .text.handler_getStatus
                0x08024524       0x64 ./Src/App/comm_app.o
 .text.handler_reset
                0x08024588       0xd8 ./Src/App/comm_app.o
 .text.handler_stopAcq
                0x08024660       0x68 ./Src/App/comm_app.o
 .text.handler_getData
                0x080246c8       0x8c ./Src/App/comm_app.o
 .text.handler_getAddrMac
                0x08024754       0xdc ./Src/App/comm_app.o
 .text.handler_starAcq
                0x08024830       0xd0 ./Src/App/comm_app.o
 .text.handler_setSpeed
                0x08024900      0x2f0 ./Src/App/comm_app.o
 .text.Comm_Process
                0x08024bf0      0x22c ./Src/App/comm_app.o
                0x08024bf0                Comm_Process
 .text.Comm_ModbusMath
                0x08024e1c       0x30 ./Src/App/comm_app.o
                0x08024e1c                Comm_ModbusMath
 .text.Comm_Modbus_MaxSampleAtOnce
                0x08024e4c        0x8 ./Src/App/comm_app.o
                0x08024e4c                Comm_Modbus_MaxSampleAtOnce
 .text.CommLink_SendData
                0x08024e54      0x108 ./Src/App/comm_link.o
                0x08024e54                CommLink_SendData
 .text.CommLink_Init
                0x08024f5c       0x38 ./Src/App/comm_link.o
                0x08024f5c                CommLink_Init
 .text.CommLink_Process
                0x08024f94      0x164 ./Src/App/comm_link.o
                0x08024f94                CommLink_Process
 .text.CommLink_GetPrtDataFrame
                0x080250f8        0x8 ./Src/App/comm_link.o
                0x080250f8                CommLink_GetPrtDataFrame
 .text.CommLink_GetDataSize
                0x08025100       0x10 ./Src/App/comm_link.o
                0x08025100                CommLink_GetDataSize
 .text.CommLink_GetAddr
                0x08025110        0xc ./Src/App/comm_link.o
                0x08025110                CommLink_GetAddr
 .text.CommLink_GetCommand
                0x0802511c        0xc ./Src/App/comm_link.o
                0x0802511c                CommLink_GetCommand
 .text.CalCrc16
                0x08025128       0x38 ./Src/App/crc16.o
                0x08025128                CalCrc16
 .text.getEstimates
                0x08025160       0x24 ./Src/App/estimates_calc.o
                0x08025160                getEstimates
 .text.calculateEstimates
                0x08025184       0x4c ./Src/App/estimates_calc.o
                0x08025184                calculateEstimates
 .text.GetMACAddress
                0x080251d0       0x28 ./Src/Drivers/MacAddress.o
                0x080251d0                GetMACAddress
 .text.adxl_read
                0x080251f8       0x84 ./Src/Drivers/adxl.o
                0x080251f8                adxl_read
 .text.adxl_read_fast
                0x0802527c       0x7c ./Src/Drivers/adxl.o
                0x0802527c                adxl_read_fast
 .text.adxl_Init
                0x080252f8       0x68 ./Src/Drivers/adxl.o
                0x080252f8                adxl_Init
 .text.adxl_GetAxisData_fast
                0x08025360        0x8 ./Src/Drivers/adxl.o
                0x08025360                adxl_GetAxisData_fast
 .text.adxl_GetAxisData
                0x08025368       0x70 ./Src/Drivers/adxl.o
                0x08025368                adxl_GetAxisData
 .text.Get_Speed
                0x080253d8       0x94 ./Src/Drivers/board.o
                0x080253d8                Get_Speed
 .text.Error_Handler
                0x0802546c       0x10 ./Src/Drivers/board.o
                0x0802546c                Error_Handler
 *fill*         0x0802547c        0x4 
 .text.SystemClock_Config
                0x08025480       0xa8 ./Src/Drivers/board.o
                0x08025480                SystemClock_Config
 .text.LED_green_Toggle
                0x08025528       0x10 ./Src/Drivers/gpio_lf.o
                0x08025528                LED_green_Toggle
 .text.LED_red_Toggle
                0x08025538       0x10 ./Src/Drivers/gpio_lf.o
                0x08025538                LED_red_Toggle
 .text.GPIO_Init
                0x08025548       0xc4 ./Src/Drivers/gpio_lf.o
                0x08025548                GPIO_Init
 .text.EXTI3_IRQHandler
                0x0802560c       0x24 ./Src/Drivers/gpio_lf.o
                0x0802560c                EXTI3_IRQHandler
 .text.RS485_RX_SleepDone
                0x08025630       0x18 ./Src/Drivers/rs485.o
                0x08025630                RS485_RX_SleepDone
 .text.flushSLSBuffer
                0x08025648       0x10 ./Src/Drivers/rs485.o
                0x08025648                flushSLSBuffer
 .text.RS485_Send
                0x08025658       0x44 ./Src/Drivers/rs485.o
                0x08025658                RS485_Send
 .text.RS485_TransmitOn
                0x0802569c       0x48 ./Src/Drivers/rs485.o
                0x0802569c                RS485_TransmitOn
 .text.RS485_TransmitOff
                0x080256e4       0x58 ./Src/Drivers/rs485.o
                0x080256e4                RS485_TransmitOff
 .text.RS485_Clear
                0x0802573c       0x10 ./Src/Drivers/rs485.o
                0x0802573c                RS485_Clear
 .text.RS485_GetByte
                0x0802574c       0x3c ./Src/Drivers/rs485.o
                0x0802574c                RS485_GetByte
 .text.FAST_UART_RX_Start
                0x08025788       0x34 ./Src/Drivers/rs485.o
                0x08025788                FAST_UART_RX_Start
 .text.USART1_IRQHandler
                0x080257bc       0xb4 ./Src/Drivers/rs485.o
                0x080257bc                USART1_IRQHandler
 .text.RS485_Init
                0x08025870      0x3bc ./Src/Drivers/rs485.o
                0x08025870                RS485_Init
 .text.SPI1_Init
                0x08025c2c       0x44 ./Src/Drivers/spi.o
                0x08025c2c                SPI1_Init
 .text.HAL_SPI_MspInit
                0x08025c70       0x98 ./Src/Drivers/spi.o
                0x08025c70                HAL_SPI_MspInit
 .text.SPI1_IRQHandler
                0x08025d08        0xc ./Src/Drivers/spi.o
                0x08025d08                SPI1_IRQHandler
 .text.HAL_ADC_MspInit
                0x08025d14       0x40 ./Src/Drivers/temp.o
                0x08025d14                HAL_ADC_MspInit
 *fill*         0x08025d54        0x4 
 .text.ADC_Temp_Init
                0x08025d58       0x88 ./Src/Drivers/temp.o
                0x08025d58                ADC_Temp_Init
 .text.Temp_SampleMake
                0x08025de0        0xc ./Src/Drivers/temp.o
                0x08025de0                Temp_SampleMake
 .text.Temp_SampleGet
                0x08025dec       0x40 ./Src/Drivers/temp.o
                0x08025dec                Temp_SampleGet
 .text.ADC_IRQHandler
                0x08025e2c        0xc ./Src/Drivers/temp.o
                0x08025e2c                ADC_IRQHandler
 .text.HAL_ADC_ConvCpltCallback
                0x08025e38       0x60 ./Src/Drivers/temp.o
                0x08025e38                HAL_ADC_ConvCpltCallback
 .text.TimerTemperature_Start
                0x08025e98        0xc ./Src/Drivers/timers.o
                0x08025e98                TimerTemperature_Start
 .text.TIMER_AcqSample_Init
                0x08025ea4        0x4 ./Src/Drivers/timers.o
                0x08025ea4                TIMER_AcqSample_Init
 .text.TIMER_TempSample_Init
                0x08025ea8       0x3c ./Src/Drivers/timers.o
                0x08025ea8                TIMER_TempSample_Init
 .text.TIMER_Sleep_Init
                0x08025ee4       0x3c ./Src/Drivers/timers.o
                0x08025ee4                TIMER_Sleep_Init
 .text.HAL_TIM_Base_MspInit
                0x08025f20       0xb8 ./Src/Drivers/timers.o
                0x08025f20                HAL_TIM_Base_MspInit
 .text.TIM1_UP_TIM10_IRQHandler
                0x08025fd8       0x50 ./Src/Drivers/timers.o
                0x08025fd8                TIM1_UP_TIM10_IRQHandler
 .text.TIM7_IRQHandler
                0x08026028       0x1c ./Src/Drivers/timers.o
                0x08026028                TIM7_IRQHandler
 .text.TIM1_BRK_TIM9_IRQHandler
                0x08026044       0x20 ./Src/Drivers/timers.o
                0x08026044                TIM1_BRK_TIM9_IRQHandler
 .text.FD_PP_RMS_VRMS10_fs4000_nFFF4096_T1s
                0x08026064      0x624 ./Src/Estimates_Lib/FD_PP_RMS_VRMS10_fs4000_nFFF4096_T1s.o
                0x08026064                FD_PP_RMS_VRMS10_fs4000_nFFF4096_T1s
 .text.mw_cmsis_fft_do_real
                0x08026688       0x60 ./Src/Estimates_Lib/MW_CMSIS_fft.o
                0x08026688                mw_cmsis_fft_do_real
 .text.rtIsNaNF
                0x080266e8        0x4 ./Src/Estimates_Lib/rt_nonfinite.o
                0x080266e8                rtIsNaNF
 .text.Flash_Error
                0x080266ec       0x24 ./Src/Memory/flash_handler.o
 .text.Flash_Write
                0x08026710       0xac ./Src/Memory/flash_handler.o
 .text.Flash_Erese_Internal
                0x080267bc       0x8c ./Src/Memory/flash_handler.o
 .text.Flash_Init
                0x08026848       0xbc ./Src/Memory/flash_handler.o
                0x08026848                Flash_Init
 .text.Memory_LL_Clear
                0x08026904       0xb0 ./Src/Memory/flash_handler.o
                0x08026904                Memory_LL_Clear
 .text.Memory_LL_Save
                0x080269b4       0xd8 ./Src/Memory/flash_handler.o
                0x080269b4                Memory_LL_Save
 .text.Memory_LL_Read
                0x08026a8c       0x78 ./Src/Memory/flash_handler.o
                0x08026a8c                Memory_LL_Read
 .text.Memory_MakeDefaultConfig
                0x08026b04       0xf8 ./Src/Memory/memory.o
                0x08026b04                Memory_MakeDefaultConfig
 .text.Memory_Init
                0x08026bfc      0x344 ./Src/Memory/memory.o
                0x08026bfc                Memory_Init
 .text.Memory_SaveConfig
                0x08026f40       0x68 ./Src/Memory/memory.o
                0x08026f40                Memory_SaveConfig
 .text.Memory_TakeConfig
                0x08026fa8       0x20 ./Src/Memory/memory.o
                0x08026fa8                Memory_TakeConfig
 .text.Memory_ShowConfig
                0x08026fc8      0x210 ./Src/Memory/memory.o
                0x08026fc8                Memory_ShowConfig
 .text.modbusRTU_loop
                0x080271d8      0x3a8 ./Src/Modbus/ModbusRTU.o
                0x080271d8                modbusRTU_loop
 .text.modbusRTU_init
                0x08027580       0x38 ./Src/Modbus/ModbusRTU.o
                0x08027580                modbusRTU_init
 .text.modbusRTU_sendMessage
                0x080275b8      0x13c ./Src/Modbus/ModbusRTU.o
                0x080275b8                modbusRTU_sendMessage
 .text.modbusRTU_getChar
                0x080276f4       0xdc ./Src/Modbus/ModbusRTU.o
                0x080276f4                modbusRTU_getChar
 .text.modbusRTU_BufferFlush
                0x080277d0       0x1c ./Src/Modbus/ModbusRTU.o
                0x080277d0                modbusRTU_BufferFlush
 .text._modbusRTUFCallbacks_registersStructureRead
                0x080277ec       0xcc ./Src/Modbus/ModbusRTU_FunctionCallbacks.o
                0x080277ec                _modbusRTUFCallbacks_registersStructureRead
 .text._modbusRTUFCallbacks_registersStructureWrite
                0x080278b8       0x88 ./Src/Modbus/ModbusRTU_FunctionCallbacks.o
                0x080278b8                _modbusRTUFCallbacks_registersStructureWrite
 .text.modbusRTUFCallbacks_readCoils
                0x08027940      0x10c ./Src/Modbus/ModbusRTU_FunctionCallbacks.o
                0x08027940                modbusRTUFCallbacks_readCoils
 .text.modbusRTUFCallbacks_writeCoil
                0x08027a4c       0xf8 ./Src/Modbus/ModbusRTU_FunctionCallbacks.o
                0x08027a4c                modbusRTUFCallbacks_writeCoil
 .text.modbusRTUFCallbacks_readRegisters
                0x08027b44       0x90 ./Src/Modbus/ModbusRTU_FunctionCallbacks.o
                0x08027b44                modbusRTUFCallbacks_readRegisters
 .text.modbusRTUFCallbacks_writeRegisters
                0x08027bd4       0x9c ./Src/Modbus/ModbusRTU_FunctionCallbacks.o
                0x08027bd4                modbusRTUFCallbacks_writeRegisters
 .text.ModbusRTUCRC
                0x08027c70       0x20 ./Src/Modbus/ModbusRTU_crc.o
                0x08027c70                ModbusRTUCRC
 .text.__NVIC_SystemReset
                0x08027c90       0x24 ./Src/OTC/otc_core.o
 .text.OTC_Body
                0x08027cb4      0x168 ./Src/OTC/otc_core.o
                0x08027cb4                OTC_Body
 .text.OTC_RegisterResponseHandler
                0x08027e1c        0xc ./Src/OTC/otc_core.o
                0x08027e1c                OTC_RegisterResponseHandler
 .text.OTC_Flash_Error
                0x08027e28       0x24 ./Src/OTC/otc_flash.o
 .text.OTC_Erese_Internal
                0x08027e4c       0x9c ./Src/OTC/otc_flash.o
                0x08027e4c                OTC_Erese_Internal
 .text.OTC_Read
                0x08027ee8       0x74 ./Src/OTC/otc_flash.o
                0x08027ee8                OTC_Read
 .text.OTC_Write
                0x08027f5c       0xac ./Src/OTC/otc_flash.o
                0x08027f5c                OTC_Write
 .text.enum2str
                0x08028008       0x20 ./Src/debug.o
                0x08028008                enum2str
 .text.LOG_fprintf
                0x08028028      0x16c ./Src/debug.o
                0x08028028                LOG_fprintf
 .text.UART7_Init
                0x08028194       0xcc ./Src/debug.o
                0x08028194                UART7_Init
 .text.HAL_UART_TxCpltCallback
                0x08028260       0x58 ./Src/debug.o
                0x08028260                HAL_UART_TxCpltCallback
 .text.UART7_IRQHandler
                0x080282b8        0xc ./Src/debug.o
                0x080282b8                UART7_IRQHandler
 .text.DMA1_Stream1_IRQHandler
                0x080282c4        0xc ./Src/debug.o
                0x080282c4                DMA1_Stream1_IRQHandler
 .text.startup.main
                0x080282d0      0x150 ./Src/main.o
                0x080282d0                main
 .text.HAL_MspInit
                0x08028420       0x38 ./Src/stm32f4xx_hal_msp.o
                0x08028420                HAL_MspInit
 .text.HAL_UART_MspInit
                0x08028458       0xf4 ./Src/stm32f4xx_hal_msp.o
                0x08028458                HAL_UART_MspInit
 .text.NMI_Handler
                0x0802854c        0x4 ./Src/stm32f4xx_it.o
                0x0802854c                NMI_Handler
 .text.HardFault_Handler
                0x08028550        0x4 ./Src/stm32f4xx_it.o
                0x08028550                HardFault_Handler
 .text.MemManage_Handler
                0x08028554        0x4 ./Src/stm32f4xx_it.o
                0x08028554                MemManage_Handler
 .text.BusFault_Handler
                0x08028558        0x4 ./Src/stm32f4xx_it.o
                0x08028558                BusFault_Handler
 .text.UsageFault_Handler
                0x0802855c        0x4 ./Src/stm32f4xx_it.o
                0x0802855c                UsageFault_Handler
 .text.SVC_Handler
                0x08028560        0x4 ./Src/stm32f4xx_it.o
                0x08028560                SVC_Handler
 .text.DebugMon_Handler
                0x08028564        0x4 ./Src/stm32f4xx_it.o
                0x08028564                DebugMon_Handler
 .text.PendSV_Handler
                0x08028568        0x4 ./Src/stm32f4xx_it.o
                0x08028568                PendSV_Handler
 .text.SysTick_Handler
                0x0802856c        0x4 ./Src/stm32f4xx_it.o
                0x0802856c                SysTick_Handler
 .text._getpid  0x08028570        0x4 ./Src/syscalls.o
                0x08028570                _getpid
 .text._kill    0x08028574       0x10 ./Src/syscalls.o
                0x08028574                _kill
 .text._exit    0x08028584        0xc ./Src/syscalls.o
                0x08028584                _exit
 .text._read    0x08028590       0x1c ./Src/syscalls.o
                0x08028590                _read
 .text._write   0x080285ac       0x1c ./Src/syscalls.o
                0x080285ac                _write
 .text._sbrk    0x080285c8       0x38 ./Src/syscalls.o
                0x080285c8                _sbrk
 .text._close   0x08028600        0x8 ./Src/syscalls.o
                0x08028600                _close
 .text._fstat   0x08028608        0xc ./Src/syscalls.o
                0x08028608                _fstat
 .text._isatty  0x08028614        0x4 ./Src/syscalls.o
                0x08028614                _isatty
 .text._lseek   0x08028618        0x4 ./Src/syscalls.o
                0x08028618                _lseek
 .text.SystemInit
                0x0802861c       0x58 ./Src/system_stm32f4xx.o
                0x0802861c                SystemInit
 .text.Reset_Handler
                0x08028674       0x50 ./startup/startup_stm32f413xx.o
                0x08028674                Reset_Handler
 .text.Default_Handler
                0x080286c4        0x2 ./startup/startup_stm32f413xx.o
                0x080286c4                RTC_Alarm_IRQHandler
                0x080286c4                EXTI2_IRQHandler
                0x080286c4                TIM8_CC_IRQHandler
                0x080286c4                UART8_IRQHandler
                0x080286c4                FMPI2C1_EV_IRQHandler
                0x080286c4                SPI4_IRQHandler
                0x080286c4                TIM1_CC_IRQHandler
                0x080286c4                DMA2_Stream5_IRQHandler
                0x080286c4                DMA1_Stream5_IRQHandler
                0x080286c4                CAN3_RX1_IRQHandler
                0x080286c4                PVD_IRQHandler
                0x080286c4                SDIO_IRQHandler
                0x080286c4                TAMP_STAMP_IRQHandler
                0x080286c4                CAN2_RX1_IRQHandler
                0x080286c4                TIM8_TRG_COM_TIM14_IRQHandler
                0x080286c4                DFSDM1_FLT1_IRQHandler
                0x080286c4                TIM8_UP_TIM13_IRQHandler
                0x080286c4                I2C3_ER_IRQHandler
                0x080286c4                EXTI0_IRQHandler
                0x080286c4                I2C2_EV_IRQHandler
                0x080286c4                DMA1_Stream2_IRQHandler
                0x080286c4                CAN1_RX0_IRQHandler
                0x080286c4                FPU_IRQHandler
                0x080286c4                CAN3_SCE_IRQHandler
                0x080286c4                CAN2_SCE_IRQHandler
                0x080286c4                DMA2_Stream2_IRQHandler
                0x080286c4                TIM6_DAC_IRQHandler
                0x080286c4                CAN2_RX0_IRQHandler
                0x080286c4                DMA2_Stream3_IRQHandler
                0x080286c4                USART6_IRQHandler
                0x080286c4                CAN3_RX0_IRQHandler
                0x080286c4                USART3_IRQHandler
                0x080286c4                DFSDM2_FLT3_IRQHandler
                0x080286c4                CAN1_RX1_IRQHandler
                0x080286c4                UART5_IRQHandler
                0x080286c4                DMA2_Stream0_IRQHandler
                0x080286c4                TIM4_IRQHandler
                0x080286c4                QUADSPI_IRQHandler
                0x080286c4                I2C1_EV_IRQHandler
                0x080286c4                DMA1_Stream6_IRQHandler
                0x080286c4                UART4_IRQHandler
                0x080286c4                TIM3_IRQHandler
                0x080286c4                RCC_IRQHandler
                0x080286c4                UART9_IRQHandler
                0x080286c4                TIM8_BRK_TIM12_IRQHandler
                0x080286c4                Default_Handler
                0x080286c4                EXTI15_10_IRQHandler
                0x080286c4                DMA1_Stream7_IRQHandler
                0x080286c4                DFSDM2_FLT0_IRQHandler
                0x080286c4                SPI5_IRQHandler
                0x080286c4                CAN2_TX_IRQHandler
                0x080286c4                TIM5_IRQHandler
                0x080286c4                DMA2_Stream7_IRQHandler
                0x080286c4                I2C3_EV_IRQHandler
                0x080286c4                DFSDM2_FLT2_IRQHandler
                0x080286c4                EXTI9_5_IRQHandler
                0x080286c4                RTC_WKUP_IRQHandler
                0x080286c4                SPI2_IRQHandler
                0x080286c4                DMA1_Stream0_IRQHandler
                0x080286c4                CAN1_TX_IRQHandler
                0x080286c4                FMPI2C1_ER_IRQHandler
                0x080286c4                EXTI4_IRQHandler
                0x080286c4                DFSDM2_FLT1_IRQHandler
                0x080286c4                RNG_IRQHandler
                0x080286c4                FSMC_IRQHandler
                0x080286c4                WWDG_IRQHandler
                0x080286c4                CAN3_TX_IRQHandler
                0x080286c4                TIM2_IRQHandler
                0x080286c4                OTG_FS_WKUP_IRQHandler
                0x080286c4                TIM1_TRG_COM_TIM11_IRQHandler
                0x080286c4                EXTI1_IRQHandler
                0x080286c4                USART2_IRQHandler
                0x080286c4                DFSDM1_FLT0_IRQHandler
                0x080286c4                I2C2_ER_IRQHandler
                0x080286c4                DMA2_Stream1_IRQHandler
                0x080286c4                CAN1_SCE_IRQHandler
                0x080286c4                FLASH_IRQHandler
                0x080286c4                DMA2_Stream4_IRQHandler
                0x080286c4                OTG_FS_IRQHandler
                0x080286c4                SPI3_IRQHandler
                0x080286c4                DMA1_Stream4_IRQHandler
                0x080286c4                I2C1_ER_IRQHandler
                0x080286c4                LPTIM1_IRQHandler
                0x080286c4                DMA2_Stream6_IRQHandler
                0x080286c4                UART10_IRQHandler
                0x080286c4                SAI1_IRQHandler
                0x080286c4                DMA1_Stream3_IRQHandler
 *fill*         0x080286c6        0x2 
 .text.arm_rfft_fast_init_f32
                0x080286c8      0x104 ../Drivers/CMSIS/Lib/GCC\libarm_cortexM4lf_math.a(arm_rfft_fast_init_f32.o)
                0x080286c8                arm_rfft_fast_init_f32
 .text.arm_rfft_fast_f32
                0x080287cc      0x188 ../Drivers/CMSIS/Lib/GCC\libarm_cortexM4lf_math.a(arm_rfft_fast_f32.o)
                0x080287cc                arm_rfft_fast_f32
 .text.arm_cfft_radix8by2_f32
                0x08028954      0x1a0 ../Drivers/CMSIS/Lib/GCC\libarm_cortexM4lf_math.a(arm_cfft_f32.o)
                0x08028954                arm_cfft_radix8by2_f32
 .text.arm_cfft_radix8by4_f32
                0x08028af4      0x4bc ../Drivers/CMSIS/Lib/GCC\libarm_cortexM4lf_math.a(arm_cfft_f32.o)
                0x08028af4                arm_cfft_radix8by4_f32
 .text.arm_cfft_f32
                0x08028fb0       0xf4 ../Drivers/CMSIS/Lib/GCC\libarm_cortexM4lf_math.a(arm_cfft_f32.o)
                0x08028fb0                arm_cfft_f32
 .text.arm_sub_f32
                0x080290a4       0x8c ../Drivers/CMSIS/Lib/GCC\libarm_cortexM4lf_math.a(arm_sub_f32.o)
                0x080290a4                arm_sub_f32
 .text.arm_mult_f32
                0x08029130       0x8c ../Drivers/CMSIS/Lib/GCC\libarm_cortexM4lf_math.a(arm_mult_f32.o)
                0x08029130                arm_mult_f32
 .text.arm_radix8_butterfly_f32
                0x080291bc      0x5e4 ../Drivers/CMSIS/Lib/GCC\libarm_cortexM4lf_math.a(arm_cfft_radix8_f32.o)
                0x080291bc                arm_radix8_butterfly_f32
 .text.rand     0x080297a0       0x7c C:/App/STM32CubeIDE_1.19.0/STM32CubeIDE/plugins/com.st.stm32cube.ide.mcu.externaltools.gnu-tools-for-stm32.13.3.rel1.win32_1.0.0.202411081344/tools/bin/../lib/gcc/arm-none-eabi/13.3.1/../../../../arm-none-eabi/lib/thumb/v7e-m+fp/hard\libc_nano.a(libc_a-rand.o)
                0x080297a0                rand
 .text.std      0x0802981c       0x6c C:/App/STM32CubeIDE_1.19.0/STM32CubeIDE/plugins/com.st.stm32cube.ide.mcu.externaltools.gnu-tools-for-stm32.13.3.rel1.win32_1.0.0.202411081344/tools/bin/../lib/gcc/arm-none-eabi/13.3.1/../../../../arm-none-eabi/lib/thumb/v7e-m+fp/hard\libc_nano.a(libc_a-findfp.o)
 .text.stdio_exit_handler
                0x08029888       0x18 C:/App/STM32CubeIDE_1.19.0/STM32CubeIDE/plugins/com.st.stm32cube.ide.mcu.externaltools.gnu-tools-for-stm32.13.3.rel1.win32_1.0.0.202411081344/tools/bin/../lib/gcc/arm-none-eabi/13.3.1/../../../../arm-none-eabi/lib/thumb/v7e-m+fp/hard\libc_nano.a(libc_a-findfp.o)
 .text.cleanup_stdio
                0x080298a0       0x40 C:/App/STM32CubeIDE_1.19.0/STM32CubeIDE/plugins/com.st.stm32cube.ide.mcu.externaltools.gnu-tools-for-stm32.13.3.rel1.win32_1.0.0.202411081344/tools/bin/../lib/gcc/arm-none-eabi/13.3.1/../../../../arm-none-eabi/lib/thumb/v7e-m+fp/hard\libc_nano.a(libc_a-findfp.o)
 .text.global_stdio_init.part.0
                0x080298e0       0x3c C:/App/STM32CubeIDE_1.19.0/STM32CubeIDE/plugins/com.st.stm32cube.ide.mcu.externaltools.gnu-tools-for-stm32.13.3.rel1.win32_1.0.0.202411081344/tools/bin/../lib/gcc/arm-none-eabi/13.3.1/../../../../arm-none-eabi/lib/thumb/v7e-m+fp/hard\libc_nano.a(libc_a-findfp.o)
 .text.__sfp_lock_acquire
                0x0802991c        0xc C:/App/STM32CubeIDE_1.19.0/STM32CubeIDE/plugins/com.st.stm32cube.ide.mcu.externaltools.gnu-tools-for-stm32.13.3.rel1.win32_1.0.0.202411081344/tools/bin/../lib/gcc/arm-none-eabi/13.3.1/../../../../arm-none-eabi/lib/thumb/v7e-m+fp/hard\libc_nano.a(libc_a-findfp.o)
                0x0802991c                __sfp_lock_acquire
 .text.__sfp_lock_release
                0x08029928        0xc C:/App/STM32CubeIDE_1.19.0/STM32CubeIDE/plugins/com.st.stm32cube.ide.mcu.externaltools.gnu-tools-for-stm32.13.3.rel1.win32_1.0.0.202411081344/tools/bin/../lib/gcc/arm-none-eabi/13.3.1/../../../../arm-none-eabi/lib/thumb/v7e-m+fp/hard\libc_nano.a(libc_a-findfp.o)
                0x08029928                __sfp_lock_release
 .text.__sinit  0x08029934       0x30 C:/App/STM32CubeIDE_1.19.0/STM32CubeIDE/plugins/com.st.stm32cube.ide.mcu.externaltools.gnu-tools-for-stm32.13.3.rel1.win32_1.0.0.202411081344/tools/bin/../lib/gcc/arm-none-eabi/13.3.1/../../../../arm-none-eabi/lib/thumb/v7e-m+fp/hard\libc_nano.a(libc_a-findfp.o)
                0x08029934                __sinit
 .text._fwalk_sglue
                0x08029964       0x3c C:/App/STM32CubeIDE_1.19.0/STM32CubeIDE/plugins/com.st.stm32cube.ide.mcu.externaltools.gnu-tools-for-stm32.13.3.rel1.win32_1.0.0.202411081344/tools/bin/../lib/gcc/arm-none-eabi/13.3.1/../../../../arm-none-eabi/lib/thumb/v7e-m+fp/hard\libc_nano.a(libc_a-fwalk.o)
                0x08029964                _fwalk_sglue
 .text.snprintf
                0x080299a0       0x6c C:/App/STM32CubeIDE_1.19.0/STM32CubeIDE/plugins/com.st.stm32cube.ide.mcu.externaltools.gnu-tools-for-stm32.13.3.rel1.win32_1.0.0.202411081344/tools/bin/../lib/gcc/arm-none-eabi/13.3.1/../../../../arm-none-eabi/lib/thumb/v7e-m+fp/hard\libc_nano.a(libc_a-snprintf.o)
                0x080299a0                sniprintf
                0x080299a0                snprintf
 .text.__sread  0x08029a0c       0x22 C:/App/STM32CubeIDE_1.19.0/STM32CubeIDE/plugins/com.st.stm32cube.ide.mcu.externaltools.gnu-tools-for-stm32.13.3.rel1.win32_1.0.0.202411081344/tools/bin/../lib/gcc/arm-none-eabi/13.3.1/../../../../arm-none-eabi/lib/thumb/v7e-m+fp/hard\libc_nano.a(libc_a-stdio.o)
                0x08029a0c                __sread
 .text.__swrite
                0x08029a2e       0x38 C:/App/STM32CubeIDE_1.19.0/STM32CubeIDE/plugins/com.st.stm32cube.ide.mcu.externaltools.gnu-tools-for-stm32.13.3.rel1.win32_1.0.0.202411081344/tools/bin/../lib/gcc/arm-none-eabi/13.3.1/../../../../arm-none-eabi/lib/thumb/v7e-m+fp/hard\libc_nano.a(libc_a-stdio.o)
                0x08029a2e                __swrite
 .text.__sseek  0x08029a66       0x24 C:/App/STM32CubeIDE_1.19.0/STM32CubeIDE/plugins/com.st.stm32cube.ide.mcu.externaltools.gnu-tools-for-stm32.13.3.rel1.win32_1.0.0.202411081344/tools/bin/../lib/gcc/arm-none-eabi/13.3.1/../../../../arm-none-eabi/lib/thumb/v7e-m+fp/hard\libc_nano.a(libc_a-stdio.o)
                0x08029a66                __sseek
 .text.__sclose
                0x08029a8a        0x8 C:/App/STM32CubeIDE_1.19.0/STM32CubeIDE/plugins/com.st.stm32cube.ide.mcu.externaltools.gnu-tools-for-stm32.13.3.rel1.win32_1.0.0.202411081344/tools/bin/../lib/gcc/arm-none-eabi/13.3.1/../../../../arm-none-eabi/lib/thumb/v7e-m+fp/hard\libc_nano.a(libc_a-stdio.o)
                0x08029a8a                __sclose
 .text._vsnprintf_r
                0x08029a92       0x5c C:/App/STM32CubeIDE_1.19.0/STM32CubeIDE/plugins/com.st.stm32cube.ide.mcu.externaltools.gnu-tools-for-stm32.13.3.rel1.win32_1.0.0.202411081344/tools/bin/../lib/gcc/arm-none-eabi/13.3.1/../../../../arm-none-eabi/lib/thumb/v7e-m+fp/hard\libc_nano.a(libc_a-vsnprintf.o)
                0x08029a92                _vsniprintf_r
                0x08029a92                _vsnprintf_r
 *fill*         0x08029aee        0x2 
 .text.vsnprintf
                0x08029af0       0x1c C:/App/STM32CubeIDE_1.19.0/STM32CubeIDE/plugins/com.st.stm32cube.ide.mcu.externaltools.gnu-tools-for-stm32.13.3.rel1.win32_1.0.0.202411081344/tools/bin/../lib/gcc/arm-none-eabi/13.3.1/../../../../arm-none-eabi/lib/thumb/v7e-m+fp/hard\libc_nano.a(libc_a-vsnprintf.o)
                0x08029af0                vsniprintf
                0x08029af0                vsnprintf
 .text.memcmp   0x08029b0c       0x20 C:/App/STM32CubeIDE_1.19.0/STM32CubeIDE/plugins/com.st.stm32cube.ide.mcu.externaltools.gnu-tools-for-stm32.13.3.rel1.win32_1.0.0.202411081344/tools/bin/../lib/gcc/arm-none-eabi/13.3.1/../../../../arm-none-eabi/lib/thumb/v7e-m+fp/hard\libc_nano.a(libc_a-memcmp.o)
                0x08029b0c                memcmp
 .text.memset   0x08029b2c       0x10 C:/App/STM32CubeIDE_1.19.0/STM32CubeIDE/plugins/com.st.stm32cube.ide.mcu.externaltools.gnu-tools-for-stm32.13.3.rel1.win32_1.0.0.202411081344/tools/bin/../lib/gcc/arm-none-eabi/13.3.1/../../../../arm-none-eabi/lib/thumb/v7e-m+fp/hard\libc_nano.a(libc_a-memset.o)
                0x08029b2c                memset
 .text._close_r
                0x08029b3c       0x20 C:/App/STM32CubeIDE_1.19.0/STM32CubeIDE/plugins/com.st.stm32cube.ide.mcu.externaltools.gnu-tools-for-stm32.13.3.rel1.win32_1.0.0.202411081344/tools/bin/../lib/gcc/arm-none-eabi/13.3.1/../../../../arm-none-eabi/lib/thumb/v7e-m+fp/hard\libc_nano.a(libc_a-closer.o)
                0x08029b3c                _close_r
 .text._lseek_r
                0x08029b5c       0x24 C:/App/STM32CubeIDE_1.19.0/STM32CubeIDE/plugins/com.st.stm32cube.ide.mcu.externaltools.gnu-tools-for-stm32.13.3.rel1.win32_1.0.0.202411081344/tools/bin/../lib/gcc/arm-none-eabi/13.3.1/../../../../arm-none-eabi/lib/thumb/v7e-m+fp/hard\libc_nano.a(libc_a-lseekr.o)
                0x08029b5c                _lseek_r
 .text._read_r  0x08029b80       0x24 C:/App/STM32CubeIDE_1.19.0/STM32CubeIDE/plugins/com.st.stm32cube.ide.mcu.externaltools.gnu-tools-for-stm32.13.3.rel1.win32_1.0.0.202411081344/tools/bin/../lib/gcc/arm-none-eabi/13.3.1/../../../../arm-none-eabi/lib/thumb/v7e-m+fp/hard\libc_nano.a(libc_a-readr.o)
                0x08029b80                _read_r
 .text._write_r
                0x08029ba4       0x24 C:/App/STM32CubeIDE_1.19.0/STM32CubeIDE/plugins/com.st.stm32cube.ide.mcu.externaltools.gnu-tools-for-stm32.13.3.rel1.win32_1.0.0.202411081344/tools/bin/../lib/gcc/arm-none-eabi/13.3.1/../../../../arm-none-eabi/lib/thumb/v7e-m+fp/hard\libc_nano.a(libc_a-writer.o)
                0x08029ba4                _write_r
 .text.__errno  0x08029bc8        0xc C:/App/STM32CubeIDE_1.19.0/STM32CubeIDE/plugins/com.st.stm32cube.ide.mcu.externaltools.gnu-tools-for-stm32.13.3.rel1.win32_1.0.0.202411081344/tools/bin/../lib/gcc/arm-none-eabi/13.3.1/../../../../arm-none-eabi/lib/thumb/v7e-m+fp/hard\libc_nano.a(libc_a-errno.o)
                0x08029bc8                __errno
 .text.__libc_init_array
                0x08029bd4       0x48 C:/App/STM32CubeIDE_1.19.0/STM32CubeIDE/plugins/com.st.stm32cube.ide.mcu.externaltools.gnu-tools-for-stm32.13.3.rel1.win32_1.0.0.202411081344/tools/bin/../lib/gcc/arm-none-eabi/13.3.1/../../../../arm-none-eabi/lib/thumb/v7e-m+fp/hard\libc_nano.a(libc_a-init.o)
                0x08029bd4                __libc_init_array
 .text.__retarget_lock_init_recursive
                0x08029c1c        0x2 C:/App/STM32CubeIDE_1.19.0/STM32CubeIDE/plugins/com.st.stm32cube.ide.mcu.externaltools.gnu-tools-for-stm32.13.3.rel1.win32_1.0.0.202411081344/tools/bin/../lib/gcc/arm-none-eabi/13.3.1/../../../../arm-none-eabi/lib/thumb/v7e-m+fp/hard\libc_nano.a(libc_a-lock.o)
                0x08029c1c                __retarget_lock_init_recursive
 .text.__retarget_lock_acquire_recursive
                0x08029c1e        0x2 C:/App/STM32CubeIDE_1.19.0/STM32CubeIDE/plugins/com.st.stm32cube.ide.mcu.externaltools.gnu-tools-for-stm32.13.3.rel1.win32_1.0.0.202411081344/tools/bin/../lib/gcc/arm-none-eabi/13.3.1/../../../../arm-none-eabi/lib/thumb/v7e-m+fp/hard\libc_nano.a(libc_a-lock.o)
                0x08029c1e                __retarget_lock_acquire_recursive
 .text.__retarget_lock_release_recursive
                0x08029c20        0x2 C:/App/STM32CubeIDE_1.19.0/STM32CubeIDE/plugins/com.st.stm32cube.ide.mcu.externaltools.gnu-tools-for-stm32.13.3.rel1.win32_1.0.0.202411081344/tools/bin/../lib/gcc/arm-none-eabi/13.3.1/../../../../arm-none-eabi/lib/thumb/v7e-m+fp/hard\libc_nano.a(libc_a-lock.o)
                0x08029c20                __retarget_lock_release_recursive
 .text.memcpy   0x08029c22       0x1c C:/App/STM32CubeIDE_1.19.0/STM32CubeIDE/plugins/com.st.stm32cube.ide.mcu.externaltools.gnu-tools-for-stm32.13.3.rel1.win32_1.0.0.202411081344/tools/bin/../lib/gcc/arm-none-eabi/13.3.1/../../../../arm-none-eabi/lib/thumb/v7e-m+fp/hard\libc_nano.a(libc_a-memcpy-stub.o)
                0x08029c22                memcpy
 *fill*         0x08029c3e        0x2 
 .text.__assert_func
                0x08029c40       0x3c C:/App/STM32CubeIDE_1.19.0/STM32CubeIDE/plugins/com.st.stm32cube.ide.mcu.externaltools.gnu-tools-for-stm32.13.3.rel1.win32_1.0.0.202411081344/tools/bin/../lib/gcc/arm-none-eabi/13.3.1/../../../../arm-none-eabi/lib/thumb/v7e-m+fp/hard\libc_nano.a(libc_a-assert.o)
                0x08029c40                __assert_func
 .text._free_r  0x08029c7c       0x94 C:/App/STM32CubeIDE_1.19.0/STM32CubeIDE/plugins/com.st.stm32cube.ide.mcu.externaltools.gnu-tools-for-stm32.13.3.rel1.win32_1.0.0.202411081344/tools/bin/../lib/gcc/arm-none-eabi/13.3.1/../../../../arm-none-eabi/lib/thumb/v7e-m+fp/hard\libc_nano.a(libc_a-freer.o)
                0x08029c7c                _free_r
 .text.malloc   0x08029d10       0x10 C:/App/STM32CubeIDE_1.19.0/STM32CubeIDE/plugins/com.st.stm32cube.ide.mcu.externaltools.gnu-tools-for-stm32.13.3.rel1.win32_1.0.0.202411081344/tools/bin/../lib/gcc/arm-none-eabi/13.3.1/../../../../arm-none-eabi/lib/thumb/v7e-m+fp/hard\libc_nano.a(libc_a-malloc.o)
                0x08029d10                malloc
 .text.sbrk_aligned
                0x08029d20       0x44 C:/App/STM32CubeIDE_1.19.0/STM32CubeIDE/plugins/com.st.stm32cube.ide.mcu.externaltools.gnu-tools-for-stm32.13.3.rel1.win32_1.0.0.202411081344/tools/bin/../lib/gcc/arm-none-eabi/13.3.1/../../../../arm-none-eabi/lib/thumb/v7e-m+fp/hard\libc_nano.a(libc_a-mallocr.o)
 .text._malloc_r
                0x08029d64      0x100 C:/App/STM32CubeIDE_1.19.0/STM32CubeIDE/plugins/com.st.stm32cube.ide.mcu.externaltools.gnu-tools-for-stm32.13.3.rel1.win32_1.0.0.202411081344/tools/bin/../lib/gcc/arm-none-eabi/13.3.1/../../../../arm-none-eabi/lib/thumb/v7e-m+fp/hard\libc_nano.a(libc_a-mallocr.o)
                0x08029d64                _malloc_r
 .text.__malloc_lock
                0x08029e64        0xc C:/App/STM32CubeIDE_1.19.0/STM32CubeIDE/plugins/com.st.stm32cube.ide.mcu.externaltools.gnu-tools-for-stm32.13.3.rel1.win32_1.0.0.202411081344/tools/bin/../lib/gcc/arm-none-eabi/13.3.1/../../../../arm-none-eabi/lib/thumb/v7e-m+fp/hard\libc_nano.a(libc_a-mlock.o)
                0x08029e64                __malloc_lock
 .text.__malloc_unlock
                0x08029e70        0xc C:/App/STM32CubeIDE_1.19.0/STM32CubeIDE/plugins/com.st.stm32cube.ide.mcu.externaltools.gnu-tools-for-stm32.13.3.rel1.win32_1.0.0.202411081344/tools/bin/../lib/gcc/arm-none-eabi/13.3.1/../../../../arm-none-eabi/lib/thumb/v7e-m+fp/hard\libc_nano.a(libc_a-mlock.o)
                0x08029e70                __malloc_unlock
 .text.__ssputs_r
                0x08029e7c       0xb6 C:/App/STM32CubeIDE_1.19.0/STM32CubeIDE/plugins/com.st.stm32cube.ide.mcu.externaltools.gnu-tools-for-stm32.13.3.rel1.win32_1.0.0.202411081344/tools/bin/../lib/gcc/arm-none-eabi/13.3.1/../../../../arm-none-eabi/lib/thumb/v7e-m+fp/hard\libc_nano.a(libc_a-nano-svfprintf.o)
                0x08029e7c                __ssputs_r
 *fill*         0x08029f32        0x2 
 .text._svfprintf_r
                0x08029f34      0x1f8 C:/App/STM32CubeIDE_1.19.0/STM32CubeIDE/plugins/com.st.stm32cube.ide.mcu.externaltools.gnu-tools-for-stm32.13.3.rel1.win32_1.0.0.202411081344/tools/bin/../lib/gcc/arm-none-eabi/13.3.1/../../../../arm-none-eabi/lib/thumb/v7e-m+fp/hard\libc_nano.a(libc_a-nano-svfprintf.o)
                0x08029f34                _svfiprintf_r
                0x08029f34                _svfprintf_r
 .text._printf_common
                0x0802a12c       0xda C:/App/STM32CubeIDE_1.19.0/STM32CubeIDE/plugins/com.st.stm32cube.ide.mcu.externaltools.gnu-tools-for-stm32.13.3.rel1.win32_1.0.0.202411081344/tools/bin/../lib/gcc/arm-none-eabi/13.3.1/../../../../arm-none-eabi/lib/thumb/v7e-m+fp/hard\libc_nano.a(libc_a-nano-vfprintf_i.o)
                0x0802a12c                _printf_common
 *fill*         0x0802a206        0x2 
 .text._printf_i
                0x0802a208      0x23c C:/App/STM32CubeIDE_1.19.0/STM32CubeIDE/plugins/com.st.stm32cube.ide.mcu.externaltools.gnu-tools-for-stm32.13.3.rel1.win32_1.0.0.202411081344/tools/bin/../lib/gcc/arm-none-eabi/13.3.1/../../../../arm-none-eabi/lib/thumb/v7e-m+fp/hard\libc_nano.a(libc_a-nano-vfprintf_i.o)
                0x0802a208                _printf_i
 .text.__sflush_r
                0x0802a444      0x108 C:/App/STM32CubeIDE_1.19.0/STM32CubeIDE/plugins/com.st.stm32cube.ide.mcu.externaltools.gnu-tools-for-stm32.13.3.rel1.win32_1.0.0.202411081344/tools/bin/../lib/gcc/arm-none-eabi/13.3.1/../../../../arm-none-eabi/lib/thumb/v7e-m+fp/hard\libc_nano.a(libc_a-fflush.o)
                0x0802a444                __sflush_r
 .text._fflush_r
                0x0802a54c       0x50 C:/App/STM32CubeIDE_1.19.0/STM32CubeIDE/plugins/com.st.stm32cube.ide.mcu.externaltools.gnu-tools-for-stm32.13.3.rel1.win32_1.0.0.202411081344/tools/bin/../lib/gcc/arm-none-eabi/13.3.1/../../../../arm-none-eabi/lib/thumb/v7e-m+fp/hard\libc_nano.a(libc_a-fflush.o)
                0x0802a54c                _fflush_r
 .text.fprintf  0x0802a59c       0x24 C:/App/STM32CubeIDE_1.19.0/STM32CubeIDE/plugins/com.st.stm32cube.ide.mcu.externaltools.gnu-tools-for-stm32.13.3.rel1.win32_1.0.0.202411081344/tools/bin/../lib/gcc/arm-none-eabi/13.3.1/../../../../arm-none-eabi/lib/thumb/v7e-m+fp/hard\libc_nano.a(libc_a-fprintf.o)
                0x0802a59c                fiprintf
                0x0802a59c                fprintf
 .text.memmove  0x0802a5c0       0x34 C:/App/STM32CubeIDE_1.19.0/STM32CubeIDE/plugins/com.st.stm32cube.ide.mcu.externaltools.gnu-tools-for-stm32.13.3.rel1.win32_1.0.0.202411081344/tools/bin/../lib/gcc/arm-none-eabi/13.3.1/../../../../arm-none-eabi/lib/thumb/v7e-m+fp/hard\libc_nano.a(libc_a-memmove.o)
                0x0802a5c0                memmove
 .text._sbrk_r  0x0802a5f4       0x20 C:/App/STM32CubeIDE_1.19.0/STM32CubeIDE/plugins/com.st.stm32cube.ide.mcu.externaltools.gnu-tools-for-stm32.13.3.rel1.win32_1.0.0.202411081344/tools/bin/../lib/gcc/arm-none-eabi/13.3.1/../../../../arm-none-eabi/lib/thumb/v7e-m+fp/hard\libc_nano.a(libc_a-sbrkr.o)
                0x0802a5f4                _sbrk_r
 .text.abort    0x0802a614        0xe C:/App/STM32CubeIDE_1.19.0/STM32CubeIDE/plugins/com.st.stm32cube.ide.mcu.externaltools.gnu-tools-for-stm32.13.3.rel1.win32_1.0.0.202411081344/tools/bin/../lib/gcc/arm-none-eabi/13.3.1/../../../../arm-none-eabi/lib/thumb/v7e-m+fp/hard\libc_nano.a(libc_a-abort.o)
                0x0802a614                abort
 .text._realloc_r
                0x0802a622       0x5c C:/App/STM32CubeIDE_1.19.0/STM32CubeIDE/plugins/com.st.stm32cube.ide.mcu.externaltools.gnu-tools-for-stm32.13.3.rel1.win32_1.0.0.202411081344/tools/bin/../lib/gcc/arm-none-eabi/13.3.1/../../../../arm-none-eabi/lib/thumb/v7e-m+fp/hard\libc_nano.a(libc_a-reallocr.o)
                0x0802a622                _realloc_r
 .text.__sfputc_r
                0x0802a67e       0x2e C:/App/STM32CubeIDE_1.19.0/STM32CubeIDE/plugins/com.st.stm32cube.ide.mcu.externaltools.gnu-tools-for-stm32.13.3.rel1.win32_1.0.0.202411081344/tools/bin/../lib/gcc/arm-none-eabi/13.3.1/../../../../arm-none-eabi/lib/thumb/v7e-m+fp/hard\libc_nano.a(libc_a-nano-vfprintf.o)
 .text.__sfputs_r
                0x0802a6ac       0x24 C:/App/STM32CubeIDE_1.19.0/STM32CubeIDE/plugins/com.st.stm32cube.ide.mcu.externaltools.gnu-tools-for-stm32.13.3.rel1.win32_1.0.0.202411081344/tools/bin/../lib/gcc/arm-none-eabi/13.3.1/../../../../arm-none-eabi/lib/thumb/v7e-m+fp/hard\libc_nano.a(libc_a-nano-vfprintf.o)
                0x0802a6ac                __sfputs_r
 .text._vfprintf_r
                0x0802a6d0      0x230 C:/App/STM32CubeIDE_1.19.0/STM32CubeIDE/plugins/com.st.stm32cube.ide.mcu.externaltools.gnu-tools-for-stm32.13.3.rel1.win32_1.0.0.202411081344/tools/bin/../lib/gcc/arm-none-eabi/13.3.1/../../../../arm-none-eabi/lib/thumb/v7e-m+fp/hard\libc_nano.a(libc_a-nano-vfprintf.o)
                0x0802a6d0                _vfprintf_r
                0x0802a6d0                _vfiprintf_r
 .text.__swbuf_r
                0x0802a900       0x7c C:/App/STM32CubeIDE_1.19.0/STM32CubeIDE/plugins/com.st.stm32cube.ide.mcu.externaltools.gnu-tools-for-stm32.13.3.rel1.win32_1.0.0.202411081344/tools/bin/../lib/gcc/arm-none-eabi/13.3.1/../../../../arm-none-eabi/lib/thumb/v7e-m+fp/hard\libc_nano.a(libc_a-wbuf.o)
                0x0802a900                __swbuf_r
 .text.__swsetup_r
                0x0802a97c       0xac C:/App/STM32CubeIDE_1.19.0/STM32CubeIDE/plugins/com.st.stm32cube.ide.mcu.externaltools.gnu-tools-for-stm32.13.3.rel1.win32_1.0.0.202411081344/tools/bin/../lib/gcc/arm-none-eabi/13.3.1/../../../../arm-none-eabi/lib/thumb/v7e-m+fp/hard\libc_nano.a(libc_a-wsetup.o)
                0x0802a97c                __swsetup_r
 .text._raise_r
                0x0802aa28       0x50 C:/App/STM32CubeIDE_1.19.0/STM32CubeIDE/plugins/com.st.stm32cube.ide.mcu.externaltools.gnu-tools-for-stm32.13.3.rel1.win32_1.0.0.202411081344/tools/bin/../lib/gcc/arm-none-eabi/13.3.1/../../../../arm-none-eabi/lib/thumb/v7e-m+fp/hard\libc_nano.a(libc_a-signal.o)
                0x0802aa28                _raise_r
 .text.raise    0x0802aa78       0x10 C:/App/STM32CubeIDE_1.19.0/STM32CubeIDE/plugins/com.st.stm32cube.ide.mcu.externaltools.gnu-tools-for-stm32.13.3.rel1.win32_1.0.0.202411081344/tools/bin/../lib/gcc/arm-none-eabi/13.3.1/../../../../arm-none-eabi/lib/thumb/v7e-m+fp/hard\libc_nano.a(libc_a-signal.o)
                0x0802aa78                raise
 .text._kill_r  0x0802aa88       0x24 C:/App/STM32CubeIDE_1.19.0/STM32CubeIDE/plugins/com.st.stm32cube.ide.mcu.externaltools.gnu-tools-for-stm32.13.3.rel1.win32_1.0.0.202411081344/tools/bin/../lib/gcc/arm-none-eabi/13.3.1/../../../../arm-none-eabi/lib/thumb/v7e-m+fp/hard\libc_nano.a(libc_a-signalr.o)
                0x0802aa88                _kill_r
 .text._getpid_r
                0x0802aaac        0x4 C:/App/STM32CubeIDE_1.19.0/STM32CubeIDE/plugins/com.st.stm32cube.ide.mcu.externaltools.gnu-tools-for-stm32.13.3.rel1.win32_1.0.0.202411081344/tools/bin/../lib/gcc/arm-none-eabi/13.3.1/../../../../arm-none-eabi/lib/thumb/v7e-m+fp/hard\libc_nano.a(libc_a-signalr.o)
                0x0802aaac                _getpid_r
 .text._malloc_usable_size_r
                0x0802aab0       0x10 C:/App/STM32CubeIDE_1.19.0/STM32CubeIDE/plugins/com.st.stm32cube.ide.mcu.externaltools.gnu-tools-for-stm32.13.3.rel1.win32_1.0.0.202411081344/tools/bin/../lib/gcc/arm-none-eabi/13.3.1/../../../../arm-none-eabi/lib/thumb/v7e-m+fp/hard\libc_nano.a(libc_a-msizer.o)
                0x0802aab0                _malloc_usable_size_r
 .text.__swhatbuf_r
                0x0802aac0       0x4c C:/App/STM32CubeIDE_1.19.0/STM32CubeIDE/plugins/com.st.stm32cube.ide.mcu.externaltools.gnu-tools-for-stm32.13.3.rel1.win32_1.0.0.202411081344/tools/bin/../lib/gcc/arm-none-eabi/13.3.1/../../../../arm-none-eabi/lib/thumb/v7e-m+fp/hard\libc_nano.a(libc_a-makebuf.o)
                0x0802aac0                __swhatbuf_r
 .text.__smakebuf_r
                0x0802ab0c       0x78 C:/App/STM32CubeIDE_1.19.0/STM32CubeIDE/plugins/com.st.stm32cube.ide.mcu.externaltools.gnu-tools-for-stm32.13.3.rel1.win32_1.0.0.202411081344/tools/bin/../lib/gcc/arm-none-eabi/13.3.1/../../../../arm-none-eabi/lib/thumb/v7e-m+fp/hard\libc_nano.a(libc_a-makebuf.o)
                0x0802ab0c                __smakebuf_r
 .text._fstat_r
                0x0802ab84       0x24 C:/App/STM32CubeIDE_1.19.0/STM32CubeIDE/plugins/com.st.stm32cube.ide.mcu.externaltools.gnu-tools-for-stm32.13.3.rel1.win32_1.0.0.202411081344/tools/bin/../lib/gcc/arm-none-eabi/13.3.1/../../../../arm-none-eabi/lib/thumb/v7e-m+fp/hard\libc_nano.a(libc_a-fstatr.o)
                0x0802ab84                _fstat_r
 .text._isatty_r
                0x0802aba8       0x20 C:/App/STM32CubeIDE_1.19.0/STM32CubeIDE/plugins/com.st.stm32cube.ide.mcu.externaltools.gnu-tools-for-stm32.13.3.rel1.win32_1.0.0.202411081344/tools/bin/../lib/gcc/arm-none-eabi/13.3.1/../../../../arm-none-eabi/lib/thumb/v7e-m+fp/hard\libc_nano.a(libc_a-isattyr.o)
                0x0802aba8                _isatty_r
 .text.floor    0x0802abc8       0xf8 C:/App/STM32CubeIDE_1.19.0/STM32CubeIDE/plugins/com.st.stm32cube.ide.mcu.externaltools.gnu-tools-for-stm32.13.3.rel1.win32_1.0.0.202411081344/tools/bin/../lib/gcc/arm-none-eabi/13.3.1/../../../../arm-none-eabi/lib/thumb/v7e-m+fp/hard\libm.a(libm_a-s_floor.o)
                0x0802abc8                floor
 *(.glue_7)
 .glue_7        0x0802acc0        0x0 linker stubs
 *(.glue_7t)
 .glue_7t       0x0802acc0        0x0 linker stubs
 *(.eh_frame)
 .eh_frame      0x0802acc0        0x0 C:/App/STM32CubeIDE_1.19.0/STM32CubeIDE/plugins/com.st.stm32cube.ide.mcu.externaltools.gnu-tools-for-stm32.13.3.rel1.win32_1.0.0.202411081344/tools/bin/../lib/gcc/arm-none-eabi/13.3.1/thumb/v7e-m+fp/hard/crtbegin.o
 *(.init)
 .init          0x0802acc0        0x4 C:/App/STM32CubeIDE_1.19.0/STM32CubeIDE/plugins/com.st.stm32cube.ide.mcu.externaltools.gnu-tools-for-stm32.13.3.rel1.win32_1.0.0.202411081344/tools/bin/../lib/gcc/arm-none-eabi/13.3.1/thumb/v7e-m+fp/hard/crti.o
                0x0802acc0                _init
 .init          0x0802acc4        0x8 C:/App/STM32CubeIDE_1.19.0/STM32CubeIDE/plugins/com.st.stm32cube.ide.mcu.externaltools.gnu-tools-for-stm32.13.3.rel1.win32_1.0.0.202411081344/tools/bin/../lib/gcc/arm-none-eabi/13.3.1/thumb/v7e-m+fp/hard/crtn.o
 *(.fini)
 .fini          0x0802accc        0x4 C:/App/STM32CubeIDE_1.19.0/STM32CubeIDE/plugins/com.st.stm32cube.ide.mcu.externaltools.gnu-tools-for-stm32.13.3.rel1.win32_1.0.0.202411081344/tools/bin/../lib/gcc/arm-none-eabi/13.3.1/thumb/v7e-m+fp/hard/crti.o
                0x0802accc                _fini
 .fini          0x0802acd0        0x8 C:/App/STM32CubeIDE_1.19.0/STM32CubeIDE/plugins/com.st.stm32cube.ide.mcu.externaltools.gnu-tools-for-stm32.13.3.rel1.win32_1.0.0.202411081344/tools/bin/../lib/gcc/arm-none-eabi/13.3.1/thumb/v7e-m+fp/hard/crtn.o
                0x0802acd8                        . = ALIGN (0x4)
                0x0802acd8                        _etext = .

.vfp11_veneer   0x0802acd8        0x0
 .vfp11_veneer  0x0802acd8        0x0 linker stubs

.v4_bx          0x0802acd8        0x0
 .v4_bx         0x0802acd8        0x0 linker stubs

.iplt           0x0802acd8        0x0
 .iplt          0x0802acd8        0x0 C:/App/STM32CubeIDE_1.19.0/STM32CubeIDE/plugins/com.st.stm32cube.ide.mcu.externaltools.gnu-tools-for-stm32.13.3.rel1.win32_1.0.0.202411081344/tools/bin/../lib/gcc/arm-none-eabi/13.3.1/thumb/v7e-m+fp/hard/crtbegin.o

.rodata         0x0802acd8    0x175d4
                0x0802acd8                        . = ALIGN (0x4)
 *(.rodata)
 .rodata        0x0802acd8        0x8 ./Drivers/STM32F4xx_HAL_Driver/Src/stm32f4xx_hal_dma.o
 .rodata        0x0802ace0       0xc4 ./Src/App/comm_app.o
 .rodata        0x0802ada4      0x200 ./Src/App/crc16.o
 .rodata        0x0802afa4     0x3000 ./Src/Estimates_Lib/FD_PP_RMS_VRMS10_fs4000_nFFF4096_T1s.o
 .rodata        0x0802dfa4       0x2f ./Src/Memory/flash_handler.o
 *fill*         0x0802dfd3        0x1 
 .rodata        0x0802dfd4      0x200 ./Src/Modbus/ModbusRTU_crc.o
 .rodata        0x0802e1d4       0x2a ./Src/OTC/otc_flash.o
 *fill*         0x0802e1fe        0x2 
 .rodata        0x0802e200       0x18 ./Src/system_stm32f4xx.o
                0x0802e200                AHBPrescTable
                0x0802e210                APBPrescTable
 *(.rodata*)
 .rodata.str1.4
                0x0802e218      0xb5c ./Src/App/acquisition_lf.o
                                 0x35 (size before relaxing)
 .rodata.str1.4
                0x0802ed74      0x680 ./Src/App/comm_app.o
 .rodata.str1.4
                0x0802ed74      0x160 ./Src/Memory/flash_handler.o
 .rodata.str1.4
                0x0802ed74      0x25d ./Src/Memory/memory.o
 .rodata.str1.4
                0x0802ed74       0x68 ./Src/OTC/otc_core.o
 .rodata.str1.4
                0x0802ed74      0x105 ./Src/OTC/otc_flash.o
 .rodata.str1.4
                0x0802ed74       0x45 ./Src/debug.o
 .rodata.str1.4
                0x0802ed74       0x98 ./Src/main.o
 .rodata.twiddleCoef_2048
                0x0802ed74     0x4000 ../Drivers/CMSIS/Lib/GCC\libarm_cortexM4lf_math.a(arm_common_tables.o)
                0x0802ed74                twiddleCoef_2048
 .rodata.twiddleCoef_rfft_64
                0x08032d74      0x100 ../Drivers/CMSIS/Lib/GCC\libarm_cortexM4lf_math.a(arm_common_tables.o)
                0x08032d74                twiddleCoef_rfft_64
 .rodata.armBitRevIndexTable64
                0x08032e74       0x70 ../Drivers/CMSIS/Lib/GCC\libarm_cortexM4lf_math.a(arm_common_tables.o)
                0x08032e74                armBitRevIndexTable64
 .rodata.twiddleCoef_rfft_2048
                0x08032ee4     0x2000 ../Drivers/CMSIS/Lib/GCC\libarm_cortexM4lf_math.a(arm_common_tables.o)
                0x08032ee4                twiddleCoef_rfft_2048
 .rodata.twiddleCoef_rfft_4096
                0x08034ee4     0x4000 ../Drivers/CMSIS/Lib/GCC\libarm_cortexM4lf_math.a(arm_common_tables.o)
                0x08034ee4                twiddleCoef_rfft_4096
 .rodata.twiddleCoef_256
                0x08038ee4      0x800 ../Drivers/CMSIS/Lib/GCC\libarm_cortexM4lf_math.a(arm_common_tables.o)
                0x08038ee4                twiddleCoef_256
 .rodata.twiddleCoef_16
                0x080396e4       0x80 ../Drivers/CMSIS/Lib/GCC\libarm_cortexM4lf_math.a(arm_common_tables.o)
                0x080396e4                twiddleCoef_16
 .rodata.twiddleCoef_1024
                0x08039764     0x2000 ../Drivers/CMSIS/Lib/GCC\libarm_cortexM4lf_math.a(arm_common_tables.o)
                0x08039764                twiddleCoef_1024
 .rodata.twiddleCoef_32
                0x0803b764      0x100 ../Drivers/CMSIS/Lib/GCC\libarm_cortexM4lf_math.a(arm_common_tables.o)
                0x0803b764                twiddleCoef_32
 .rodata.armBitRevIndexTable1024
                0x0803b864      0xe10 ../Drivers/CMSIS/Lib/GCC\libarm_cortexM4lf_math.a(arm_common_tables.o)
                0x0803b864                armBitRevIndexTable1024
 .rodata.armBitRevIndexTable16
                0x0803c674       0x28 ../Drivers/CMSIS/Lib/GCC\libarm_cortexM4lf_math.a(arm_common_tables.o)
                0x0803c674                armBitRevIndexTable16
 .rodata.twiddleCoef_rfft_32
                0x0803c69c       0x80 ../Drivers/CMSIS/Lib/GCC\libarm_cortexM4lf_math.a(arm_common_tables.o)
                0x0803c69c                twiddleCoef_rfft_32
 .rodata.armBitRevIndexTable32
                0x0803c71c       0x60 ../Drivers/CMSIS/Lib/GCC\libarm_cortexM4lf_math.a(arm_common_tables.o)
                0x0803c71c                armBitRevIndexTable32
 .rodata.twiddleCoef_128
                0x0803c77c      0x400 ../Drivers/CMSIS/Lib/GCC\libarm_cortexM4lf_math.a(arm_common_tables.o)
                0x0803c77c                twiddleCoef_128
 .rodata.twiddleCoef_512
                0x0803cb7c     0x1000 ../Drivers/CMSIS/Lib/GCC\libarm_cortexM4lf_math.a(arm_common_tables.o)
                0x0803cb7c                twiddleCoef_512
 .rodata.armBitRevIndexTable2048
                0x0803db7c     0x1dc0 ../Drivers/CMSIS/Lib/GCC\libarm_cortexM4lf_math.a(arm_common_tables.o)
                0x0803db7c                armBitRevIndexTable2048
 .rodata.twiddleCoef_64
                0x0803f93c      0x200 ../Drivers/CMSIS/Lib/GCC\libarm_cortexM4lf_math.a(arm_common_tables.o)
                0x0803f93c                twiddleCoef_64
 .rodata.twiddleCoef_rfft_512
                0x0803fb3c      0x800 ../Drivers/CMSIS/Lib/GCC\libarm_cortexM4lf_math.a(arm_common_tables.o)
                0x0803fb3c                twiddleCoef_rfft_512
 .rodata.armBitRevIndexTable512
                0x0804033c      0x380 ../Drivers/CMSIS/Lib/GCC\libarm_cortexM4lf_math.a(arm_common_tables.o)
                0x0804033c                armBitRevIndexTable512
 .rodata.twiddleCoef_rfft_1024
                0x080406bc     0x1000 ../Drivers/CMSIS/Lib/GCC\libarm_cortexM4lf_math.a(arm_common_tables.o)
                0x080406bc                twiddleCoef_rfft_1024
 .rodata.twiddleCoef_rfft_256
                0x080416bc      0x400 ../Drivers/CMSIS/Lib/GCC\libarm_cortexM4lf_math.a(arm_common_tables.o)
                0x080416bc                twiddleCoef_rfft_256
 .rodata.armBitRevIndexTable256
                0x08041abc      0x370 ../Drivers/CMSIS/Lib/GCC\libarm_cortexM4lf_math.a(arm_common_tables.o)
                0x08041abc                armBitRevIndexTable256
 .rodata.twiddleCoef_rfft_128
                0x08041e2c      0x200 ../Drivers/CMSIS/Lib/GCC\libarm_cortexM4lf_math.a(arm_common_tables.o)
                0x08041e2c                twiddleCoef_rfft_128
 .rodata.armBitRevIndexTable128
                0x0804202c      0x1a0 ../Drivers/CMSIS/Lib/GCC\libarm_cortexM4lf_math.a(arm_common_tables.o)
                0x0804202c                armBitRevIndexTable128
 .rodata.srand.str1.1
                0x080421cc       0xde C:/App/STM32CubeIDE_1.19.0/STM32CubeIDE/plugins/com.st.stm32cube.ide.mcu.externaltools.gnu-tools-for-stm32.13.3.rel1.win32_1.0.0.202411081344/tools/bin/../lib/gcc/arm-none-eabi/13.3.1/../../../../arm-none-eabi/lib/thumb/v7e-m+fp/hard\libc_nano.a(libc_a-rand.o)
                                 0x6f (size before relaxing)
 .rodata.__assert_func.str1.1
                0x080422aa       0x3d C:/App/STM32CubeIDE_1.19.0/STM32CubeIDE/plugins/com.st.stm32cube.ide.mcu.externaltools.gnu-tools-for-stm32.13.3.rel1.win32_1.0.0.202411081344/tools/bin/../lib/gcc/arm-none-eabi/13.3.1/../../../../arm-none-eabi/lib/thumb/v7e-m+fp/hard\libc_nano.a(libc_a-assert.o)
 .rodata._svfprintf_r.str1.1
                0x080422aa       0x11 C:/App/STM32CubeIDE_1.19.0/STM32CubeIDE/plugins/com.st.stm32cube.ide.mcu.externaltools.gnu-tools-for-stm32.13.3.rel1.win32_1.0.0.202411081344/tools/bin/../lib/gcc/arm-none-eabi/13.3.1/../../../../arm-none-eabi/lib/thumb/v7e-m+fp/hard\libc_nano.a(libc_a-nano-svfprintf.o)
 .rodata._printf_i.str1.1
                0x080422aa       0x22 C:/App/STM32CubeIDE_1.19.0/STM32CubeIDE/plugins/com.st.stm32cube.ide.mcu.externaltools.gnu-tools-for-stm32.13.3.rel1.win32_1.0.0.202411081344/tools/bin/../lib/gcc/arm-none-eabi/13.3.1/../../../../arm-none-eabi/lib/thumb/v7e-m+fp/hard\libc_nano.a(libc_a-nano-vfprintf_i.o)
 .rodata._vfprintf_r.str1.1
                0x080422aa       0x11 C:/App/STM32CubeIDE_1.19.0/STM32CubeIDE/plugins/com.st.stm32cube.ide.mcu.externaltools.gnu-tools-for-stm32.13.3.rel1.win32_1.0.0.202411081344/tools/bin/../lib/gcc/arm-none-eabi/13.3.1/../../../../arm-none-eabi/lib/thumb/v7e-m+fp/hard\libc_nano.a(libc_a-nano-vfprintf.o)
                0x080422e8                        . = ALIGN (0x4)
 *fill*         0x080422aa        0x2 

.ARM.extab
 *(.ARM.extab* .gnu.linkonce.armextab.*)

.ARM            0x080422ac        0x8
                0x080422ac                        __exidx_start = .
 *(.ARM.exidx*)
 .ARM.exidx     0x080422ac        0x8 C:/App/STM32CubeIDE_1.19.0/STM32CubeIDE/plugins/com.st.stm32cube.ide.mcu.externaltools.gnu-tools-for-stm32.13.3.rel1.win32_1.0.0.202411081344/tools/bin/../lib/gcc/arm-none-eabi/13.3.1/../../../../arm-none-eabi/lib/thumb/v7e-m+fp/hard\libc_nano.a(libc_a-strlen.o)
 .ARM.exidx     0x080422b4        0x0 C:/App/STM32CubeIDE_1.19.0/STM32CubeIDE/plugins/com.st.stm32cube.ide.mcu.externaltools.gnu-tools-for-stm32.13.3.rel1.win32_1.0.0.202411081344/tools/bin/../lib/gcc/arm-none-eabi/13.3.1/../../../../arm-none-eabi/lib/thumb/v7e-m+fp/hard\libc_nano.a(libc_a-memchr.o)
                                  0x8 (size before relaxing)
 .ARM.exidx     0x080422b4        0x0 C:/App/STM32CubeIDE_1.19.0/STM32CubeIDE/plugins/com.st.stm32cube.ide.mcu.externaltools.gnu-tools-for-stm32.13.3.rel1.win32_1.0.0.202411081344/tools/bin/../lib/gcc/arm-none-eabi/13.3.1/thumb/v7e-m+fp/hard\libgcc.a(_udivmoddi4.o)
                                  0x8 (size before relaxing)
                0x080422b4                        __exidx_end = .

.rel.dyn        0x080422b4        0x0
 .rel.iplt      0x080422b4        0x0 C:/App/STM32CubeIDE_1.19.0/STM32CubeIDE/plugins/com.st.stm32cube.ide.mcu.externaltools.gnu-tools-for-stm32.13.3.rel1.win32_1.0.0.202411081344/tools/bin/../lib/gcc/arm-none-eabi/13.3.1/thumb/v7e-m+fp/hard/crtbegin.o

.preinit_array  0x080422b4        0x0
                0x080422b4                        PROVIDE (__preinit_array_start = .)
 *(.preinit_array*)
                0x080422b4                        PROVIDE (__preinit_array_end = .)

.init_array     0x080422b4        0x4
                0x080422b4                        PROVIDE (__init_array_start = .)
 *(SORT_BY_NAME(.init_array.*))
 *(.init_array*)
 .init_array    0x080422b4        0x4 C:/App/STM32CubeIDE_1.19.0/STM32CubeIDE/plugins/com.st.stm32cube.ide.mcu.externaltools.gnu-tools-for-stm32.13.3.rel1.win32_1.0.0.202411081344/tools/bin/../lib/gcc/arm-none-eabi/13.3.1/thumb/v7e-m+fp/hard/crtbegin.o
                0x080422b8                        PROVIDE (__init_array_end = .)

.fini_array     0x080422b8        0x4
                [!provide]                        PROVIDE (__fini_array_start = .)
 *(SORT_BY_NAME(.fini_array.*))
 *(.fini_array*)
 .fini_array    0x080422b8        0x4 C:/App/STM32CubeIDE_1.19.0/STM32CubeIDE/plugins/com.st.stm32cube.ide.mcu.externaltools.gnu-tools-for-stm32.13.3.rel1.win32_1.0.0.202411081344/tools/bin/../lib/gcc/arm-none-eabi/13.3.1/thumb/v7e-m+fp/hard/crtbegin.o
                [!provide]                        PROVIDE (__fini_array_end = .)
                0x080422bc                        _sidata = LOADADDR (.data)

.data           0x20000000      0x190 load address 0x080422bc
                0x20000000                        . = ALIGN (0x4)
                0x20000000                        _sdata = .
 *(.data)
 .data          0x20000000        0x8 ./Drivers/STM32F4xx_HAL_Driver/Src/stm32f4xx_hal.o
                0x20000000                uwTickFreq
                0x20000004                uwTickPrio
 .data          0x20000008       0xb0 ./Src/Drivers/board.o
                0x20000008                Sensor
 .data          0x200000b8        0xc ./Src/Drivers/rs485.o
 .data          0x200000c4        0x4 ./Src/Drivers/temp.o
 .data          0x200000c8       0x64 ./Src/Modbus/ModbusRTU.o
                0x200000c8                modbus_address
                0x200000d0                desc
                0x20000100                modbus_coils_table
 .data          0x2000012c        0x1 ./Src/OTC/otc_flash.o
 *fill*         0x2000012d        0x3 
 .data          0x20000130        0x4 ./Src/system_stm32f4xx.o
                0x20000130                SystemCoreClock
 *(.data*)
 .data.__sglue  0x20000134        0xc C:/App/STM32CubeIDE_1.19.0/STM32CubeIDE/plugins/com.st.stm32cube.ide.mcu.externaltools.gnu-tools-for-stm32.13.3.rel1.win32_1.0.0.202411081344/tools/bin/../lib/gcc/arm-none-eabi/13.3.1/../../../../arm-none-eabi/lib/thumb/v7e-m+fp/hard\libc_nano.a(libc_a-findfp.o)
                0x20000134                __sglue
 .data._impure_ptr
                0x20000140        0x4 C:/App/STM32CubeIDE_1.19.0/STM32CubeIDE/plugins/com.st.stm32cube.ide.mcu.externaltools.gnu-tools-for-stm32.13.3.rel1.win32_1.0.0.202411081344/tools/bin/../lib/gcc/arm-none-eabi/13.3.1/../../../../arm-none-eabi/lib/thumb/v7e-m+fp/hard\libc_nano.a(libc_a-impure.o)
                0x20000140                _impure_ptr
 .data._impure_data
                0x20000144       0x4c C:/App/STM32CubeIDE_1.19.0/STM32CubeIDE/plugins/com.st.stm32cube.ide.mcu.externaltools.gnu-tools-for-stm32.13.3.rel1.win32_1.0.0.202411081344/tools/bin/../lib/gcc/arm-none-eabi/13.3.1/../../../../arm-none-eabi/lib/thumb/v7e-m+fp/hard\libc_nano.a(libc_a-impure.o)
                0x20000144                _impure_data
                0x20000190                        . = ALIGN (0x4)
                0x20000190                        _edata = .

.igot.plt       0x20000190        0x0 load address 0x0804244c
 .igot.plt      0x20000190        0x0 C:/App/STM32CubeIDE_1.19.0/STM32CubeIDE/plugins/com.st.stm32cube.ide.mcu.externaltools.gnu-tools-for-stm32.13.3.rel1.win32_1.0.0.202411081344/tools/bin/../lib/gcc/arm-none-eabi/13.3.1/thumb/v7e-m+fp/hard/crtbegin.o
                0x20000190                        . = ALIGN (0x4)

.bss            0x20000190    0x23e28 load address 0x0804244c
                0x20000190                        _sbss = .
                0x20000190                        __bss_start__ = _sbss
 *(.bss)
 .bss           0x20000190       0x1c C:/App/STM32CubeIDE_1.19.0/STM32CubeIDE/plugins/com.st.stm32cube.ide.mcu.externaltools.gnu-tools-for-stm32.13.3.rel1.win32_1.0.0.202411081344/tools/bin/../lib/gcc/arm-none-eabi/13.3.1/thumb/v7e-m+fp/hard/crtbegin.o
 .bss           0x200001ac        0x4 ./Drivers/STM32F4xx_HAL_Driver/Src/stm32f4xx_hal.o
                0x200001ac                uwTick
 .bss           0x200001b0       0x20 ./Drivers/STM32F4xx_HAL_Driver/Src/stm32f4xx_hal_flash.o
                0x200001b0                pFlash
 .bss           0x200001d0        0xc ./Src/App/ModbusMath/ModbusMath.o
                0x200001d0                ModbusMath_ACQStart
                0x200001d4                ModbusMathOutput
 .bss           0x200001dc        0xc ./Src/App/ModbusMath/ModbusMath_MaxMin.o
                0x200001dc                ModbusMath_MaxMin_enable
                0x200001e0                ModbusMath_MaxMin_MaxValue
                0x200001e4                ModbusMath_MaxMin_MinValue
 .bss           0x200001e8    0x1f5cc ./Src/App/acquisition_lf.o
 .bss           0x2001f7b4     0x2404 ./Src/App/comm_app.o
                0x2001f7b4                respData
 .bss           0x20021bb8      0x33e ./Src/App/comm_link.o
 *fill*         0x20021ef6        0x2 
 .bss           0x20021ef8       0x24 ./Src/App/estimates_calc.o
 .bss           0x20021f1c       0x18 ./Src/Drivers/MacAddress.o
 .bss           0x20021f34      0x44c ./Src/Drivers/rs485.o
                0x20021f34                huart1
                0x20021f75                _timerRunning
                0x20021f78                tmp
 .bss           0x20022380       0x58 ./Src/Drivers/spi.o
                0x20022380                hspi1
 .bss           0x200223d8       0x64 ./Src/Drivers/temp.o
                0x200223d8                hadc1
                0x2002242c                PomiarADC
                0x20022430                Vsense
                0x20022434                Temperature
 .bss           0x2002243c       0xc1 ./Src/Drivers/timers.o
                0x2002243c                htim7
                0x2002247c                htim9
                0x200224bc                htim10
                0x200224fc                drdy
 *fill*         0x200224fd        0x3 
 .bss           0x20022500       0x1c ./Src/Estimates_Lib/MW_CMSIS_fft.o
 .bss           0x2002251c        0x1 ./Src/Memory/flash_handler.o
 *fill*         0x2002251d        0x3 
 .bss           0x20022520       0x49 ./Src/Memory/memory.o
 *fill*         0x20022569        0x7 
 .bss           0x20022570      0x335 ./Src/Modbus/ModbusRTU.o
                0x20022570                mess
                0x2002257c                message_data
                0x20022680                data_ring_buffer
                0x200226a4                data_buffer
                0x200227a4                data_out
                0x200228a4                send_index
 *fill*         0x200228a5        0x3 
 .bss           0x200228a8       0x76 ./Src/Modbus/ModbusRTU_FunctionCallbacks.o
 *fill*         0x2002291e        0x2 
 .bss           0x20022920     0x1004 ./Src/OTC/otc_core.o
                0x20022920                send_response
 .bss           0x20023924      0x538 ./Src/debug.o
                0x20023d3c                huart7
                0x20023d7c                hdma_uart7_tx
                0x20023ddc                tempBuf
 .bss           0x20023e5c        0x8 ./Src/main.o
                0x20023e5c                Protocol
                0x20023e5d                calculationsInterrupt
                0x20023e60                collectedData
 .bss           0x20023e64        0x8 ./Src/syscalls.o
                0x20023e68                __env
 *(.bss*)
 .bss.__sf      0x20023e6c      0x138 C:/App/STM32CubeIDE_1.19.0/STM32CubeIDE/plugins/com.st.stm32cube.ide.mcu.externaltools.gnu-tools-for-stm32.13.3.rel1.win32_1.0.0.202411081344/tools/bin/../lib/gcc/arm-none-eabi/13.3.1/../../../../arm-none-eabi/lib/thumb/v7e-m+fp/hard\libc_nano.a(libc_a-findfp.o)
                0x20023e6c                __sf
 .bss.__stdio_exit_handler
                0x20023fa4        0x4 C:/App/STM32CubeIDE_1.19.0/STM32CubeIDE/plugins/com.st.stm32cube.ide.mcu.externaltools.gnu-tools-for-stm32.13.3.rel1.win32_1.0.0.202411081344/tools/bin/../lib/gcc/arm-none-eabi/13.3.1/../../../../arm-none-eabi/lib/thumb/v7e-m+fp/hard\libc_nano.a(libc_a-findfp.o)
                0x20023fa4                __stdio_exit_handler
 .bss.errno     0x20023fa8        0x4 C:/App/STM32CubeIDE_1.19.0/STM32CubeIDE/plugins/com.st.stm32cube.ide.mcu.externaltools.gnu-tools-for-stm32.13.3.rel1.win32_1.0.0.202411081344/tools/bin/../lib/gcc/arm-none-eabi/13.3.1/../../../../arm-none-eabi/lib/thumb/v7e-m+fp/hard\libc_nano.a(libc_a-reent.o)
                0x20023fa8                errno
 .bss.__lock___malloc_recursive_mutex
                0x20023fac        0x1 C:/App/STM32CubeIDE_1.19.0/STM32CubeIDE/plugins/com.st.stm32cube.ide.mcu.externaltools.gnu-tools-for-stm32.13.3.rel1.win32_1.0.0.202411081344/tools/bin/../lib/gcc/arm-none-eabi/13.3.1/../../../../arm-none-eabi/lib/thumb/v7e-m+fp/hard\libc_nano.a(libc_a-lock.o)
                0x20023fac                __lock___malloc_recursive_mutex
 .bss.__lock___sfp_recursive_mutex
                0x20023fad        0x1 C:/App/STM32CubeIDE_1.19.0/STM32CubeIDE/plugins/com.st.stm32cube.ide.mcu.externaltools.gnu-tools-for-stm32.13.3.rel1.win32_1.0.0.202411081344/tools/bin/../lib/gcc/arm-none-eabi/13.3.1/../../../../arm-none-eabi/lib/thumb/v7e-m+fp/hard\libc_nano.a(libc_a-lock.o)
                0x20023fad                __lock___sfp_recursive_mutex
 *fill*         0x20023fae        0x2 
 .bss.__malloc_sbrk_start
                0x20023fb0        0x4 C:/App/STM32CubeIDE_1.19.0/STM32CubeIDE/plugins/com.st.stm32cube.ide.mcu.externaltools.gnu-tools-for-stm32.13.3.rel1.win32_1.0.0.202411081344/tools/bin/../lib/gcc/arm-none-eabi/13.3.1/../../../../arm-none-eabi/lib/thumb/v7e-m+fp/hard\libc_nano.a(libc_a-mallocr.o)
                0x20023fb0                __malloc_sbrk_start
 .bss.__malloc_free_list
                0x20023fb4        0x4 C:/App/STM32CubeIDE_1.19.0/STM32CubeIDE/plugins/com.st.stm32cube.ide.mcu.externaltools.gnu-tools-for-stm32.13.3.rel1.win32_1.0.0.202411081344/tools/bin/../lib/gcc/arm-none-eabi/13.3.1/../../../../arm-none-eabi/lib/thumb/v7e-m+fp/hard\libc_nano.a(libc_a-mallocr.o)
                0x20023fb4                __malloc_free_list