../Src/App/cyclicBuffer.h:56:22:CyclicBuffer_append	4	static
../Src/Drivers/rs485.c:273:13:FAST_UART_Receive_IT	16	static
../Src/Drivers/rs485.c:316:13:FastUartMspInit	40	static
../Src/Drivers/rs485.c:335:13:RS485_SetConfig	24	static
../Src/Drivers/rs485.c:84:6:MX_UART1_RX_DeInit	0	static
../Src/Drivers/rs485.c:24:6:RS485_RX_Sleep	16	static
../Src/Drivers/rs485.c:90:6:MX_UART1_RX_ReInit	0	static
../Src/Drivers/rs485.c:79:6:RS485_RX_SleepDone	8	static
../Src/Drivers/rs485.c:96:6:MX_UART1_TX_DeInit	0	static
../Src/Drivers/rs485.c:101:6:MX_UART1_TX_ReInit	0	static
../Src/Drivers/rs485.c:107:6:RS_485_transmit_with_delay	24	static
../Src/Drivers/rs485.c:122:6:RS485_receive	8	static
../Src/Drivers/rs485.c:133:6:flushSLSBuffer	0	static
../Src/Drivers/rs485.c:147:20:UART_Transmit	4	static
../Src/Drivers/rs485.c:187:10:RS485_Send	8	static
../Src/Drivers/rs485.c:201:6:RS485_TransmitOn	8	static,ignoring_inline_asm
../Src/Drivers/rs485.c:216:6:RS485_TransmitOff	8	static,ignoring_inline_asm
../Src/Drivers/rs485.c:237:6:RS485_Clear	0	static
../Src/Drivers/rs485.c:242:6:RS485_GetByte	4	static
../Src/Drivers/rs485.c:252:10:RS485_BuferCount	0	static
../Src/Drivers/rs485.c:258:6:DataTimerDone	0	static
../Src/Drivers/rs485.c:263:6:FAST_UART_RX_Start	8	static
../Src/Drivers/rs485.c:308:6:USART1_IRQHandler	8	static
../Src/Drivers/rs485.c:372:6:RS485_Init	16	static
