14:41:16 **** Build of configuration Debug for project SLS ****
make -j4 all 
arm-none-eabi-gcc -mcpu=cortex-m4 -g3 -c -x assembler-with-cpp -MMD -MP -MF"startup/startup_stm32f413xx.d" -MT"startup/startup_stm32f413xx.o" --specs=nano.specs -mfpu=fpv4-sp-d16 -mfloat-abi=hard -mthumb -o "startup/startup_stm32f413xx.o" "../startup/startup_stm32f413xx.s"
arm-none-eabi-gcc -c -u _printf_float "../Src/OTC/crc32.c" -mcpu=cortex-m4 -std=gnu11 -g3 '-D__weak=__attribute__((weak))' -DARM_MATH_CM4 '-D__packed=__attribute__((__packed__))' -DUSE_HAL_DRIVER -DSTM32F413xx -c -I"C:/App/ProjectsAMC/T0808-SLS/SLS/Drivers/CMSIS/DSP/Include" -I../Src/App/ModbusMath -I../Drivers/CMSIS/DSP/Include -I"C:/App/ProjectsAMC/T0808-SLS/SLS/Src/App/ModbusMath" -I../Src/App -I"C:/App/ProjectsAMC/T0808-SLS/SLS/Src/Modbus" -I../Src/OTC -I../Src/Memory -I../Inc -I../Src/Drivers -I../Drivers/STM32F4xx_HAL_Driver/Inc -I../Drivers/STM32F4xx_HAL_Driver/Inc/Legacy -I../Drivers/CMSIS/Device/ST/STM32F4xx/Include -I../Drivers/CMSIS/Include -I../Drivers/CMSIS/Lib/GCC -I../../Src/App/ModbusMath -I../../Drivers/CMSIS/DSP/Include -Og -ffunction-sections -Wall -fmessage-length=0 -fstack-usage -fcyclomatic-complexity -MMD -MP -MF"Src/OTC/crc32.d" -MT"Src/OTC/crc32.o" --specs=nano.specs -mfpu=fpv4-sp-d16 -mfloat-abi=hard -mthumb -o "Src/OTC/crc32.o"
arm-none-eabi-gcc -c -u _printf_float "../Src/OTC/otc_core.c" -mcpu=cortex-m4 -std=gnu11 -g3 '-D__weak=__attribute__((weak))' -DARM_MATH_CM4 '-D__packed=__attribute__((__packed__))' -DUSE_HAL_DRIVER -DSTM32F413xx -c -I"C:/App/ProjectsAMC/T0808-SLS/SLS/Drivers/CMSIS/DSP/Include" -I../Src/App/ModbusMath -I../Drivers/CMSIS/DSP/Include -I"C:/App/ProjectsAMC/T0808-SLS/SLS/Src/App/ModbusMath" -I../Src/App -I"C:/App/ProjectsAMC/T0808-SLS/SLS/Src/Modbus" -I../Src/OTC -I../Src/Memory -I../Inc -I../Src/Drivers -I../Drivers/STM32F4xx_HAL_Driver/Inc -I../Drivers/STM32F4xx_HAL_Driver/Inc/Legacy -I../Drivers/CMSIS/Device/ST/STM32F4xx/Include -I../Drivers/CMSIS/Include -I../Drivers/CMSIS/Lib/GCC -I../../Src/App/ModbusMath -I../../Drivers/CMSIS/DSP/Include -Og -ffunction-sections -Wall -fmessage-length=0 -fstack-usage -fcyclomatic-complexity -MMD -MP -MF"Src/OTC/otc_core.d" -MT"Src/OTC/otc_core.o" --specs=nano.specs -mfpu=fpv4-sp-d16 -mfloat-abi=hard -mthumb -o "Src/OTC/otc_core.o"
arm-none-eabi-gcc -c -u _printf_float "../Src/OTC/otc_flash.c" -mcpu=cortex-m4 -std=gnu11 -g3 '-D__weak=__attribute__((weak))' -DARM_MATH_CM4 '-D__packed=__attribute__((__packed__))' -DUSE_HAL_DRIVER -DSTM32F413xx -c -I"C:/App/ProjectsAMC/T0808-SLS/SLS/Drivers/CMSIS/DSP/Include" -I../Src/App/ModbusMath -I../Drivers/CMSIS/DSP/Include -I"C:/App/ProjectsAMC/T0808-SLS/SLS/Src/App/ModbusMath" -I../Src/App -I"C:/App/ProjectsAMC/T0808-SLS/SLS/Src/Modbus" -I../Src/OTC -I../Src/Memory -I../Inc -I../Src/Drivers -I../Drivers/STM32F4xx_HAL_Driver/Inc -I../Drivers/STM32F4xx_HAL_Driver/Inc/Legacy -I../Drivers/CMSIS/Device/ST/STM32F4xx/Include -I../Drivers/CMSIS/Include -I../Drivers/CMSIS/Lib/GCC -I../../Src/App/ModbusMath -I../../Drivers/CMSIS/DSP/Include -Og -ffunction-sections -Wall -fmessage-length=0 -fstack-usage -fcyclomatic-complexity -MMD -MP -MF"Src/OTC/otc_flash.d" -MT"Src/OTC/otc_flash.o" --specs=nano.specs -mfpu=fpv4-sp-d16 -mfloat-abi=hard -mthumb -o "Src/OTC/otc_flash.o"
../Src/OTC/crc32.c:12:13: warning: 'GenerateTable' defined but not used [-Wunused-function]
   12 | static void GenerateTable(void)
      |             ^~~~~~~~~~~~~
arm-none-eabi-gcc -c -u _printf_float "../Src/Modbus/ModbusRTU.c" -mcpu=cortex-m4 -std=gnu11 -g3 '-D__weak=__attribute__((weak))' -DARM_MATH_CM4 '-D__packed=__attribute__((__packed__))' -DUSE_HAL_DRIVER -DSTM32F413xx -c -I"C:/App/ProjectsAMC/T0808-SLS/SLS/Drivers/CMSIS/DSP/Include" -I../Src/App/ModbusMath -I../Drivers/CMSIS/DSP/Include -I"C:/App/ProjectsAMC/T0808-SLS/SLS/Src/App/ModbusMath" -I../Src/App -I"C:/App/ProjectsAMC/T0808-SLS/SLS/Src/Modbus" -I../Src/OTC -I../Src/Memory -I../Inc -I../Src/Drivers -I../Drivers/STM32F4xx_HAL_Driver/Inc -I../Drivers/STM32F4xx_HAL_Driver/Inc/Legacy -I../Drivers/CMSIS/Device/ST/STM32F4xx/Include -I../Drivers/CMSIS/Include -I../Drivers/CMSIS/Lib/GCC -I../../Src/App/ModbusMath -I../../Drivers/CMSIS/DSP/Include -Og -ffunction-sections -Wall -fmessage-length=0 -fstack-usage -fcyclomatic-complexity -MMD -MP -MF"Src/Modbus/ModbusRTU.d" -MT"Src/Modbus/ModbusRTU.o" --specs=nano.specs -mfpu=fpv4-sp-d16 -mfloat-abi=hard -mthumb -o "Src/Modbus/ModbusRTU.o"
arm-none-eabi-gcc -c -u _printf_float "../Src/Modbus/ModbusRTU_FunctionCallbacks.c" -mcpu=cortex-m4 -std=gnu11 -g3 '-D__weak=__attribute__((weak))' -DARM_MATH_CM4 '-D__packed=__attribute__((__packed__))' -DUSE_HAL_DRIVER -DSTM32F413xx -c -I"C:/App/ProjectsAMC/T0808-SLS/SLS/Drivers/CMSIS/DSP/Include" -I../Src/App/ModbusMath -I../Drivers/CMSIS/DSP/Include -I"C:/App/ProjectsAMC/T0808-SLS/SLS/Src/App/ModbusMath" -I../Src/App -I"C:/App/ProjectsAMC/T0808-SLS/SLS/Src/Modbus" -I../Src/OTC -I../Src/Memory -I../Inc -I../Src/Drivers -I../Drivers/STM32F4xx_HAL_Driver/Inc -I../Drivers/STM32F4xx_HAL_Driver/Inc/Legacy -I../Drivers/CMSIS/Device/ST/STM32F4xx/Include -I../Drivers/CMSIS/Include -I../Drivers/CMSIS/Lib/GCC -I../../Src/App/ModbusMath -I../../Drivers/CMSIS/DSP/Include -Og -ffunction-sections -Wall -fmessage-length=0 -fstack-usage -fcyclomatic-complexity -MMD -MP -MF"Src/Modbus/ModbusRTU_FunctionCallbacks.d" -MT"Src/Modbus/ModbusRTU_FunctionCallbacks.o" --specs=nano.specs -mfpu=fpv4-sp-d16 -mfloat-abi=hard -mthumb -o "Src/Modbus/ModbusRTU_FunctionCallbacks.o"
../Src/Modbus/ModbusRTU_FunctionCallbacks.c: In function 'modbusRTUFCallbacks_writeRegisters':
../Src/Modbus/ModbusRTU_FunctionCallbacks.c:369:18: warning: unused variable 'byteCount' [-Wunused-variable]
  369 |         uint16_t byteCount = (mess->data[4]);
      |                  ^~~~~~~~~
arm-none-eabi-gcc -c -u _printf_float "../Src/Modbus/ModbusRTU_crc.c" -mcpu=cortex-m4 -std=gnu11 -g3 '-D__weak=__attribute__((weak))' -DARM_MATH_CM4 '-D__packed=__attribute__((__packed__))' -DUSE_HAL_DRIVER -DSTM32F413xx -c -I"C:/App/ProjectsAMC/T0808-SLS/SLS/Drivers/CMSIS/DSP/Include" -I../Src/App/ModbusMath -I../Drivers/CMSIS/DSP/Include -I"C:/App/ProjectsAMC/T0808-SLS/SLS/Src/App/ModbusMath" -I../Src/App -I"C:/App/ProjectsAMC/T0808-SLS/SLS/Src/Modbus" -I../Src/OTC -I../Src/Memory -I../Inc -I../Src/Drivers -I../Drivers/STM32F4xx_HAL_Driver/Inc -I../Drivers/STM32F4xx_HAL_Driver/Inc/Legacy -I../Drivers/CMSIS/Device/ST/STM32F4xx/Include -I../Drivers/CMSIS/Include -I../Drivers/CMSIS/Lib/GCC -I../../Src/App/ModbusMath -I../../Drivers/CMSIS/DSP/Include -Og -ffunction-sections -Wall -fmessage-length=0 -fstack-usage -fcyclomatic-complexity -MMD -MP -MF"Src/Modbus/ModbusRTU_crc.d" -MT"Src/Modbus/ModbusRTU_crc.o" --specs=nano.specs -mfpu=fpv4-sp-d16 -mfloat-abi=hard -mthumb -o "Src/Modbus/ModbusRTU_crc.o"
arm-none-eabi-gcc -c -u _printf_float "../Src/Memory/flash_handler.c" -mcpu=cortex-m4 -std=gnu11 -g3 '-D__weak=__attribute__((weak))' -DARM_MATH_CM4 '-D__packed=__attribute__((__packed__))' -DUSE_HAL_DRIVER -DSTM32F413xx -c -I"C:/App/ProjectsAMC/T0808-SLS/SLS/Drivers/CMSIS/DSP/Include" -I../Src/App/ModbusMath -I../Drivers/CMSIS/DSP/Include -I"C:/App/ProjectsAMC/T0808-SLS/SLS/Src/App/ModbusMath" -I../Src/App -I"C:/App/ProjectsAMC/T0808-SLS/SLS/Src/Modbus" -I../Src/OTC -I../Src/Memory -I../Inc -I../Src/Drivers -I../Drivers/STM32F4xx_HAL_Driver/Inc -I../Drivers/STM32F4xx_HAL_Driver/Inc/Legacy -I../Drivers/CMSIS/Device/ST/STM32F4xx/Include -I../Drivers/CMSIS/Include -I../Drivers/CMSIS/Lib/GCC -I../../Src/App/ModbusMath -I../../Drivers/CMSIS/DSP/Include -Og -ffunction-sections -Wall -fmessage-length=0 -fstack-usage -fcyclomatic-complexity -MMD -MP -MF"Src/Memory/flash_handler.d" -MT"Src/Memory/flash_handler.o" --specs=nano.specs -mfpu=fpv4-sp-d16 -mfloat-abi=hard -mthumb -o "Src/Memory/flash_handler.o"
arm-none-eabi-gcc -c -u _printf_float "../Src/Memory/memory.c" -mcpu=cortex-m4 -std=gnu11 -g3 '-D__weak=__attribute__((weak))' -DARM_MATH_CM4 '-D__packed=__attribute__((__packed__))' -DUSE_HAL_DRIVER -DSTM32F413xx -c -I"C:/App/ProjectsAMC/T0808-SLS/SLS/Drivers/CMSIS/DSP/Include" -I../Src/App/ModbusMath -I../Drivers/CMSIS/DSP/Include -I"C:/App/ProjectsAMC/T0808-SLS/SLS/Src/App/ModbusMath" -I../Src/App -I"C:/App/ProjectsAMC/T0808-SLS/SLS/Src/Modbus" -I../Src/OTC -I../Src/Memory -I../Inc -I../Src/Drivers -I../Drivers/STM32F4xx_HAL_Driver/Inc -I../Drivers/STM32F4xx_HAL_Driver/Inc/Legacy -I../Drivers/CMSIS/Device/ST/STM32F4xx/Include -I../Drivers/CMSIS/Include -I../Drivers/CMSIS/Lib/GCC -I../../Src/App/ModbusMath -I../../Drivers/CMSIS/DSP/Include -Og -ffunction-sections -Wall -fmessage-length=0 -fstack-usage -fcyclomatic-complexity -MMD -MP -MF"Src/Memory/memory.d" -MT"Src/Memory/memory.o" --specs=nano.specs -mfpu=fpv4-sp-d16 -mfloat-abi=hard -mthumb -o "Src/Memory/memory.o"
arm-none-eabi-gcc -c -u _printf_float "../Src/Memory/shared_memory.c" -mcpu=cortex-m4 -std=gnu11 -g3 '-D__weak=__attribute__((weak))' -DARM_MATH_CM4 '-D__packed=__attribute__((__packed__))' -DUSE_HAL_DRIVER -DSTM32F413xx -c -I"C:/App/ProjectsAMC/T0808-SLS/SLS/Drivers/CMSIS/DSP/Include" -I../Src/App/ModbusMath -I../Drivers/CMSIS/DSP/Include -I"C:/App/ProjectsAMC/T0808-SLS/SLS/Src/App/ModbusMath" -I../Src/App -I"C:/App/ProjectsAMC/T0808-SLS/SLS/Src/Modbus" -I../Src/OTC -I../Src/Memory -I../Inc -I../Src/Drivers -I../Drivers/STM32F4xx_HAL_Driver/Inc -I../Drivers/STM32F4xx_HAL_Driver/Inc/Legacy -I../Drivers/CMSIS/Device/ST/STM32F4xx/Include -I../Drivers/CMSIS/Include -I../Drivers/CMSIS/Lib/GCC -I../../Src/App/ModbusMath -I../../Drivers/CMSIS/DSP/Include -Og -ffunction-sections -Wall -fmessage-length=0 -fstack-usage -fcyclomatic-complexity -MMD -MP -MF"Src/Memory/shared_memory.d" -MT"Src/Memory/shared_memory.o" --specs=nano.specs -mfpu=fpv4-sp-d16 -mfloat-abi=hard -mthumb -o "Src/Memory/shared_memory.o"
arm-none-eabi-gcc -c -u _printf_float "../Src/Estimates_Lib/FD_PP_RMS_VRMS10_envZP_envRMS_fs32000_nFFF4096_T1s.c" -mcpu=cortex-m4 -std=gnu11 -g3 '-D__weak=__attribute__((weak))' -DARM_MATH_CM4 '-D__packed=__attribute__((__packed__))' -DUSE_HAL_DRIVER -DSTM32F413xx -c -I"C:/App/ProjectsAMC/T0808-SLS/SLS/Drivers/CMSIS/DSP/Include" -I../Src/App/ModbusMath -I../Drivers/CMSIS/DSP/Include -I"C:/App/ProjectsAMC/T0808-SLS/SLS/Src/App/ModbusMath" -I../Src/App -I"C:/App/ProjectsAMC/T0808-SLS/SLS/Src/Modbus" -I../Src/OTC -I../Src/Memory -I../Inc -I../Src/Drivers -I../Drivers/STM32F4xx_HAL_Driver/Inc -I../Drivers/STM32F4xx_HAL_Driver/Inc/Legacy -I../Drivers/CMSIS/Device/ST/STM32F4xx/Include -I../Drivers/CMSIS/Include -I../Drivers/CMSIS/Lib/GCC -I../../Src/App/ModbusMath -I../../Drivers/CMSIS/DSP/Include -Og -ffunction-sections -Wall -fmessage-length=0 -fstack-usage -fcyclomatic-complexity -MMD -MP -MF"Src/Estimates_Lib/FD_PP_RMS_VRMS10_envZP_envRMS_fs32000_nFFF4096_T1s.d" -MT"Src/Estimates_Lib/FD_PP_RMS_VRMS10_envZP_envRMS_fs32000_nFFF4096_T1s.o" --specs=nano.specs -mfpu=fpv4-sp-d16 -mfloat-abi=hard -mthumb -o "Src/Estimates_Lib/FD_PP_RMS_VRMS10_envZP_envRMS_fs32000_nFFF4096_T1s.o"
arm-none-eabi-gcc -c -u _printf_float "../Src/Estimates_Lib/FD_PP_RMS_VRMS10_envZP_envRMS_fs32000_nFFF4096_T1s_data.c" -mcpu=cortex-m4 -std=gnu11 -g3 '-D__weak=__attribute__((weak))' -DARM_MATH_CM4 '-D__packed=__attribute__((__packed__))' -DUSE_HAL_DRIVER -DSTM32F413xx -c -I"C:/App/ProjectsAMC/T0808-SLS/SLS/Drivers/CMSIS/DSP/Include" -I../Src/App/ModbusMath -I../Drivers/CMSIS/DSP/Include -I"C:/App/ProjectsAMC/T0808-SLS/SLS/Src/App/ModbusMath" -I../Src/App -I"C:/App/ProjectsAMC/T0808-SLS/SLS/Src/Modbus" -I../Src/OTC -I../Src/Memory -I../Inc -I../Src/Drivers -I../Drivers/STM32F4xx_HAL_Driver/Inc -I../Drivers/STM32F4xx_HAL_Driver/Inc/Legacy -I../Drivers/CMSIS/Device/ST/STM32F4xx/Include -I../Drivers/CMSIS/Include -I../Drivers/CMSIS/Lib/GCC -I../../Src/App/ModbusMath -I../../Drivers/CMSIS/DSP/Include -Og -ffunction-sections -Wall -fmessage-length=0 -fstack-usage -fcyclomatic-complexity -MMD -MP -MF"Src/Estimates_Lib/FD_PP_RMS_VRMS10_envZP_envRMS_fs32000_nFFF4096_T1s_data.d" -MT"Src/Estimates_Lib/FD_PP_RMS_VRMS10_envZP_envRMS_fs32000_nFFF4096_T1s_data.o" --specs=nano.specs -mfpu=fpv4-sp-d16 -mfloat-abi=hard -mthumb -o "Src/Estimates_Lib/FD_PP_RMS_VRMS10_envZP_envRMS_fs32000_nFFF4096_T1s_data.o"
arm-none-eabi-gcc -c -u _printf_float "../Src/Estimates_Lib/FD_PP_RMS_VRMS10_envZP_envRMS_fs32000_nFFF4096_T1s_initialize.c" -mcpu=cortex-m4 -std=gnu11 -g3 '-D__weak=__attribute__((weak))' -DARM_MATH_CM4 '-D__packed=__attribute__((__packed__))' -DUSE_HAL_DRIVER -DSTM32F413xx -c -I"C:/App/ProjectsAMC/T0808-SLS/SLS/Drivers/CMSIS/DSP/Include" -I../Src/App/ModbusMath -I../Drivers/CMSIS/DSP/Include -I"C:/App/ProjectsAMC/T0808-SLS/SLS/Src/App/ModbusMath" -I../Src/App -I"C:/App/ProjectsAMC/T0808-SLS/SLS/Src/Modbus" -I../Src/OTC -I../Src/Memory -I../Inc -I../Src/Drivers -I../Drivers/STM32F4xx_HAL_Driver/Inc -I../Drivers/STM32F4xx_HAL_Driver/Inc/Legacy -I../Drivers/CMSIS/Device/ST/STM32F4xx/Include -I../Drivers/CMSIS/Include -I../Drivers/CMSIS/Lib/GCC -I../../Src/App/ModbusMath -I../../Drivers/CMSIS/DSP/Include -Og -ffunction-sections -Wall -fmessage-length=0 -fstack-usage -fcyclomatic-complexity -MMD -MP -MF"Src/Estimates_Lib/FD_PP_RMS_VRMS10_envZP_envRMS_fs32000_nFFF4096_T1s_initialize.d" -MT"Src/Estimates_Lib/FD_PP_RMS_VRMS10_envZP_envRMS_fs32000_nFFF4096_T1s_initialize.o" --specs=nano.specs -mfpu=fpv4-sp-d16 -mfloat-abi=hard -mthumb -o "Src/Estimates_Lib/FD_PP_RMS_VRMS10_envZP_envRMS_fs32000_nFFF4096_T1s_initialize.o"
arm-none-eabi-gcc -c -u _printf_float "../Src/Estimates_Lib/FD_PP_RMS_VRMS10_envZP_envRMS_fs32000_nFFF4096_T1s_terminate.c" -mcpu=cortex-m4 -std=gnu11 -g3 '-D__weak=__attribute__((weak))' -DARM_MATH_CM4 '-D__packed=__attribute__((__packed__))' -DUSE_HAL_DRIVER -DSTM32F413xx -c -I"C:/App/ProjectsAMC/T0808-SLS/SLS/Drivers/CMSIS/DSP/Include" -I../Src/App/ModbusMath -I../Drivers/CMSIS/DSP/Include -I"C:/App/ProjectsAMC/T0808-SLS/SLS/Src/App/ModbusMath" -I../Src/App -I"C:/App/ProjectsAMC/T0808-SLS/SLS/Src/Modbus" -I../Src/OTC -I../Src/Memory -I../Inc -I../Src/Drivers -I../Drivers/STM32F4xx_HAL_Driver/Inc -I../Drivers/STM32F4xx_HAL_Driver/Inc/Legacy -I../Drivers/CMSIS/Device/ST/STM32F4xx/Include -I../Drivers/CMSIS/Include -I../Drivers/CMSIS/Lib/GCC -I../../Src/App/ModbusMath -I../../Drivers/CMSIS/DSP/Include -Og -ffunction-sections -Wall -fmessage-length=0 -fstack-usage -fcyclomatic-complexity -MMD -MP -MF"Src/Estimates_Lib/FD_PP_RMS_VRMS10_envZP_envRMS_fs32000_nFFF4096_T1s_terminate.d" -MT"Src/Estimates_Lib/FD_PP_RMS_VRMS10_envZP_envRMS_fs32000_nFFF4096_T1s_terminate.o" --specs=nano.specs -mfpu=fpv4-sp-d16 -mfloat-abi=hard -mthumb -o "Src/Estimates_Lib/FD_PP_RMS_VRMS10_envZP_envRMS_fs32000_nFFF4096_T1s_terminate.o"
arm-none-eabi-gcc -c -u _printf_float "../Src/Estimates_Lib/FD_PP_RMS_VRMS10_fs4000_nFFF4096_T1s.c" -mcpu=cortex-m4 -std=gnu11 -g3 '-D__weak=__attribute__((weak))' -DARM_MATH_CM4 '-D__packed=__attribute__((__packed__))' -DUSE_HAL_DRIVER -DSTM32F413xx -c -I"C:/App/ProjectsAMC/T0808-SLS/SLS/Drivers/CMSIS/DSP/Include" -I../Src/App/ModbusMath -I../Drivers/CMSIS/DSP/Include -I"C:/App/ProjectsAMC/T0808-SLS/SLS/Src/App/ModbusMath" -I../Src/App -I"C:/App/ProjectsAMC/T0808-SLS/SLS/Src/Modbus" -I../Src/OTC -I../Src/Memory -I../Inc -I../Src/Drivers -I../Drivers/STM32F4xx_HAL_Driver/Inc -I../Drivers/STM32F4xx_HAL_Driver/Inc/Legacy -I../Drivers/CMSIS/Device/ST/STM32F4xx/Include -I../Drivers/CMSIS/Include -I../Drivers/CMSIS/Lib/GCC -I../../Src/App/ModbusMath -I../../Drivers/CMSIS/DSP/Include -Og -ffunction-sections -Wall -fmessage-length=0 -fstack-usage -fcyclomatic-complexity -MMD -MP -MF"Src/Estimates_Lib/FD_PP_RMS_VRMS10_fs4000_nFFF4096_T1s.d" -MT"Src/Estimates_Lib/FD_PP_RMS_VRMS10_fs4000_nFFF4096_T1s.o" --specs=nano.specs -mfpu=fpv4-sp-d16 -mfloat-abi=hard -mthumb -o "Src/Estimates_Lib/FD_PP_RMS_VRMS10_fs4000_nFFF4096_T1s.o"
arm-none-eabi-gcc -c -u _printf_float "../Src/Estimates_Lib/FD_PP_RMS_VRMS10_fs4000_nFFF4096_T1s_data.c" -mcpu=cortex-m4 -std=gnu11 -g3 '-D__weak=__attribute__((weak))' -DARM_MATH_CM4 '-D__packed=__attribute__((__packed__))' -DUSE_HAL_DRIVER -DSTM32F413xx -c -I"C:/App/ProjectsAMC/T0808-SLS/SLS/Drivers/CMSIS/DSP/Include" -I../Src/App/ModbusMath -I../Drivers/CMSIS/DSP/Include -I"C:/App/ProjectsAMC/T0808-SLS/SLS/Src/App/ModbusMath" -I../Src/App -I"C:/App/ProjectsAMC/T0808-SLS/SLS/Src/Modbus" -I../Src/OTC -I../Src/Memory -I../Inc -I../Src/Drivers -I../Drivers/STM32F4xx_HAL_Driver/Inc -I../Drivers/STM32F4xx_HAL_Driver/Inc/Legacy -I../Drivers/CMSIS/Device/ST/STM32F4xx/Include -I../Drivers/CMSIS/Include -I../Drivers/CMSIS/Lib/GCC -I../../Src/App/ModbusMath -I../../Drivers/CMSIS/DSP/Include -Og -ffunction-sections -Wall -fmessage-length=0 -fstack-usage -fcyclomatic-complexity -MMD -MP -MF"Src/Estimates_Lib/FD_PP_RMS_VRMS10_fs4000_nFFF4096_T1s_data.d" -MT"Src/Estimates_Lib/FD_PP_RMS_VRMS10_fs4000_nFFF4096_T1s_data.o" --specs=nano.specs -mfpu=fpv4-sp-d16 -mfloat-abi=hard -mthumb -o "Src/Estimates_Lib/FD_PP_RMS_VRMS10_fs4000_nFFF4096_T1s_data.o"
arm-none-eabi-gcc -c -u _printf_float "../Src/Estimates_Lib/FD_PP_RMS_VRMS10_fs4000_nFFF4096_T1s_initialize.c" -mcpu=cortex-m4 -std=gnu11 -g3 '-D__weak=__attribute__((weak))' -DARM_MATH_CM4 '-D__packed=__attribute__((__packed__))' -DUSE_HAL_DRIVER -DSTM32F413xx -c -I"C:/App/ProjectsAMC/T0808-SLS/SLS/Drivers/CMSIS/DSP/Include" -I../Src/App/ModbusMath -I../Drivers/CMSIS/DSP/Include -I"C:/App/ProjectsAMC/T0808-SLS/SLS/Src/App/ModbusMath" -I../Src/App -I"C:/App/ProjectsAMC/T0808-SLS/SLS/Src/Modbus" -I../Src/OTC -I../Src/Memory -I../Inc -I../Src/Drivers -I../Drivers/STM32F4xx_HAL_Driver/Inc -I../Drivers/STM32F4xx_HAL_Driver/Inc/Legacy -I../Drivers/CMSIS/Device/ST/STM32F4xx/Include -I../Drivers/CMSIS/Include -I../Drivers/CMSIS/Lib/GCC -I../../Src/App/ModbusMath -I../../Drivers/CMSIS/DSP/Include -Og -ffunction-sections -Wall -fmessage-length=0 -fstack-usage -fcyclomatic-complexity -MMD -MP -MF"Src/Estimates_Lib/FD_PP_RMS_VRMS10_fs4000_nFFF4096_T1s_initialize.d" -MT"Src/Estimates_Lib/FD_PP_RMS_VRMS10_fs4000_nFFF4096_T1s_initialize.o" --specs=nano.specs -mfpu=fpv4-sp-d16 -mfloat-abi=hard -mthumb -o "Src/Estimates_Lib/FD_PP_RMS_VRMS10_fs4000_nFFF4096_T1s_initialize.o"
arm-none-eabi-gcc -c -u _printf_float "../Src/Estimates_Lib/FD_PP_RMS_VRMS10_fs4000_nFFF4096_T1s_terminate.c" -mcpu=cortex-m4 -std=gnu11 -g3 '-D__weak=__attribute__((weak))' -DARM_MATH_CM4 '-D__packed=__attribute__((__packed__))' -DUSE_HAL_DRIVER -DSTM32F413xx -c -I"C:/App/ProjectsAMC/T0808-SLS/SLS/Drivers/CMSIS/DSP/Include" -I../Src/App/ModbusMath -I../Drivers/CMSIS/DSP/Include -I"C:/App/ProjectsAMC/T0808-SLS/SLS/Src/App/ModbusMath" -I../Src/App -I"C:/App/ProjectsAMC/T0808-SLS/SLS/Src/Modbus" -I../Src/OTC -I../Src/Memory -I../Inc -I../Src/Drivers -I../Drivers/STM32F4xx_HAL_Driver/Inc -I../Drivers/STM32F4xx_HAL_Driver/Inc/Legacy -I../Drivers/CMSIS/Device/ST/STM32F4xx/Include -I../Drivers/CMSIS/Include -I../Drivers/CMSIS/Lib/GCC -I../../Src/App/ModbusMath -I../../Drivers/CMSIS/DSP/Include -Og -ffunction-sections -Wall -fmessage-length=0 -fstack-usage -fcyclomatic-complexity -MMD -MP -MF"Src/Estimates_Lib/FD_PP_RMS_VRMS10_fs4000_nFFF4096_T1s_terminate.d" -MT"Src/Estimates_Lib/FD_PP_RMS_VRMS10_fs4000_nFFF4096_T1s_terminate.o" --specs=nano.specs -mfpu=fpv4-sp-d16 -mfloat-abi=hard -mthumb -o "Src/Estimates_Lib/FD_PP_RMS_VRMS10_fs4000_nFFF4096_T1s_terminate.o"
arm-none-eabi-gcc -c -u _printf_float "../Src/Estimates_Lib/MW_CMSIS_fft.c" -mcpu=cortex-m4 -std=gnu11 -g3 '-D__weak=__attribute__((weak))' -DARM_MATH_CM4 '-D__packed=__attribute__((__packed__))' -DUSE_HAL_DRIVER -DSTM32F413xx -c -I"C:/App/ProjectsAMC/T0808-SLS/SLS/Drivers/CMSIS/DSP/Include" -I../Src/App/ModbusMath -I../Drivers/CMSIS/DSP/Include -I"C:/App/ProjectsAMC/T0808-SLS/SLS/Src/App/ModbusMath" -I../Src/App -I"C:/App/ProjectsAMC/T0808-SLS/SLS/Src/Modbus" -I../Src/OTC -I../Src/Memory -I../Inc -I../Src/Drivers -I../Drivers/STM32F4xx_HAL_Driver/Inc -I../Drivers/STM32F4xx_HAL_Driver/Inc/Legacy -I../Drivers/CMSIS/Device/ST/STM32F4xx/Include -I../Drivers/CMSIS/Include -I../Drivers/CMSIS/Lib/GCC -I../../Src/App/ModbusMath -I../../Drivers/CMSIS/DSP/Include -Og -ffunction-sections -Wall -fmessage-length=0 -fstack-usage -fcyclomatic-complexity -MMD -MP -MF"Src/Estimates_Lib/MW_CMSIS_fft.d" -MT"Src/Estimates_Lib/MW_CMSIS_fft.o" --specs=nano.specs -mfpu=fpv4-sp-d16 -mfloat-abi=hard -mthumb -o "Src/Estimates_Lib/MW_CMSIS_fft.o"
arm-none-eabi-gcc -c -u _printf_float "../Src/Estimates_Lib/minOrMax.c" -mcpu=cortex-m4 -std=gnu11 -g3 '-D__weak=__attribute__((weak))' -DARM_MATH_CM4 '-D__packed=__attribute__((__packed__))' -DUSE_HAL_DRIVER -DSTM32F413xx -c -I"C:/App/ProjectsAMC/T0808-SLS/SLS/Drivers/CMSIS/DSP/Include" -I../Src/App/ModbusMath -I../Drivers/CMSIS/DSP/Include -I"C:/App/ProjectsAMC/T0808-SLS/SLS/Src/App/ModbusMath" -I../Src/App -I"C:/App/ProjectsAMC/T0808-SLS/SLS/Src/Modbus" -I../Src/OTC -I../Src/Memory -I../Inc -I../Src/Drivers -I../Drivers/STM32F4xx_HAL_Driver/Inc -I../Drivers/STM32F4xx_HAL_Driver/Inc/Legacy -I../Drivers/CMSIS/Device/ST/STM32F4xx/Include -I../Drivers/CMSIS/Include -I../Drivers/CMSIS/Lib/GCC -I../../Src/App/ModbusMath -I../../Drivers/CMSIS/DSP/Include -Og -ffunction-sections -Wall -fmessage-length=0 -fstack-usage -fcyclomatic-complexity -MMD -MP -MF"Src/Estimates_Lib/minOrMax.d" -MT"Src/Estimates_Lib/minOrMax.o" --specs=nano.specs -mfpu=fpv4-sp-d16 -mfloat-abi=hard -mthumb -o "Src/Estimates_Lib/minOrMax.o"
arm-none-eabi-gcc -c -u _printf_float "../Src/Estimates_Lib/rtGetInf.c" -mcpu=cortex-m4 -std=gnu11 -g3 '-D__weak=__attribute__((weak))' -DARM_MATH_CM4 '-D__packed=__attribute__((__packed__))' -DUSE_HAL_DRIVER -DSTM32F413xx -c -I"C:/App/ProjectsAMC/T0808-SLS/SLS/Drivers/CMSIS/DSP/Include" -I../Src/App/ModbusMath -I../Drivers/CMSIS/DSP/Include -I"C:/App/ProjectsAMC/T0808-SLS/SLS/Src/App/ModbusMath" -I../Src/App -I"C:/App/ProjectsAMC/T0808-SLS/SLS/Src/Modbus" -I../Src/OTC -I../Src/Memory -I../Inc -I../Src/Drivers -I../Drivers/STM32F4xx_HAL_Driver/Inc -I../Drivers/STM32F4xx_HAL_Driver/Inc/Legacy -I../Drivers/CMSIS/Device/ST/STM32F4xx/Include -I../Drivers/CMSIS/Include -I../Drivers/CMSIS/Lib/GCC -I../../Src/App/ModbusMath -I../../Drivers/CMSIS/DSP/Include -Og -ffunction-sections -Wall -fmessage-length=0 -fstack-usage -fcyclomatic-complexity -MMD -MP -MF"Src/Estimates_Lib/rtGetInf.d" -MT"Src/Estimates_Lib/rtGetInf.o" --specs=nano.specs -mfpu=fpv4-sp-d16 -mfloat-abi=hard -mthumb -o "Src/Estimates_Lib/rtGetInf.o"
arm-none-eabi-gcc -c -u _printf_float "../Src/Estimates_Lib/rtGetNaN.c" -mcpu=cortex-m4 -std=gnu11 -g3 '-D__weak=__attribute__((weak))' -DARM_MATH_CM4 '-D__packed=__attribute__((__packed__))' -DUSE_HAL_DRIVER -DSTM32F413xx -c -I"C:/App/ProjectsAMC/T0808-SLS/SLS/Drivers/CMSIS/DSP/Include" -I../Src/App/ModbusMath -I../Drivers/CMSIS/DSP/Include -I"C:/App/ProjectsAMC/T0808-SLS/SLS/Src/App/ModbusMath" -I../Src/App -I"C:/App/ProjectsAMC/T0808-SLS/SLS/Src/Modbus" -I../Src/OTC -I../Src/Memory -I../Inc -I../Src/Drivers -I../Drivers/STM32F4xx_HAL_Driver/Inc -I../Drivers/STM32F4xx_HAL_Driver/Inc/Legacy -I../Drivers/CMSIS/Device/ST/STM32F4xx/Include -I../Drivers/CMSIS/Include -I../Drivers/CMSIS/Lib/GCC -I../../Src/App/ModbusMath -I../../Drivers/CMSIS/DSP/Include -Og -ffunction-sections -Wall -fmessage-length=0 -fstack-usage -fcyclomatic-complexity -MMD -MP -MF"Src/Estimates_Lib/rtGetNaN.d" -MT"Src/Estimates_Lib/rtGetNaN.o" --specs=nano.specs -mfpu=fpv4-sp-d16 -mfloat-abi=hard -mthumb -o "Src/Estimates_Lib/rtGetNaN.o"
arm-none-eabi-gcc -c -u _printf_float "../Src/Estimates_Lib/rt_nonfinite.c" -mcpu=cortex-m4 -std=gnu11 -g3 '-D__weak=__attribute__((weak))' -DARM_MATH_CM4 '-D__packed=__attribute__((__packed__))' -DUSE_HAL_DRIVER -DSTM32F413xx -c -I"C:/App/ProjectsAMC/T0808-SLS/SLS/Drivers/CMSIS/DSP/Include" -I../Src/App/ModbusMath -I../Drivers/CMSIS/DSP/Include -I"C:/App/ProjectsAMC/T0808-SLS/SLS/Src/App/ModbusMath" -I../Src/App -I"C:/App/ProjectsAMC/T0808-SLS/SLS/Src/Modbus" -I../Src/OTC -I../Src/Memory -I../Inc -I../Src/Drivers -I../Drivers/STM32F4xx_HAL_Driver/Inc -I../Drivers/STM32F4xx_HAL_Driver/Inc/Legacy -I../Drivers/CMSIS/Device/ST/STM32F4xx/Include -I../Drivers/CMSIS/Include -I../Drivers/CMSIS/Lib/GCC -I../../Src/App/ModbusMath -I../../Drivers/CMSIS/DSP/Include -Og -ffunction-sections -Wall -fmessage-length=0 -fstack-usage -fcyclomatic-complexity -MMD -MP -MF"Src/Estimates_Lib/rt_nonfinite.d" -MT"Src/Estimates_Lib/rt_nonfinite.o" --specs=nano.specs -mfpu=fpv4-sp-d16 -mfloat-abi=hard -mthumb -o "Src/Estimates_Lib/rt_nonfinite.o"
arm-none-eabi-gcc -c -u _printf_float "../Src/Estimates_Lib/sort.c" -mcpu=cortex-m4 -std=gnu11 -g3 '-D__weak=__attribute__((weak))' -DARM_MATH_CM4 '-D__packed=__attribute__((__packed__))' -DUSE_HAL_DRIVER -DSTM32F413xx -c -I"C:/App/ProjectsAMC/T0808-SLS/SLS/Drivers/CMSIS/DSP/Include" -I../Src/App/ModbusMath -I../Drivers/CMSIS/DSP/Include -I"C:/App/ProjectsAMC/T0808-SLS/SLS/Src/App/ModbusMath" -I../Src/App -I"C:/App/ProjectsAMC/T0808-SLS/SLS/Src/Modbus" -I../Src/OTC -I../Src/Memory -I../Inc -I../Src/Drivers -I../Drivers/STM32F4xx_HAL_Driver/Inc -I../Drivers/STM32F4xx_HAL_Driver/Inc/Legacy -I../Drivers/CMSIS/Device/ST/STM32F4xx/Include -I../Drivers/CMSIS/Include -I../Drivers/CMSIS/Lib/GCC -I../../Src/App/ModbusMath -I../../Drivers/CMSIS/DSP/Include -Og -ffunction-sections -Wall -fmessage-length=0 -fstack-usage -fcyclomatic-complexity -MMD -MP -MF"Src/Estimates_Lib/sort.d" -MT"Src/Estimates_Lib/sort.o" --specs=nano.specs -mfpu=fpv4-sp-d16 -mfloat-abi=hard -mthumb -o "Src/Estimates_Lib/sort.o"
arm-none-eabi-gcc -c -u _printf_float "../Src/Estimates_Lib/sortIdx.c" -mcpu=cortex-m4 -std=gnu11 -g3 '-D__weak=__attribute__((weak))' -DARM_MATH_CM4 '-D__packed=__attribute__((__packed__))' -DUSE_HAL_DRIVER -DSTM32F413xx -c -I"C:/App/ProjectsAMC/T0808-SLS/SLS/Drivers/CMSIS/DSP/Include" -I../Src/App/ModbusMath -I../Drivers/CMSIS/DSP/Include -I"C:/App/ProjectsAMC/T0808-SLS/SLS/Src/App/ModbusMath" -I../Src/App -I"C:/App/ProjectsAMC/T0808-SLS/SLS/Src/Modbus" -I../Src/OTC -I../Src/Memory -I../Inc -I../Src/Drivers -I../Drivers/STM32F4xx_HAL_Driver/Inc -I../Drivers/STM32F4xx_HAL_Driver/Inc/Legacy -I../Drivers/CMSIS/Device/ST/STM32F4xx/Include -I../Drivers/CMSIS/Include -I../Drivers/CMSIS/Lib/GCC -I../../Src/App/ModbusMath -I../../Drivers/CMSIS/DSP/Include -Og -ffunction-sections -Wall -fmessage-length=0 -fstack-usage -fcyclomatic-complexity -MMD -MP -MF"Src/Estimates_Lib/sortIdx.d" -MT"Src/Estimates_Lib/sortIdx.o" --specs=nano.specs -mfpu=fpv4-sp-d16 -mfloat-abi=hard -mthumb -o "Src/Estimates_Lib/sortIdx.o"
arm-none-eabi-gcc -c -u _printf_float "../Src/Drivers/MacAddress.c" -mcpu=cortex-m4 -std=gnu11 -g3 '-D__weak=__attribute__((weak))' -DARM_MATH_CM4 '-D__packed=__attribute__((__packed__))' -DUSE_HAL_DRIVER -DSTM32F413xx -c -I"C:/App/ProjectsAMC/T0808-SLS/SLS/Drivers/CMSIS/DSP/Include" -I../Src/App/ModbusMath -I../Drivers/CMSIS/DSP/Include -I"C:/App/ProjectsAMC/T0808-SLS/SLS/Src/App/ModbusMath" -I../Src/App -I"C:/App/ProjectsAMC/T0808-SLS/SLS/Src/Modbus" -I../Src/OTC -I../Src/Memory -I../Inc -I../Src/Drivers -I../Drivers/STM32F4xx_HAL_Driver/Inc -I../Drivers/STM32F4xx_HAL_Driver/Inc/Legacy -I../Drivers/CMSIS/Device/ST/STM32F4xx/Include -I../Drivers/CMSIS/Include -I../Drivers/CMSIS/Lib/GCC -I../../Src/App/ModbusMath -I../../Drivers/CMSIS/DSP/Include -Og -ffunction-sections -Wall -fmessage-length=0 -fstack-usage -fcyclomatic-complexity -MMD -MP -MF"Src/Drivers/MacAddress.d" -MT"Src/Drivers/MacAddress.o" --specs=nano.specs -mfpu=fpv4-sp-d16 -mfloat-abi=hard -mthumb -o "Src/Drivers/MacAddress.o"
arm-none-eabi-gcc -c -u _printf_float "../Src/Drivers/ad7768.c" -mcpu=cortex-m4 -std=gnu11 -g3 '-D__weak=__attribute__((weak))' -DARM_MATH_CM4 '-D__packed=__attribute__((__packed__))' -DUSE_HAL_DRIVER -DSTM32F413xx -c -I"C:/App/ProjectsAMC/T0808-SLS/SLS/Drivers/CMSIS/DSP/Include" -I../Src/App/ModbusMath -I../Drivers/CMSIS/DSP/Include -I"C:/App/ProjectsAMC/T0808-SLS/SLS/Src/App/ModbusMath" -I../Src/App -I"C:/App/ProjectsAMC/T0808-SLS/SLS/Src/Modbus" -I../Src/OTC -I../Src/Memory -I../Inc -I../Src/Drivers -I../Drivers/STM32F4xx_HAL_Driver/Inc -I../Drivers/STM32F4xx_HAL_Driver/Inc/Legacy -I../Drivers/CMSIS/Device/ST/STM32F4xx/Include -I../Drivers/CMSIS/Include -I../Drivers/CMSIS/Lib/GCC -I../../Src/App/ModbusMath -I../../Drivers/CMSIS/DSP/Include -Og -ffunction-sections -Wall -fmessage-length=0 -fstack-usage -fcyclomatic-complexity -MMD -MP -MF"Src/Drivers/ad7768.d" -MT"Src/Drivers/ad7768.o" --specs=nano.specs -mfpu=fpv4-sp-d16 -mfloat-abi=hard -mthumb -o "Src/Drivers/ad7768.o"
arm-none-eabi-gcc -c -u _printf_float "../Src/Drivers/adxl.c" -mcpu=cortex-m4 -std=gnu11 -g3 '-D__weak=__attribute__((weak))' -DARM_MATH_CM4 '-D__packed=__attribute__((__packed__))' -DUSE_HAL_DRIVER -DSTM32F413xx -c -I"C:/App/ProjectsAMC/T0808-SLS/SLS/Drivers/CMSIS/DSP/Include" -I../Src/App/ModbusMath -I../Drivers/CMSIS/DSP/Include -I"C:/App/ProjectsAMC/T0808-SLS/SLS/Src/App/ModbusMath" -I../Src/App -I"C:/App/ProjectsAMC/T0808-SLS/SLS/Src/Modbus" -I../Src/OTC -I../Src/Memory -I../Inc -I../Src/Drivers -I../Drivers/STM32F4xx_HAL_Driver/Inc -I../Drivers/STM32F4xx_HAL_Driver/Inc/Legacy -I../Drivers/CMSIS/Device/ST/STM32F4xx/Include -I../Drivers/CMSIS/Include -I../Drivers/CMSIS/Lib/GCC -I../../Src/App/ModbusMath -I../../Drivers/CMSIS/DSP/Include -Og -ffunction-sections -Wall -fmessage-length=0 -fstack-usage -fcyclomatic-complexity -MMD -MP -MF"Src/Drivers/adxl.d" -MT"Src/Drivers/adxl.o" --specs=nano.specs -mfpu=fpv4-sp-d16 -mfloat-abi=hard -mthumb -o "Src/Drivers/adxl.o"
arm-none-eabi-gcc -c -u _printf_float "../Src/Drivers/board.c" -mcpu=cortex-m4 -std=gnu11 -g3 '-D__weak=__attribute__((weak))' -DARM_MATH_CM4 '-D__packed=__attribute__((__packed__))' -DUSE_HAL_DRIVER -DSTM32F413xx -c -I"C:/App/ProjectsAMC/T0808-SLS/SLS/Drivers/CMSIS/DSP/Include" -I../Src/App/ModbusMath -I../Drivers/CMSIS/DSP/Include -I"C:/App/ProjectsAMC/T0808-SLS/SLS/Src/App/ModbusMath" -I../Src/App -I"C:/App/ProjectsAMC/T0808-SLS/SLS/Src/Modbus" -I../Src/OTC -I../Src/Memory -I../Inc -I../Src/Drivers -I../Drivers/STM32F4xx_HAL_Driver/Inc -I../Drivers/STM32F4xx_HAL_Driver/Inc/Legacy -I../Drivers/CMSIS/Device/ST/STM32F4xx/Include -I../Drivers/CMSIS/Include -I../Drivers/CMSIS/Lib/GCC -I../../Src/App/ModbusMath -I../../Drivers/CMSIS/DSP/Include -Og -ffunction-sections -Wall -fmessage-length=0 -fstack-usage -fcyclomatic-complexity -MMD -MP -MF"Src/Drivers/board.d" -MT"Src/Drivers/board.o" --specs=nano.specs -mfpu=fpv4-sp-d16 -mfloat-abi=hard -mthumb -o "Src/Drivers/board.o"
arm-none-eabi-gcc -c -u _printf_float "../Src/Drivers/gpio_hf.c" -mcpu=cortex-m4 -std=gnu11 -g3 '-D__weak=__attribute__((weak))' -DARM_MATH_CM4 '-D__packed=__attribute__((__packed__))' -DUSE_HAL_DRIVER -DSTM32F413xx -c -I"C:/App/ProjectsAMC/T0808-SLS/SLS/Drivers/CMSIS/DSP/Include" -I../Src/App/ModbusMath -I../Drivers/CMSIS/DSP/Include -I"C:/App/ProjectsAMC/T0808-SLS/SLS/Src/App/ModbusMath" -I../Src/App -I"C:/App/ProjectsAMC/T0808-SLS/SLS/Src/Modbus" -I../Src/OTC -I../Src/Memory -I../Inc -I../Src/Drivers -I../Drivers/STM32F4xx_HAL_Driver/Inc -I../Drivers/STM32F4xx_HAL_Driver/Inc/Legacy -I../Drivers/CMSIS/Device/ST/STM32F4xx/Include -I../Drivers/CMSIS/Include -I../Drivers/CMSIS/Lib/GCC -I../../Src/App/ModbusMath -I../../Drivers/CMSIS/DSP/Include -Og -ffunction-sections -Wall -fmessage-length=0 -fstack-usage -fcyclomatic-complexity -MMD -MP -MF"Src/Drivers/gpio_hf.d" -MT"Src/Drivers/gpio_hf.o" --specs=nano.specs -mfpu=fpv4-sp-d16 -mfloat-abi=hard -mthumb -o "Src/Drivers/gpio_hf.o"
arm-none-eabi-gcc -c -u _printf_float "../Src/Drivers/gpio_lf.c" -mcpu=cortex-m4 -std=gnu11 -g3 '-D__weak=__attribute__((weak))' -DARM_MATH_CM4 '-D__packed=__attribute__((__packed__))' -DUSE_HAL_DRIVER -DSTM32F413xx -c -I"C:/App/ProjectsAMC/T0808-SLS/SLS/Drivers/CMSIS/DSP/Include" -I../Src/App/ModbusMath -I../Drivers/CMSIS/DSP/Include -I"C:/App/ProjectsAMC/T0808-SLS/SLS/Src/App/ModbusMath" -I../Src/App -I"C:/App/ProjectsAMC/T0808-SLS/SLS/Src/Modbus" -I../Src/OTC -I../Src/Memory -I../Inc -I../Src/Drivers -I../Drivers/STM32F4xx_HAL_Driver/Inc -I../Drivers/STM32F4xx_HAL_Driver/Inc/Legacy -I../Drivers/CMSIS/Device/ST/STM32F4xx/Include -I../Drivers/CMSIS/Include -I../Drivers/CMSIS/Lib/GCC -I../../Src/App/ModbusMath -I../../Drivers/CMSIS/DSP/Include -Og -ffunction-sections -Wall -fmessage-length=0 -fstack-usage -fcyclomatic-complexity -MMD -MP -MF"Src/Drivers/gpio_lf.d" -MT"Src/Drivers/gpio_lf.o" --specs=nano.specs -mfpu=fpv4-sp-d16 -mfloat-abi=hard -mthumb -o "Src/Drivers/gpio_lf.o"
arm-none-eabi-gcc -c -u _printf_float "../Src/Drivers/rs485.c" -mcpu=cortex-m4 -std=gnu11 -g3 '-D__weak=__attribute__((weak))' -DARM_MATH_CM4 '-D__packed=__attribute__((__packed__))' -DUSE_HAL_DRIVER -DSTM32F413xx -c -I"C:/App/ProjectsAMC/T0808-SLS/SLS/Drivers/CMSIS/DSP/Include" -I../Src/App/ModbusMath -I../Drivers/CMSIS/DSP/Include -I"C:/App/ProjectsAMC/T0808-SLS/SLS/Src/App/ModbusMath" -I../Src/App -I"C:/App/ProjectsAMC/T0808-SLS/SLS/Src/Modbus" -I../Src/OTC -I../Src/Memory -I../Inc -I../Src/Drivers -I../Drivers/STM32F4xx_HAL_Driver/Inc -I../Drivers/STM32F4xx_HAL_Driver/Inc/Legacy -I../Drivers/CMSIS/Device/ST/STM32F4xx/Include -I../Drivers/CMSIS/Include -I../Drivers/CMSIS/Lib/GCC -I../../Src/App/ModbusMath -I../../Drivers/CMSIS/DSP/Include -Og -ffunction-sections -Wall -fmessage-length=0 -fstack-usage -fcyclomatic-complexity -MMD -MP -MF"Src/Drivers/rs485.d" -MT"Src/Drivers/rs485.o" --specs=nano.specs -mfpu=fpv4-sp-d16 -mfloat-abi=hard -mthumb -o "Src/Drivers/rs485.o"
arm-none-eabi-gcc -c -u _printf_float "../Src/Drivers/spi.c" -mcpu=cortex-m4 -std=gnu11 -g3 '-D__weak=__attribute__((weak))' -DARM_MATH_CM4 '-D__packed=__attribute__((__packed__))' -DUSE_HAL_DRIVER -DSTM32F413xx -c -I"C:/App/ProjectsAMC/T0808-SLS/SLS/Drivers/CMSIS/DSP/Include" -I../Src/App/ModbusMath -I../Drivers/CMSIS/DSP/Include -I"C:/App/ProjectsAMC/T0808-SLS/SLS/Src/App/ModbusMath" -I../Src/App -I"C:/App/ProjectsAMC/T0808-SLS/SLS/Src/Modbus" -I../Src/OTC -I../Src/Memory -I../Inc -I../Src/Drivers -I../Drivers/STM32F4xx_HAL_Driver/Inc -I../Drivers/STM32F4xx_HAL_Driver/Inc/Legacy -I../Drivers/CMSIS/Device/ST/STM32F4xx/Include -I../Drivers/CMSIS/Include -I../Drivers/CMSIS/Lib/GCC -I../../Src/App/ModbusMath -I../../Drivers/CMSIS/DSP/Include -Og -ffunction-sections -Wall -fmessage-length=0 -fstack-usage -fcyclomatic-complexity -MMD -MP -MF"Src/Drivers/spi.d" -MT"Src/Drivers/spi.o" --specs=nano.specs -mfpu=fpv4-sp-d16 -mfloat-abi=hard -mthumb -o "Src/Drivers/spi.o"
arm-none-eabi-gcc -c -u _printf_float "../Src/Drivers/temp.c" -mcpu=cortex-m4 -std=gnu11 -g3 '-D__weak=__attribute__((weak))' -DARM_MATH_CM4 '-D__packed=__attribute__((__packed__))' -DUSE_HAL_DRIVER -DSTM32F413xx -c -I"C:/App/ProjectsAMC/T0808-SLS/SLS/Drivers/CMSIS/DSP/Include" -I../Src/App/ModbusMath -I../Drivers/CMSIS/DSP/Include -I"C:/App/ProjectsAMC/T0808-SLS/SLS/Src/App/ModbusMath" -I../Src/App -I"C:/App/ProjectsAMC/T0808-SLS/SLS/Src/Modbus" -I../Src/OTC -I../Src/Memory -I../Inc -I../Src/Drivers -I../Drivers/STM32F4xx_HAL_Driver/Inc -I../Drivers/STM32F4xx_HAL_Driver/Inc/Legacy -I../Drivers/CMSIS/Device/ST/STM32F4xx/Include -I../Drivers/CMSIS/Include -I../Drivers/CMSIS/Lib/GCC -I../../Src/App/ModbusMath -I../../Drivers/CMSIS/DSP/Include -Og -ffunction-sections -Wall -fmessage-length=0 -fstack-usage -fcyclomatic-complexity -MMD -MP -MF"Src/Drivers/temp.d" -MT"Src/Drivers/temp.o" --specs=nano.specs -mfpu=fpv4-sp-d16 -mfloat-abi=hard -mthumb -o "Src/Drivers/temp.o"
arm-none-eabi-gcc -c -u _printf_float "../Src/Drivers/timers.c" -mcpu=cortex-m4 -std=gnu11 -g3 '-D__weak=__attribute__((weak))' -DARM_MATH_CM4 '-D__packed=__attribute__((__packed__))' -DUSE_HAL_DRIVER -DSTM32F413xx -c -I"C:/App/ProjectsAMC/T0808-SLS/SLS/Drivers/CMSIS/DSP/Include" -I../Src/App/ModbusMath -I../Drivers/CMSIS/DSP/Include -I"C:/App/ProjectsAMC/T0808-SLS/SLS/Src/App/ModbusMath" -I../Src/App -I"C:/App/ProjectsAMC/T0808-SLS/SLS/Src/Modbus" -I../Src/OTC -I../Src/Memory -I../Inc -I../Src/Drivers -I../Drivers/STM32F4xx_HAL_Driver/Inc -I../Drivers/STM32F4xx_HAL_Driver/Inc/Legacy -I../Drivers/CMSIS/Device/ST/STM32F4xx/Include -I../Drivers/CMSIS/Include -I../Drivers/CMSIS/Lib/GCC -I../../Src/App/ModbusMath -I../../Drivers/CMSIS/DSP/Include -Og -ffunction-sections -Wall -fmessage-length=0 -fstack-usage -fcyclomatic-complexity -MMD -MP -MF"Src/Drivers/timers.d" -MT"Src/Drivers/timers.o" --specs=nano.specs -mfpu=fpv4-sp-d16 -mfloat-abi=hard -mthumb -o "Src/Drivers/timers.o"
arm-none-eabi-gcc -c -u _printf_float "../Src/App/ModbusMath/ModbusMath.c" -mcpu=cortex-m4 -std=gnu11 -g3 '-D__weak=__attribute__((weak))' -DARM_MATH_CM4 '-D__packed=__attribute__((__packed__))' -DUSE_HAL_DRIVER -DSTM32F413xx -c -I"C:/App/ProjectsAMC/T0808-SLS/SLS/Drivers/CMSIS/DSP/Include" -I../Src/App/ModbusMath -I../Drivers/CMSIS/DSP/Include -I"C:/App/ProjectsAMC/T0808-SLS/SLS/Src/App/ModbusMath" -I../Src/App -I"C:/App/ProjectsAMC/T0808-SLS/SLS/Src/Modbus" -I../Src/OTC -I../Src/Memory -I../Inc -I../Src/Drivers -I../Drivers/STM32F4xx_HAL_Driver/Inc -I../Drivers/STM32F4xx_HAL_Driver/Inc/Legacy -I../Drivers/CMSIS/Device/ST/STM32F4xx/Include -I../Drivers/CMSIS/Include -I../Drivers/CMSIS/Lib/GCC -I../../Src/App/ModbusMath -I../../Drivers/CMSIS/DSP/Include -Og -ffunction-sections -Wall -fmessage-length=0 -fstack-usage -fcyclomatic-complexity -MMD -MP -MF"Src/App/ModbusMath/ModbusMath.d" -MT"Src/App/ModbusMath/ModbusMath.o" --specs=nano.specs -mfpu=fpv4-sp-d16 -mfloat-abi=hard -mthumb -o "Src/App/ModbusMath/ModbusMath.o"
arm-none-eabi-gcc -c -u _printf_float "../Src/App/ModbusMath/ModbusMath_MaxMin.c" -mcpu=cortex-m4 -std=gnu11 -g3 '-D__weak=__attribute__((weak))' -DARM_MATH_CM4 '-D__packed=__attribute__((__packed__))' -DUSE_HAL_DRIVER -DSTM32F413xx -c -I"C:/App/ProjectsAMC/T0808-SLS/SLS/Drivers/CMSIS/DSP/Include" -I../Src/App/ModbusMath -I../Drivers/CMSIS/DSP/Include -I"C:/App/ProjectsAMC/T0808-SLS/SLS/Src/App/ModbusMath" -I../Src/App -I"C:/App/ProjectsAMC/T0808-SLS/SLS/Src/Modbus" -I../Src/OTC -I../Src/Memory -I../Inc -I../Src/Drivers -I../Drivers/STM32F4xx_HAL_Driver/Inc -I../Drivers/STM32F4xx_HAL_Driver/Inc/Legacy -I../Drivers/CMSIS/Device/ST/STM32F4xx/Include -I../Drivers/CMSIS/Include -I../Drivers/CMSIS/Lib/GCC -I../../Src/App/ModbusMath -I../../Drivers/CMSIS/DSP/Include -Og -ffunction-sections -Wall -fmessage-length=0 -fstack-usage -fcyclomatic-complexity -MMD -MP -MF"Src/App/ModbusMath/ModbusMath_MaxMin.d" -MT"Src/App/ModbusMath/ModbusMath_MaxMin.o" --specs=nano.specs -mfpu=fpv4-sp-d16 -mfloat-abi=hard -mthumb -o "Src/App/ModbusMath/ModbusMath_MaxMin.o"
arm-none-eabi-gcc -c -u _printf_float "../Src/App/acquisition_hf.c" -mcpu=cortex-m4 -std=gnu11 -g3 '-D__weak=__attribute__((weak))' -DARM_MATH_CM4 '-D__packed=__attribute__((__packed__))' -DUSE_HAL_DRIVER -DSTM32F413xx -c -I"C:/App/ProjectsAMC/T0808-SLS/SLS/Drivers/CMSIS/DSP/Include" -I../Src/App/ModbusMath -I../Drivers/CMSIS/DSP/Include -I"C:/App/ProjectsAMC/T0808-SLS/SLS/Src/App/ModbusMath" -I../Src/App -I"C:/App/ProjectsAMC/T0808-SLS/SLS/Src/Modbus" -I../Src/OTC -I../Src/Memory -I../Inc -I../Src/Drivers -I../Drivers/STM32F4xx_HAL_Driver/Inc -I../Drivers/STM32F4xx_HAL_Driver/Inc/Legacy -I../Drivers/CMSIS/Device/ST/STM32F4xx/Include -I../Drivers/CMSIS/Include -I../Drivers/CMSIS/Lib/GCC -I../../Src/App/ModbusMath -I../../Drivers/CMSIS/DSP/Include -Og -ffunction-sections -Wall -fmessage-length=0 -fstack-usage -fcyclomatic-complexity -MMD -MP -MF"Src/App/acquisition_hf.d" -MT"Src/App/acquisition_hf.o" --specs=nano.specs -mfpu=fpv4-sp-d16 -mfloat-abi=hard -mthumb -o "Src/App/acquisition_hf.o"
arm-none-eabi-gcc -c -u _printf_float "../Src/App/acquisition_lf.c" -mcpu=cortex-m4 -std=gnu11 -g3 '-D__weak=__attribute__((weak))' -DARM_MATH_CM4 '-D__packed=__attribute__((__packed__))' -DUSE_HAL_DRIVER -DSTM32F413xx -c -I"C:/App/ProjectsAMC/T0808-SLS/SLS/Drivers/CMSIS/DSP/Include" -I../Src/App/ModbusMath -I../Drivers/CMSIS/DSP/Include -I"C:/App/ProjectsAMC/T0808-SLS/SLS/Src/App/ModbusMath" -I../Src/App -I"C:/App/ProjectsAMC/T0808-SLS/SLS/Src/Modbus" -I../Src/OTC -I../Src/Memory -I../Inc -I../Src/Drivers -I../Drivers/STM32F4xx_HAL_Driver/Inc -I../Drivers/STM32F4xx_HAL_Driver/Inc/Legacy -I../Drivers/CMSIS/Device/ST/STM32F4xx/Include -I../Drivers/CMSIS/Include -I../Drivers/CMSIS/Lib/GCC -I../../Src/App/ModbusMath -I../../Drivers/CMSIS/DSP/Include -Og -ffunction-sections -Wall -fmessage-length=0 -fstack-usage -fcyclomatic-complexity -MMD -MP -MF"Src/App/acquisition_lf.d" -MT"Src/App/acquisition_lf.o" --specs=nano.specs -mfpu=fpv4-sp-d16 -mfloat-abi=hard -mthumb -o "Src/App/acquisition_lf.o"
arm-none-eabi-gcc -c -u _printf_float "../Src/App/comm_app.c" -mcpu=cortex-m4 -std=gnu11 -g3 '-D__weak=__attribute__((weak))' -DARM_MATH_CM4 '-D__packed=__attribute__((__packed__))' -DUSE_HAL_DRIVER -DSTM32F413xx -c -I"C:/App/ProjectsAMC/T0808-SLS/SLS/Drivers/CMSIS/DSP/Include" -I../Src/App/ModbusMath -I../Drivers/CMSIS/DSP/Include -I"C:/App/ProjectsAMC/T0808-SLS/SLS/Src/App/ModbusMath" -I../Src/App -I"C:/App/ProjectsAMC/T0808-SLS/SLS/Src/Modbus" -I../Src/OTC -I../Src/Memory -I../Inc -I../Src/Drivers -I../Drivers/STM32F4xx_HAL_Driver/Inc -I../Drivers/STM32F4xx_HAL_Driver/Inc/Legacy -I../Drivers/CMSIS/Device/ST/STM32F4xx/Include -I../Drivers/CMSIS/Include -I../Drivers/CMSIS/Lib/GCC -I../../Src/App/ModbusMath -I../../Drivers/CMSIS/DSP/Include -Og -ffunction-sections -Wall -fmessage-length=0 -fstack-usage -fcyclomatic-complexity -MMD -MP -MF"Src/App/comm_app.d" -MT"Src/App/comm_app.o" --specs=nano.specs -mfpu=fpv4-sp-d16 -mfloat-abi=hard -mthumb -o "Src/App/comm_app.o"
arm-none-eabi-gcc -c -u _printf_float "../Src/App/comm_link.c" -mcpu=cortex-m4 -std=gnu11 -g3 '-D__weak=__attribute__((weak))' -DARM_MATH_CM4 '-D__packed=__attribute__((__packed__))' -DUSE_HAL_DRIVER -DSTM32F413xx -c -I"C:/App/ProjectsAMC/T0808-SLS/SLS/Drivers/CMSIS/DSP/Include" -I../Src/App/ModbusMath -I../Drivers/CMSIS/DSP/Include -I"C:/App/ProjectsAMC/T0808-SLS/SLS/Src/App/ModbusMath" -I../Src/App -I"C:/App/ProjectsAMC/T0808-SLS/SLS/Src/Modbus" -I../Src/OTC -I../Src/Memory -I../Inc -I../Src/Drivers -I../Drivers/STM32F4xx_HAL_Driver/Inc -I../Drivers/STM32F4xx_HAL_Driver/Inc/Legacy -I../Drivers/CMSIS/Device/ST/STM32F4xx/Include -I../Drivers/CMSIS/Include -I../Drivers/CMSIS/Lib/GCC -I../../Src/App/ModbusMath -I../../Drivers/CMSIS/DSP/Include -Og -ffunction-sections -Wall -fmessage-length=0 -fstack-usage -fcyclomatic-complexity -MMD -MP -MF"Src/App/comm_link.d" -MT"Src/App/comm_link.o" --specs=nano.specs -mfpu=fpv4-sp-d16 -mfloat-abi=hard -mthumb -o "Src/App/comm_link.o"
arm-none-eabi-gcc -c -u _printf_float "../Src/App/crc16.c" -mcpu=cortex-m4 -std=gnu11 -g3 '-D__weak=__attribute__((weak))' -DARM_MATH_CM4 '-D__packed=__attribute__((__packed__))' -DUSE_HAL_DRIVER -DSTM32F413xx -c -I"C:/App/ProjectsAMC/T0808-SLS/SLS/Drivers/CMSIS/DSP/Include" -I../Src/App/ModbusMath -I../Drivers/CMSIS/DSP/Include -I"C:/App/ProjectsAMC/T0808-SLS/SLS/Src/App/ModbusMath" -I../Src/App -I"C:/App/ProjectsAMC/T0808-SLS/SLS/Src/Modbus" -I../Src/OTC -I../Src/Memory -I../Inc -I../Src/Drivers -I../Drivers/STM32F4xx_HAL_Driver/Inc -I../Drivers/STM32F4xx_HAL_Driver/Inc/Legacy -I../Drivers/CMSIS/Device/ST/STM32F4xx/Include -I../Drivers/CMSIS/Include -I../Drivers/CMSIS/Lib/GCC -I../../Src/App/ModbusMath -I../../Drivers/CMSIS/DSP/Include -Og -ffunction-sections -Wall -fmessage-length=0 -fstack-usage -fcyclomatic-complexity -MMD -MP -MF"Src/App/crc16.d" -MT"Src/App/crc16.o" --specs=nano.specs -mfpu=fpv4-sp-d16 -mfloat-abi=hard -mthumb -o "Src/App/crc16.o"
arm-none-eabi-gcc -c -u _printf_float "../Src/App/estimates_calc.c" -mcpu=cortex-m4 -std=gnu11 -g3 '-D__weak=__attribute__((weak))' -DARM_MATH_CM4 '-D__packed=__attribute__((__packed__))' -DUSE_HAL_DRIVER -DSTM32F413xx -c -I"C:/App/ProjectsAMC/T0808-SLS/SLS/Drivers/CMSIS/DSP/Include" -I../Src/App/ModbusMath -I../Drivers/CMSIS/DSP/Include -I"C:/App/ProjectsAMC/T0808-SLS/SLS/Src/App/ModbusMath" -I../Src/App -I"C:/App/ProjectsAMC/T0808-SLS/SLS/Src/Modbus" -I../Src/OTC -I../Src/Memory -I../Inc -I../Src/Drivers -I../Drivers/STM32F4xx_HAL_Driver/Inc -I../Drivers/STM32F4xx_HAL_Driver/Inc/Legacy -I../Drivers/CMSIS/Device/ST/STM32F4xx/Include -I../Drivers/CMSIS/Include -I../Drivers/CMSIS/Lib/GCC -I../../Src/App/ModbusMath -I../../Drivers/CMSIS/DSP/Include -Og -ffunction-sections -Wall -fmessage-length=0 -fstack-usage -fcyclomatic-complexity -MMD -MP -MF"Src/App/estimates_calc.d" -MT"Src/App/estimates_calc.o" --specs=nano.specs -mfpu=fpv4-sp-d16 -mfloat-abi=hard -mthumb -o "Src/App/estimates_calc.o"
arm-none-eabi-gcc -c -u _printf_float "../Src/debug.c" -mcpu=cortex-m4 -std=gnu11 -g3 '-D__weak=__attribute__((weak))' -DARM_MATH_CM4 '-D__packed=__attribute__((__packed__))' -DUSE_HAL_DRIVER -DSTM32F413xx -c -I"C:/App/ProjectsAMC/T0808-SLS/SLS/Drivers/CMSIS/DSP/Include" -I../Src/App/ModbusMath -I../Drivers/CMSIS/DSP/Include -I"C:/App/ProjectsAMC/T0808-SLS/SLS/Src/App/ModbusMath" -I../Src/App -I"C:/App/ProjectsAMC/T0808-SLS/SLS/Src/Modbus" -I../Src/OTC -I../Src/Memory -I../Inc -I../Src/Drivers -I../Drivers/STM32F4xx_HAL_Driver/Inc -I../Drivers/STM32F4xx_HAL_Driver/Inc/Legacy -I../Drivers/CMSIS/Device/ST/STM32F4xx/Include -I../Drivers/CMSIS/Include -I../Drivers/CMSIS/Lib/GCC -I../../Src/App/ModbusMath -I../../Drivers/CMSIS/DSP/Include -Og -ffunction-sections -Wall -fmessage-length=0 -fstack-usage -fcyclomatic-complexity -MMD -MP -MF"Src/debug.d" -MT"Src/debug.o" --specs=nano.specs -mfpu=fpv4-sp-d16 -mfloat-abi=hard -mthumb -o "Src/debug.o"
arm-none-eabi-gcc -c -u _printf_float "../Src/main.c" -mcpu=cortex-m4 -std=gnu11 -g3 '-D__weak=__attribute__((weak))' -DARM_MATH_CM4 '-D__packed=__attribute__((__packed__))' -DUSE_HAL_DRIVER -DSTM32F413xx -c -I"C:/App/ProjectsAMC/T0808-SLS/SLS/Drivers/CMSIS/DSP/Include" -I../Src/App/ModbusMath -I../Drivers/CMSIS/DSP/Include -I"C:/App/ProjectsAMC/T0808-SLS/SLS/Src/App/ModbusMath" -I../Src/App -I"C:/App/ProjectsAMC/T0808-SLS/SLS/Src/Modbus" -I../Src/OTC -I../Src/Memory -I../Inc -I../Src/Drivers -I../Drivers/STM32F4xx_HAL_Driver/Inc -I../Drivers/STM32F4xx_HAL_Driver/Inc/Legacy -I../Drivers/CMSIS/Device/ST/STM32F4xx/Include -I../Drivers/CMSIS/Include -I../Drivers/CMSIS/Lib/GCC -I../../Src/App/ModbusMath -I../../Drivers/CMSIS/DSP/Include -Og -ffunction-sections -Wall -fmessage-length=0 -fstack-usage -fcyclomatic-complexity -MMD -MP -MF"Src/main.d" -MT"Src/main.o" --specs=nano.specs -mfpu=fpv4-sp-d16 -mfloat-abi=hard -mthumb -o "Src/main.o"
arm-none-eabi-gcc -c -u _printf_float "../Src/stm32f4xx_hal_msp.c" -mcpu=cortex-m4 -std=gnu11 -g3 '-D__weak=__attribute__((weak))' -DARM_MATH_CM4 '-D__packed=__attribute__((__packed__))' -DUSE_HAL_DRIVER -DSTM32F413xx -c -I"C:/App/ProjectsAMC/T0808-SLS/SLS/Drivers/CMSIS/DSP/Include" -I../Src/App/ModbusMath -I../Drivers/CMSIS/DSP/Include -I"C:/App/ProjectsAMC/T0808-SLS/SLS/Src/App/ModbusMath" -I../Src/App -I"C:/App/ProjectsAMC/T0808-SLS/SLS/Src/Modbus" -I../Src/OTC -I../Src/Memory -I../Inc -I../Src/Drivers -I../Drivers/STM32F4xx_HAL_Driver/Inc -I../Drivers/STM32F4xx_HAL_Driver/Inc/Legacy -I../Drivers/CMSIS/Device/ST/STM32F4xx/Include -I../Drivers/CMSIS/Include -I../Drivers/CMSIS/Lib/GCC -I../../Src/App/ModbusMath -I../../Drivers/CMSIS/DSP/Include -Og -ffunction-sections -Wall -fmessage-length=0 -fstack-usage -fcyclomatic-complexity -MMD -MP -MF"Src/stm32f4xx_hal_msp.d" -MT"Src/stm32f4xx_hal_msp.o" --specs=nano.specs -mfpu=fpv4-sp-d16 -mfloat-abi=hard -mthumb -o "Src/stm32f4xx_hal_msp.o"
arm-none-eabi-gcc -c -u _printf_float "../Src/stm32f4xx_it.c" -mcpu=cortex-m4 -std=gnu11 -g3 '-D__weak=__attribute__((weak))' -DARM_MATH_CM4 '-D__packed=__attribute__((__packed__))' -DUSE_HAL_DRIVER -DSTM32F413xx -c -I"C:/App/ProjectsAMC/T0808-SLS/SLS/Drivers/CMSIS/DSP/Include" -I../Src/App/ModbusMath -I../Drivers/CMSIS/DSP/Include -I"C:/App/ProjectsAMC/T0808-SLS/SLS/Src/App/ModbusMath" -I../Src/App -I"C:/App/ProjectsAMC/T0808-SLS/SLS/Src/Modbus" -I../Src/OTC -I../Src/Memory -I../Inc -I../Src/Drivers -I../Drivers/STM32F4xx_HAL_Driver/Inc -I../Drivers/STM32F4xx_HAL_Driver/Inc/Legacy -I../Drivers/CMSIS/Device/ST/STM32F4xx/Include -I../Drivers/CMSIS/Include -I../Drivers/CMSIS/Lib/GCC -I../../Src/App/ModbusMath -I../../Drivers/CMSIS/DSP/Include -Og -ffunction-sections -Wall -fmessage-length=0 -fstack-usage -fcyclomatic-complexity -MMD -MP -MF"Src/stm32f4xx_it.d" -MT"Src/stm32f4xx_it.o" --specs=nano.specs -mfpu=fpv4-sp-d16 -mfloat-abi=hard -mthumb -o "Src/stm32f4xx_it.o"
arm-none-eabi-gcc -c -u _printf_float "../Src/syscalls.c" -mcpu=cortex-m4 -std=gnu11 -g3 '-D__weak=__attribute__((weak))' -DARM_MATH_CM4 '-D__packed=__attribute__((__packed__))' -DUSE_HAL_DRIVER -DSTM32F413xx -c -I"C:/App/ProjectsAMC/T0808-SLS/SLS/Drivers/CMSIS/DSP/Include" -I../Src/App/ModbusMath -I../Drivers/CMSIS/DSP/Include -I"C:/App/ProjectsAMC/T0808-SLS/SLS/Src/App/ModbusMath" -I../Src/App -I"C:/App/ProjectsAMC/T0808-SLS/SLS/Src/Modbus" -I../Src/OTC -I../Src/Memory -I../Inc -I../Src/Drivers -I../Drivers/STM32F4xx_HAL_Driver/Inc -I../Drivers/STM32F4xx_HAL_Driver/Inc/Legacy -I../Drivers/CMSIS/Device/ST/STM32F4xx/Include -I../Drivers/CMSIS/Include -I../Drivers/CMSIS/Lib/GCC -I../../Src/App/ModbusMath -I../../Drivers/CMSIS/DSP/Include -Og -ffunction-sections -Wall -fmessage-length=0 -fstack-usage -fcyclomatic-complexity -MMD -MP -MF"Src/syscalls.d" -MT"Src/syscalls.o" --specs=nano.specs -mfpu=fpv4-sp-d16 -mfloat-abi=hard -mthumb -o "Src/syscalls.o"
arm-none-eabi-gcc -c -u _printf_float "../Src/system_stm32f4xx.c" -mcpu=cortex-m4 -std=gnu11 -g3 '-D__weak=__attribute__((weak))' -DARM_MATH_CM4 '-D__packed=__attribute__((__packed__))' -DUSE_HAL_DRIVER -DSTM32F413xx -c -I"C:/App/ProjectsAMC/T0808-SLS/SLS/Drivers/CMSIS/DSP/Include" -I../Src/App/ModbusMath -I../Drivers/CMSIS/DSP/Include -I"C:/App/ProjectsAMC/T0808-SLS/SLS/Src/App/ModbusMath" -I../Src/App -I"C:/App/ProjectsAMC/T0808-SLS/SLS/Src/Modbus" -I../Src/OTC -I../Src/Memory -I../Inc -I../Src/Drivers -I../Drivers/STM32F4xx_HAL_Driver/Inc -I../Drivers/STM32F4xx_HAL_Driver/Inc/Legacy -I../Drivers/CMSIS/Device/ST/STM32F4xx/Include -I../Drivers/CMSIS/Include -I../Drivers/CMSIS/Lib/GCC -I../../Src/App/ModbusMath -I../../Drivers/CMSIS/DSP/Include -Og -ffunction-sections -Wall -fmessage-length=0 -fstack-usage -fcyclomatic-complexity -MMD -MP -MF"Src/system_stm32f4xx.d" -MT"Src/system_stm32f4xx.o" --specs=nano.specs -mfpu=fpv4-sp-d16 -mfloat-abi=hard -mthumb -o "Src/system_stm32f4xx.o"
arm-none-eabi-gcc -c -u _printf_float "../Drivers/STM32F4xx_HAL_Driver/Src/stm32f4xx_hal.c" -mcpu=cortex-m4 -std=gnu11 -g3 '-D__weak=__attribute__((weak))' -DARM_MATH_CM4 '-D__packed=__attribute__((__packed__))' -DUSE_HAL_DRIVER -DSTM32F413xx -c -I"C:/App/ProjectsAMC/T0808-SLS/SLS/Drivers/CMSIS/DSP/Include" -I../Src/App/ModbusMath -I../Drivers/CMSIS/DSP/Include -I"C:/App/ProjectsAMC/T0808-SLS/SLS/Src/App/ModbusMath" -I../Src/App -I"C:/App/ProjectsAMC/T0808-SLS/SLS/Src/Modbus" -I../Src/OTC -I../Src/Memory -I../Inc -I../Src/Drivers -I../Drivers/STM32F4xx_HAL_Driver/Inc -I../Drivers/STM32F4xx_HAL_Driver/Inc/Legacy -I../Drivers/CMSIS/Device/ST/STM32F4xx/Include -I../Drivers/CMSIS/Include -I../Drivers/CMSIS/Lib/GCC -I../../Src/App/ModbusMath -I../../Drivers/CMSIS/DSP/Include -Og -ffunction-sections -Wall -fmessage-length=0 -fstack-usage -fcyclomatic-complexity -MMD -MP -MF"Drivers/STM32F4xx_HAL_Driver/Src/stm32f4xx_hal.d" -MT"Drivers/STM32F4xx_HAL_Driver/Src/stm32f4xx_hal.o" --specs=nano.specs -mfpu=fpv4-sp-d16 -mfloat-abi=hard -mthumb -o "Drivers/STM32F4xx_HAL_Driver/Src/stm32f4xx_hal.o"
../Src/system_stm32f4xx.c:136:2: warning: #warning "zmieniłem  jan.t było 16000000" [-Wcpp]
  136 | #warning "zmieniłem  jan.t było 16000000"
      |  ^~~~~~~
../Src/system_stm32f4xx.c:137:2: warning: #warning "Co poczac z takim warningiem, PR" [-Wcpp]
  137 | #warning "Co poczac z takim warningiem, PR"
      |  ^~~~~~~
arm-none-eabi-gcc -c -u _printf_float "../Drivers/STM32F4xx_HAL_Driver/Src/stm32f4xx_hal_adc.c" -mcpu=cortex-m4 -std=gnu11 -g3 '-D__weak=__attribute__((weak))' -DARM_MATH_CM4 '-D__packed=__attribute__((__packed__))' -DUSE_HAL_DRIVER -DSTM32F413xx -c -I"C:/App/ProjectsAMC/T0808-SLS/SLS/Drivers/CMSIS/DSP/Include" -I../Src/App/ModbusMath -I../Drivers/CMSIS/DSP/Include -I"C:/App/ProjectsAMC/T0808-SLS/SLS/Src/App/ModbusMath" -I../Src/App -I"C:/App/ProjectsAMC/T0808-SLS/SLS/Src/Modbus" -I../Src/OTC -I../Src/Memory -I../Inc -I../Src/Drivers -I../Drivers/STM32F4xx_HAL_Driver/Inc -I../Drivers/STM32F4xx_HAL_Driver/Inc/Legacy -I../Drivers/CMSIS/Device/ST/STM32F4xx/Include -I../Drivers/CMSIS/Include -I../Drivers/CMSIS/Lib/GCC -I../../Src/App/ModbusMath -I../../Drivers/CMSIS/DSP/Include -Og -ffunction-sections -Wall -fmessage-length=0 -fstack-usage -fcyclomatic-complexity -MMD -MP -MF"Drivers/STM32F4xx_HAL_Driver/Src/stm32f4xx_hal_adc.d" -MT"Drivers/STM32F4xx_HAL_Driver/Src/stm32f4xx_hal_adc.o" --specs=nano.specs -mfpu=fpv4-sp-d16 -mfloat-abi=hard -mthumb -o "Drivers/STM32F4xx_HAL_Driver/Src/stm32f4xx_hal_adc.o"
arm-none-eabi-gcc -c -u _printf_float "../Drivers/STM32F4xx_HAL_Driver/Src/stm32f4xx_hal_adc_ex.c" -mcpu=cortex-m4 -std=gnu11 -g3 '-D__weak=__attribute__((weak))' -DARM_MATH_CM4 '-D__packed=__attribute__((__packed__))' -DUSE_HAL_DRIVER -DSTM32F413xx -c -I"C:/App/ProjectsAMC/T0808-SLS/SLS/Drivers/CMSIS/DSP/Include" -I../Src/App/ModbusMath -I../Drivers/CMSIS/DSP/Include -I"C:/App/ProjectsAMC/T0808-SLS/SLS/Src/App/ModbusMath" -I../Src/App -I"C:/App/ProjectsAMC/T0808-SLS/SLS/Src/Modbus" -I../Src/OTC -I../Src/Memory -I../Inc -I../Src/Drivers -I../Drivers/STM32F4xx_HAL_Driver/Inc -I../Drivers/STM32F4xx_HAL_Driver/Inc/Legacy -I../Drivers/CMSIS/Device/ST/STM32F4xx/Include -I../Drivers/CMSIS/Include -I../Drivers/CMSIS/Lib/GCC -I../../Src/App/ModbusMath -I../../Drivers/CMSIS/DSP/Include -Og -ffunction-sections -Wall -fmessage-length=0 -fstack-usage -fcyclomatic-complexity -MMD -MP -MF"Drivers/STM32F4xx_HAL_Driver/Src/stm32f4xx_hal_adc_ex.d" -MT"Drivers/STM32F4xx_HAL_Driver/Src/stm32f4xx_hal_adc_ex.o" --specs=nano.specs -mfpu=fpv4-sp-d16 -mfloat-abi=hard -mthumb -o "Drivers/STM32F4xx_HAL_Driver/Src/stm32f4xx_hal_adc_ex.o"
arm-none-eabi-gcc -c -u _printf_float "../Drivers/STM32F4xx_HAL_Driver/Src/stm32f4xx_hal_cortex.c" -mcpu=cortex-m4 -std=gnu11 -g3 '-D__weak=__attribute__((weak))' -DARM_MATH_CM4 '-D__packed=__attribute__((__packed__))' -DUSE_HAL_DRIVER -DSTM32F413xx -c -I"C:/App/ProjectsAMC/T0808-SLS/SLS/Drivers/CMSIS/DSP/Include" -I../Src/App/ModbusMath -I../Drivers/CMSIS/DSP/Include -I"C:/App/ProjectsAMC/T0808-SLS/SLS/Src/App/ModbusMath" -I../Src/App -I"C:/App/ProjectsAMC/T0808-SLS/SLS/Src/Modbus" -I../Src/OTC -I../Src/Memory -I../Inc -I../Src/Drivers -I../Drivers/STM32F4xx_HAL_Driver/Inc -I../Drivers/STM32F4xx_HAL_Driver/Inc/Legacy -I../Drivers/CMSIS/Device/ST/STM32F4xx/Include -I../Drivers/CMSIS/Include -I../Drivers/CMSIS/Lib/GCC -I../../Src/App/ModbusMath -I../../Drivers/CMSIS/DSP/Include -Og -ffunction-sections -Wall -fmessage-length=0 -fstack-usage -fcyclomatic-complexity -MMD -MP -MF"Drivers/STM32F4xx_HAL_Driver/Src/stm32f4xx_hal_cortex.d" -MT"Drivers/STM32F4xx_HAL_Driver/Src/stm32f4xx_hal_cortex.o" --specs=nano.specs -mfpu=fpv4-sp-d16 -mfloat-abi=hard -mthumb -o "Drivers/STM32F4xx_HAL_Driver/Src/stm32f4xx_hal_cortex.o"
arm-none-eabi-gcc -c -u _printf_float "../Drivers/STM32F4xx_HAL_Driver/Src/stm32f4xx_hal_dma.c" -mcpu=cortex-m4 -std=gnu11 -g3 '-D__weak=__attribute__((weak))' -DARM_MATH_CM4 '-D__packed=__attribute__((__packed__))' -DUSE_HAL_DRIVER -DSTM32F413xx -c -I"C:/App/ProjectsAMC/T0808-SLS/SLS/Drivers/CMSIS/DSP/Include" -I../Src/App/ModbusMath -I../Drivers/CMSIS/DSP/Include -I"C:/App/ProjectsAMC/T0808-SLS/SLS/Src/App/ModbusMath" -I../Src/App -I"C:/App/ProjectsAMC/T0808-SLS/SLS/Src/Modbus" -I../Src/OTC -I../Src/Memory -I../Inc -I../Src/Drivers -I../Drivers/STM32F4xx_HAL_Driver/Inc -I../Drivers/STM32F4xx_HAL_Driver/Inc/Legacy -I../Drivers/CMSIS/Device/ST/STM32F4xx/Include -I../Drivers/CMSIS/Include -I../Drivers/CMSIS/Lib/GCC -I../../Src/App/ModbusMath -I../../Drivers/CMSIS/DSP/Include -Og -ffunction-sections -Wall -fmessage-length=0 -fstack-usage -fcyclomatic-complexity -MMD -MP -MF"Drivers/STM32F4xx_HAL_Driver/Src/stm32f4xx_hal_dma.d" -MT"Drivers/STM32F4xx_HAL_Driver/Src/stm32f4xx_hal_dma.o" --specs=nano.specs -mfpu=fpv4-sp-d16 -mfloat-abi=hard -mthumb -o "Drivers/STM32F4xx_HAL_Driver/Src/stm32f4xx_hal_dma.o"
arm-none-eabi-gcc -c -u _printf_float "../Drivers/STM32F4xx_HAL_Driver/Src/stm32f4xx_hal_dma_ex.c" -mcpu=cortex-m4 -std=gnu11 -g3 '-D__weak=__attribute__((weak))' -DARM_MATH_CM4 '-D__packed=__attribute__((__packed__))' -DUSE_HAL_DRIVER -DSTM32F413xx -c -I"C:/App/ProjectsAMC/T0808-SLS/SLS/Drivers/CMSIS/DSP/Include" -I../Src/App/ModbusMath -I../Drivers/CMSIS/DSP/Include -I"C:/App/ProjectsAMC/T0808-SLS/SLS/Src/App/ModbusMath" -I../Src/App -I"C:/App/ProjectsAMC/T0808-SLS/SLS/Src/Modbus" -I../Src/OTC -I../Src/Memory -I../Inc -I../Src/Drivers -I../Drivers/STM32F4xx_HAL_Driver/Inc -I../Drivers/STM32F4xx_HAL_Driver/Inc/Legacy -I../Drivers/CMSIS/Device/ST/STM32F4xx/Include -I../Drivers/CMSIS/Include -I../Drivers/CMSIS/Lib/GCC -I../../Src/App/ModbusMath -I../../Drivers/CMSIS/DSP/Include -Og -ffunction-sections -Wall -fmessage-length=0 -fstack-usage -fcyclomatic-complexity -MMD -MP -MF"Drivers/STM32F4xx_HAL_Driver/Src/stm32f4xx_hal_dma_ex.d" -MT"Drivers/STM32F4xx_HAL_Driver/Src/stm32f4xx_hal_dma_ex.o" --specs=nano.specs -mfpu=fpv4-sp-d16 -mfloat-abi=hard -mthumb -o "Drivers/STM32F4xx_HAL_Driver/Src/stm32f4xx_hal_dma_ex.o"
arm-none-eabi-gcc -c -u _printf_float "../Drivers/STM32F4xx_HAL_Driver/Src/stm32f4xx_hal_exti.c" -mcpu=cortex-m4 -std=gnu11 -g3 '-D__weak=__attribute__((weak))' -DARM_MATH_CM4 '-D__packed=__attribute__((__packed__))' -DUSE_HAL_DRIVER -DSTM32F413xx -c -I"C:/App/ProjectsAMC/T0808-SLS/SLS/Drivers/CMSIS/DSP/Include" -I../Src/App/ModbusMath -I../Drivers/CMSIS/DSP/Include -I"C:/App/ProjectsAMC/T0808-SLS/SLS/Src/App/ModbusMath" -I../Src/App -I"C:/App/ProjectsAMC/T0808-SLS/SLS/Src/Modbus" -I../Src/OTC -I../Src/Memory -I../Inc -I../Src/Drivers -I../Drivers/STM32F4xx_HAL_Driver/Inc -I../Drivers/STM32F4xx_HAL_Driver/Inc/Legacy -I../Drivers/CMSIS/Device/ST/STM32F4xx/Include -I../Drivers/CMSIS/Include -I../Drivers/CMSIS/Lib/GCC -I../../Src/App/ModbusMath -I../../Drivers/CMSIS/DSP/Include -Og -ffunction-sections -Wall -fmessage-length=0 -fstack-usage -fcyclomatic-complexity -MMD -MP -MF"Drivers/STM32F4xx_HAL_Driver/Src/stm32f4xx_hal_exti.d" -MT"Drivers/STM32F4xx_HAL_Driver/Src/stm32f4xx_hal_exti.o" --specs=nano.specs -mfpu=fpv4-sp-d16 -mfloat-abi=hard -mthumb -o "Drivers/STM32F4xx_HAL_Driver/Src/stm32f4xx_hal_exti.o"
arm-none-eabi-gcc -c -u _printf_float "../Drivers/STM32F4xx_HAL_Driver/Src/stm32f4xx_hal_flash.c" -mcpu=cortex-m4 -std=gnu11 -g3 '-D__weak=__attribute__((weak))' -DARM_MATH_CM4 '-D__packed=__attribute__((__packed__))' -DUSE_HAL_DRIVER -DSTM32F413xx -c -I"C:/App/ProjectsAMC/T0808-SLS/SLS/Drivers/CMSIS/DSP/Include" -I../Src/App/ModbusMath -I../Drivers/CMSIS/DSP/Include -I"C:/App/ProjectsAMC/T0808-SLS/SLS/Src/App/ModbusMath" -I../Src/App -I"C:/App/ProjectsAMC/T0808-SLS/SLS/Src/Modbus" -I../Src/OTC -I../Src/Memory -I../Inc -I../Src/Drivers -I../Drivers/STM32F4xx_HAL_Driver/Inc -I../Drivers/STM32F4xx_HAL_Driver/Inc/Legacy -I../Drivers/CMSIS/Device/ST/STM32F4xx/Include -I../Drivers/CMSIS/Include -I../Drivers/CMSIS/Lib/GCC -I../../Src/App/ModbusMath -I../../Drivers/CMSIS/DSP/Include -Og -ffunction-sections -Wall -fmessage-length=0 -fstack-usage -fcyclomatic-complexity -MMD -MP -MF"Drivers/STM32F4xx_HAL_Driver/Src/stm32f4xx_hal_flash.d" -MT"Drivers/STM32F4xx_HAL_Driver/Src/stm32f4xx_hal_flash.o" --specs=nano.specs -mfpu=fpv4-sp-d16 -mfloat-abi=hard -mthumb -o "Drivers/STM32F4xx_HAL_Driver/Src/stm32f4xx_hal_flash.o"
arm-none-eabi-gcc -c -u _printf_float "../Drivers/STM32F4xx_HAL_Driver/Src/stm32f4xx_hal_flash_ex.c" -mcpu=cortex-m4 -std=gnu11 -g3 '-D__weak=__attribute__((weak))' -DARM_MATH_CM4 '-D__packed=__attribute__((__packed__))' -DUSE_HAL_DRIVER -DSTM32F413xx -c -I"C:/App/ProjectsAMC/T0808-SLS/SLS/Drivers/CMSIS/DSP/Include" -I../Src/App/ModbusMath -I../Drivers/CMSIS/DSP/Include -I"C:/App/ProjectsAMC/T0808-SLS/SLS/Src/App/ModbusMath" -I../Src/App -I"C:/App/ProjectsAMC/T0808-SLS/SLS/Src/Modbus" -I../Src/OTC -I../Src/Memory -I../Inc -I../Src/Drivers -I../Drivers/STM32F4xx_HAL_Driver/Inc -I../Drivers/STM32F4xx_HAL_Driver/Inc/Legacy -I../Drivers/CMSIS/Device/ST/STM32F4xx/Include -I../Drivers/CMSIS/Include -I../Drivers/CMSIS/Lib/GCC -I../../Src/App/ModbusMath -I../../Drivers/CMSIS/DSP/Include -Og -ffunction-sections -Wall -fmessage-length=0 -fstack-usage -fcyclomatic-complexity -MMD -MP -MF"Drivers/STM32F4xx_HAL_Driver/Src/stm32f4xx_hal_flash_ex.d" -MT"Drivers/STM32F4xx_HAL_Driver/Src/stm32f4xx_hal_flash_ex.o" --specs=nano.specs -mfpu=fpv4-sp-d16 -mfloat-abi=hard -mthumb -o "Drivers/STM32F4xx_HAL_Driver/Src/stm32f4xx_hal_flash_ex.o"
arm-none-eabi-gcc -c -u _printf_float "../Drivers/STM32F4xx_HAL_Driver/Src/stm32f4xx_hal_flash_ramfunc.c" -mcpu=cortex-m4 -std=gnu11 -g3 '-D__weak=__attribute__((weak))' -DARM_MATH_CM4 '-D__packed=__attribute__((__packed__))' -DUSE_HAL_DRIVER -DSTM32F413xx -c -I"C:/App/ProjectsAMC/T0808-SLS/SLS/Drivers/CMSIS/DSP/Include" -I../Src/App/ModbusMath -I../Drivers/CMSIS/DSP/Include -I"C:/App/ProjectsAMC/T0808-SLS/SLS/Src/App/ModbusMath" -I../Src/App -I"C:/App/ProjectsAMC/T0808-SLS/SLS/Src/Modbus" -I../Src/OTC -I../Src/Memory -I../Inc -I../Src/Drivers -I../Drivers/STM32F4xx_HAL_Driver/Inc -I../Drivers/STM32F4xx_HAL_Driver/Inc/Legacy -I../Drivers/CMSIS/Device/ST/STM32F4xx/Include -I../Drivers/CMSIS/Include -I../Drivers/CMSIS/Lib/GCC -I../../Src/App/ModbusMath -I../../Drivers/CMSIS/DSP/Include -Og -ffunction-sections -Wall -fmessage-length=0 -fstack-usage -fcyclomatic-complexity -MMD -MP -MF"Drivers/STM32F4xx_HAL_Driver/Src/stm32f4xx_hal_flash_ramfunc.d" -MT"Drivers/STM32F4xx_HAL_Driver/Src/stm32f4xx_hal_flash_ramfunc.o" --specs=nano.specs -mfpu=fpv4-sp-d16 -mfloat-abi=hard -mthumb -o "Drivers/STM32F4xx_HAL_Driver/Src/stm32f4xx_hal_flash_ramfunc.o"
arm-none-eabi-gcc -c -u _printf_float "../Drivers/STM32F4xx_HAL_Driver/Src/stm32f4xx_hal_gpio.c" -mcpu=cortex-m4 -std=gnu11 -g3 '-D__weak=__attribute__((weak))' -DARM_MATH_CM4 '-D__packed=__attribute__((__packed__))' -DUSE_HAL_DRIVER -DSTM32F413xx -c -I"C:/App/ProjectsAMC/T0808-SLS/SLS/Drivers/CMSIS/DSP/Include" -I../Src/App/ModbusMath -I../Drivers/CMSIS/DSP/Include -I"C:/App/ProjectsAMC/T0808-SLS/SLS/Src/App/ModbusMath" -I../Src/App -I"C:/App/ProjectsAMC/T0808-SLS/SLS/Src/Modbus" -I../Src/OTC -I../Src/Memory -I../Inc -I../Src/Drivers -I../Drivers/STM32F4xx_HAL_Driver/Inc -I../Drivers/STM32F4xx_HAL_Driver/Inc/Legacy -I../Drivers/CMSIS/Device/ST/STM32F4xx/Include -I../Drivers/CMSIS/Include -I../Drivers/CMSIS/Lib/GCC -I../../Src/App/ModbusMath -I../../Drivers/CMSIS/DSP/Include -Og -ffunction-sections -Wall -fmessage-length=0 -fstack-usage -fcyclomatic-complexity -MMD -MP -MF"Drivers/STM32F4xx_HAL_Driver/Src/stm32f4xx_hal_gpio.d" -MT"Drivers/STM32F4xx_HAL_Driver/Src/stm32f4xx_hal_gpio.o" --specs=nano.specs -mfpu=fpv4-sp-d16 -mfloat-abi=hard -mthumb -o "Drivers/STM32F4xx_HAL_Driver/Src/stm32f4xx_hal_gpio.o"
arm-none-eabi-gcc -c -u _printf_float "../Drivers/STM32F4xx_HAL_Driver/Src/stm32f4xx_hal_pwr.c" -mcpu=cortex-m4 -std=gnu11 -g3 '-D__weak=__attribute__((weak))' -DARM_MATH_CM4 '-D__packed=__attribute__((__packed__))' -DUSE_HAL_DRIVER -DSTM32F413xx -c -I"C:/App/ProjectsAMC/T0808-SLS/SLS/Drivers/CMSIS/DSP/Include" -I../Src/App/ModbusMath -I../Drivers/CMSIS/DSP/Include -I"C:/App/ProjectsAMC/T0808-SLS/SLS/Src/App/ModbusMath" -I../Src/App -I"C:/App/ProjectsAMC/T0808-SLS/SLS/Src/Modbus" -I../Src/OTC -I../Src/Memory -I../Inc -I../Src/Drivers -I../Drivers/STM32F4xx_HAL_Driver/Inc -I../Drivers/STM32F4xx_HAL_Driver/Inc/Legacy -I../Drivers/CMSIS/Device/ST/STM32F4xx/Include -I../Drivers/CMSIS/Include -I../Drivers/CMSIS/Lib/GCC -I../../Src/App/ModbusMath -I../../Drivers/CMSIS/DSP/Include -Og -ffunction-sections -Wall -fmessage-length=0 -fstack-usage -fcyclomatic-complexity -MMD -MP -MF"Drivers/STM32F4xx_HAL_Driver/Src/stm32f4xx_hal_pwr.d" -MT"Drivers/STM32F4xx_HAL_Driver/Src/stm32f4xx_hal_pwr.o" --specs=nano.specs -mfpu=fpv4-sp-d16 -mfloat-abi=hard -mthumb -o "Drivers/STM32F4xx_HAL_Driver/Src/stm32f4xx_hal_pwr.o"
arm-none-eabi-gcc -c -u _printf_float "../Drivers/STM32F4xx_HAL_Driver/Src/stm32f4xx_hal_pwr_ex.c" -mcpu=cortex-m4 -std=gnu11 -g3 '-D__weak=__attribute__((weak))' -DARM_MATH_CM4 '-D__packed=__attribute__((__packed__))' -DUSE_HAL_DRIVER -DSTM32F413xx -c -I"C:/App/ProjectsAMC/T0808-SLS/SLS/Drivers/CMSIS/DSP/Include" -I../Src/App/ModbusMath -I../Drivers/CMSIS/DSP/Include -I"C:/App/ProjectsAMC/T0808-SLS/SLS/Src/App/ModbusMath" -I../Src/App -I"C:/App/ProjectsAMC/T0808-SLS/SLS/Src/Modbus" -I../Src/OTC -I../Src/Memory -I../Inc -I../Src/Drivers -I../Drivers/STM32F4xx_HAL_Driver/Inc -I../Drivers/STM32F4xx_HAL_Driver/Inc/Legacy -I../Drivers/CMSIS/Device/ST/STM32F4xx/Include -I../Drivers/CMSIS/Include -I../Drivers/CMSIS/Lib/GCC -I../../Src/App/ModbusMath -I../../Drivers/CMSIS/DSP/Include -Og -ffunction-sections -Wall -fmessage-length=0 -fstack-usage -fcyclomatic-complexity -MMD -MP -MF"Drivers/STM32F4xx_HAL_Driver/Src/stm32f4xx_hal_pwr_ex.d" -MT"Drivers/STM32F4xx_HAL_Driver/Src/stm32f4xx_hal_pwr_ex.o" --specs=nano.specs -mfpu=fpv4-sp-d16 -mfloat-abi=hard -mthumb -o "Drivers/STM32F4xx_HAL_Driver/Src/stm32f4xx_hal_pwr_ex.o"
arm-none-eabi-gcc -c -u _printf_float "../Drivers/STM32F4xx_HAL_Driver/Src/stm32f4xx_hal_rcc.c" -mcpu=cortex-m4 -std=gnu11 -g3 '-D__weak=__attribute__((weak))' -DARM_MATH_CM4 '-D__packed=__attribute__((__packed__))' -DUSE_HAL_DRIVER -DSTM32F413xx -c -I"C:/App/ProjectsAMC/T0808-SLS/SLS/Drivers/CMSIS/DSP/Include" -I../Src/App/ModbusMath -I../Drivers/CMSIS/DSP/Include -I"C:/App/ProjectsAMC/T0808-SLS/SLS/Src/App/ModbusMath" -I../Src/App -I"C:/App/ProjectsAMC/T0808-SLS/SLS/Src/Modbus" -I../Src/OTC -I../Src/Memory -I../Inc -I../Src/Drivers -I../Drivers/STM32F4xx_HAL_Driver/Inc -I../Drivers/STM32F4xx_HAL_Driver/Inc/Legacy -I../Drivers/CMSIS/Device/ST/STM32F4xx/Include -I../Drivers/CMSIS/Include -I../Drivers/CMSIS/Lib/GCC -I../../Src/App/ModbusMath -I../../Drivers/CMSIS/DSP/Include -Og -ffunction-sections -Wall -fmessage-length=0 -fstack-usage -fcyclomatic-complexity -MMD -MP -MF"Drivers/STM32F4xx_HAL_Driver/Src/stm32f4xx_hal_rcc.d" -MT"Drivers/STM32F4xx_HAL_Driver/Src/stm32f4xx_hal_rcc.o" --specs=nano.specs -mfpu=fpv4-sp-d16 -mfloat-abi=hard -mthumb -o "Drivers/STM32F4xx_HAL_Driver/Src/stm32f4xx_hal_rcc.o"
arm-none-eabi-gcc -c -u _printf_float "../Drivers/STM32F4xx_HAL_Driver/Src/stm32f4xx_hal_rcc_ex.c" -mcpu=cortex-m4 -std=gnu11 -g3 '-D__weak=__attribute__((weak))' -DARM_MATH_CM4 '-D__packed=__attribute__((__packed__))' -DUSE_HAL_DRIVER -DSTM32F413xx -c -I"C:/App/ProjectsAMC/T0808-SLS/SLS/Drivers/CMSIS/DSP/Include" -I../Src/App/ModbusMath -I../Drivers/CMSIS/DSP/Include -I"C:/App/ProjectsAMC/T0808-SLS/SLS/Src/App/ModbusMath" -I../Src/App -I"C:/App/ProjectsAMC/T0808-SLS/SLS/Src/Modbus" -I../Src/OTC -I../Src/Memory -I../Inc -I../Src/Drivers -I../Drivers/STM32F4xx_HAL_Driver/Inc -I../Drivers/STM32F4xx_HAL_Driver/Inc/Legacy -I../Drivers/CMSIS/Device/ST/STM32F4xx/Include -I../Drivers/CMSIS/Include -I../Drivers/CMSIS/Lib/GCC -I../../Src/App/ModbusMath -I../../Drivers/CMSIS/DSP/Include -Og -ffunction-sections -Wall -fmessage-length=0 -fstack-usage -fcyclomatic-complexity -MMD -MP -MF"Drivers/STM32F4xx_HAL_Driver/Src/stm32f4xx_hal_rcc_ex.d" -MT"Drivers/STM32F4xx_HAL_Driver/Src/stm32f4xx_hal_rcc_ex.o" --specs=nano.specs -mfpu=fpv4-sp-d16 -mfloat-abi=hard -mthumb -o "Drivers/STM32F4xx_HAL_Driver/Src/stm32f4xx_hal_rcc_ex.o"
arm-none-eabi-gcc -c -u _printf_float "../Drivers/STM32F4xx_HAL_Driver/Src/stm32f4xx_hal_spi.c" -mcpu=cortex-m4 -std=gnu11 -g3 '-D__weak=__attribute__((weak))' -DARM_MATH_CM4 '-D__packed=__attribute__((__packed__))' -DUSE_HAL_DRIVER -DSTM32F413xx -c -I"C:/App/ProjectsAMC/T0808-SLS/SLS/Drivers/CMSIS/DSP/Include" -I../Src/App/ModbusMath -I../Drivers/CMSIS/DSP/Include -I"C:/App/ProjectsAMC/T0808-SLS/SLS/Src/App/ModbusMath" -I../Src/App -I"C:/App/ProjectsAMC/T0808-SLS/SLS/Src/Modbus" -I../Src/OTC -I../Src/Memory -I../Inc -I../Src/Drivers -I../Drivers/STM32F4xx_HAL_Driver/Inc -I../Drivers/STM32F4xx_HAL_Driver/Inc/Legacy -I../Drivers/CMSIS/Device/ST/STM32F4xx/Include -I../Drivers/CMSIS/Include -I../Drivers/CMSIS/Lib/GCC -I../../Src/App/ModbusMath -I../../Drivers/CMSIS/DSP/Include -Og -ffunction-sections -Wall -fmessage-length=0 -fstack-usage -fcyclomatic-complexity -MMD -MP -MF"Drivers/STM32F4xx_HAL_Driver/Src/stm32f4xx_hal_spi.d" -MT"Drivers/STM32F4xx_HAL_Driver/Src/stm32f4xx_hal_spi.o" --specs=nano.specs -mfpu=fpv4-sp-d16 -mfloat-abi=hard -mthumb -o "Drivers/STM32F4xx_HAL_Driver/Src/stm32f4xx_hal_spi.o"
arm-none-eabi-gcc -c -u _printf_float "../Drivers/STM32F4xx_HAL_Driver/Src/stm32f4xx_hal_tim.c" -mcpu=cortex-m4 -std=gnu11 -g3 '-D__weak=__attribute__((weak))' -DARM_MATH_CM4 '-D__packed=__attribute__((__packed__))' -DUSE_HAL_DRIVER -DSTM32F413xx -c -I"C:/App/ProjectsAMC/T0808-SLS/SLS/Drivers/CMSIS/DSP/Include" -I../Src/App/ModbusMath -I../Drivers/CMSIS/DSP/Include -I"C:/App/ProjectsAMC/T0808-SLS/SLS/Src/App/ModbusMath" -I../Src/App -I"C:/App/ProjectsAMC/T0808-SLS/SLS/Src/Modbus" -I../Src/OTC -I../Src/Memory -I../Inc -I../Src/Drivers -I../Drivers/STM32F4xx_HAL_Driver/Inc -I../Drivers/STM32F4xx_HAL_Driver/Inc/Legacy -I../Drivers/CMSIS/Device/ST/STM32F4xx/Include -I../Drivers/CMSIS/Include -I../Drivers/CMSIS/Lib/GCC -I../../Src/App/ModbusMath -I../../Drivers/CMSIS/DSP/Include -Og -ffunction-sections -Wall -fmessage-length=0 -fstack-usage -fcyclomatic-complexity -MMD -MP -MF"Drivers/STM32F4xx_HAL_Driver/Src/stm32f4xx_hal_tim.d" -MT"Drivers/STM32F4xx_HAL_Driver/Src/stm32f4xx_hal_tim.o" --specs=nano.specs -mfpu=fpv4-sp-d16 -mfloat-abi=hard -mthumb -o "Drivers/STM32F4xx_HAL_Driver/Src/stm32f4xx_hal_tim.o"
arm-none-eabi-gcc -c -u _printf_float "../Drivers/STM32F4xx_HAL_Driver/Src/stm32f4xx_hal_tim_ex.c" -mcpu=cortex-m4 -std=gnu11 -g3 '-D__weak=__attribute__((weak))' -DARM_MATH_CM4 '-D__packed=__attribute__((__packed__))' -DUSE_HAL_DRIVER -DSTM32F413xx -c -I"C:/App/ProjectsAMC/T0808-SLS/SLS/Drivers/CMSIS/DSP/Include" -I../Src/App/ModbusMath -I../Drivers/CMSIS/DSP/Include -I"C:/App/ProjectsAMC/T0808-SLS/SLS/Src/App/ModbusMath" -I../Src/App -I"C:/App/ProjectsAMC/T0808-SLS/SLS/Src/Modbus" -I../Src/OTC -I../Src/Memory -I../Inc -I../Src/Drivers -I../Drivers/STM32F4xx_HAL_Driver/Inc -I../Drivers/STM32F4xx_HAL_Driver/Inc/Legacy -I../Drivers/CMSIS/Device/ST/STM32F4xx/Include -I../Drivers/CMSIS/Include -I../Drivers/CMSIS/Lib/GCC -I../../Src/App/ModbusMath -I../../Drivers/CMSIS/DSP/Include -Og -ffunction-sections -Wall -fmessage-length=0 -fstack-usage -fcyclomatic-complexity -MMD -MP -MF"Drivers/STM32F4xx_HAL_Driver/Src/stm32f4xx_hal_tim_ex.d" -MT"Drivers/STM32F4xx_HAL_Driver/Src/stm32f4xx_hal_tim_ex.o" --specs=nano.specs -mfpu=fpv4-sp-d16 -mfloat-abi=hard -mthumb -o "Drivers/STM32F4xx_HAL_Driver/Src/stm32f4xx_hal_tim_ex.o"
arm-none-eabi-gcc -c -u _printf_float "../Drivers/STM32F4xx_HAL_Driver/Src/stm32f4xx_hal_uart.c" -mcpu=cortex-m4 -std=gnu11 -g3 '-D__weak=__attribute__((weak))' -DARM_MATH_CM4 '-D__packed=__attribute__((__packed__))' -DUSE_HAL_DRIVER -DSTM32F413xx -c -I"C:/App/ProjectsAMC/T0808-SLS/SLS/Drivers/CMSIS/DSP/Include" -I../Src/App/ModbusMath -I../Drivers/CMSIS/DSP/Include -I"C:/App/ProjectsAMC/T0808-SLS/SLS/Src/App/ModbusMath" -I../Src/App -I"C:/App/ProjectsAMC/T0808-SLS/SLS/Src/Modbus" -I../Src/OTC -I../Src/Memory -I../Inc -I../Src/Drivers -I../Drivers/STM32F4xx_HAL_Driver/Inc -I../Drivers/STM32F4xx_HAL_Driver/Inc/Legacy -I../Drivers/CMSIS/Device/ST/STM32F4xx/Include -I../Drivers/CMSIS/Include -I../Drivers/CMSIS/Lib/GCC -I../../Src/App/ModbusMath -I../../Drivers/CMSIS/DSP/Include -Og -ffunction-sections -Wall -fmessage-length=0 -fstack-usage -fcyclomatic-complexity -MMD -MP -MF"Drivers/STM32F4xx_HAL_Driver/Src/stm32f4xx_hal_uart.d" -MT"Drivers/STM32F4xx_HAL_Driver/Src/stm32f4xx_hal_uart.o" --specs=nano.specs -mfpu=fpv4-sp-d16 -mfloat-abi=hard -mthumb -o "Drivers/STM32F4xx_HAL_Driver/Src/stm32f4xx_hal_uart.o"
arm-none-eabi-gcc -o "SLS.elf" @"objects.list"  -larm_cortexM4lf_math -mcpu=cortex-m4 -T"../STM32F413CGUx_FLASH.ld" --specs=nosys.specs -Wl,-Map="SLS.map" -Wl,--cref -Wl,--gc-sections -static -L"C:\App\ProjectsAMC\T0808-SLS\SLS\Drivers\CMSIS\Lib\GCC" -u _printf_float --specs=nano.specs -mfpu=fpv4-sp-d16 -mfloat-abi=hard -mthumb -u _printf_float -Wl,--start-group -lc -lm -Wl,--end-group
C:/App/STM32CubeIDE_1.19.0/STM32CubeIDE/plugins/com.st.stm32cube.ide.mcu.externaltools.gnu-tools-for-stm32.13.3.rel1.win32_1.0.0.202411081344/tools/bin/../lib/gcc/arm-none-eabi/13.3.1/../../../../arm-none-eabi/bin/ld.exe: warning: SLS.elf has a LOAD segment with RWX permissions
Finished building target: SLS.elf
 
arm-none-eabi-size  SLS.elf 
arm-none-eabi-objdump -h -S SLS.elf  > "SLS.list"
arm-none-eabi-objcopy  -O ihex SLS.elf  "SLS.hex"
arm-none-eabi-objcopy  -O binary SLS.elf  "SLS.bin"
   text	   data	    bss	    dec	    hex	filename
 147844	    772	 149036	 297652	  48ab4	SLS.elf
Finished building: default.size.stdout
 
Finished building: SLS.bin
Finished building: SLS.hex
 
 
Finished building: SLS.list
 
14:56:47 **** Incremental Build of configuration Debug for project SLS ****
make -j4 all 
arm-none-eabi-size  SLS.elf 
   text	   data	    bss	    dec	    hex	filename
 147844	    772	 149036	 297652	  48ab4	SLS.elf
Finished building: default.size.stdout
 
14:56:48 **** Clean-only build of configuration Debug for project SLS_Bootloader ****
make -j4 clean 
rm -rf ./Drivers/STM32F4xx_HAL_Driver/Src/stm32f4xx_hal.cyclo ./Drivers/STM32F4xx_HAL_Driver/Src/stm32f4xx_hal.d ./Drivers/STM32F4xx_HAL_Driver/Src/stm32f4xx_hal.o ./Drivers/STM32F4xx_HAL_Driver/Src/stm32f4xx_hal.su ./Drivers/STM32F4xx_HAL_Driver/Src/stm32f4xx_hal_cortex.cyclo ./Drivers/STM32F4xx_HAL_Driver/Src/stm32f4xx_hal_cortex.d ./Drivers/STM32F4xx_HAL_Driver/Src/stm32f4xx_hal_cortex.o ./Drivers/STM32F4xx_HAL_Driver/Src/stm32f4xx_hal_cortex.su ./Drivers/STM32F4xx_HAL_Driver/Src/stm32f4xx_hal_dma.cyclo ./Drivers/STM32F4xx_HAL_Driver/Src/stm32f4xx_hal_dma.d ./Drivers/STM32F4xx_HAL_Driver/Src/stm32f4xx_hal_dma.o ./Drivers/STM32F4xx_HAL_Driver/Src/stm32f4xx_hal_dma.su ./Drivers/STM32F4xx_HAL_Driver/Src/stm32f4xx_hal_dma_ex.cyclo ./Drivers/STM32F4xx_HAL_Driver/Src/stm32f4xx_hal_dma_ex.d ./Drivers/STM32F4xx_HAL_Driver/Src/stm32f4xx_hal_dma_ex.o ./Drivers/STM32F4xx_HAL_Driver/Src/stm32f4xx_hal_dma_ex.su ./Drivers/STM32F4xx_HAL_Driver/Src/stm32f4xx_hal_exti.cyclo ./Drivers/STM32F4xx_HAL_Driver/Src/stm32f4xx_hal_exti.d ./Drivers/STM32F4xx_HAL_Driver/Src/stm32f4xx_hal_exti.o ./Drivers/STM32F4xx_HAL_Driver/Src/stm32f4xx_hal_exti.su ./Drivers/STM32F4xx_HAL_Driver/Src/stm32f4xx_hal_flash.cyclo ./Drivers/STM32F4xx_HAL_Driver/Src/stm32f4xx_hal_flash.d ./Drivers/STM32F4xx_HAL_Driver/Src/stm32f4xx_hal_flash.o ./Drivers/STM32F4xx_HAL_Driver/Src/stm32f4xx_hal_flash.su ./Drivers/STM32F4xx_HAL_Driver/Src/stm32f4xx_hal_flash_ex.cyclo ./Drivers/STM32F4xx_HAL_Driver/Src/stm32f4xx_hal_flash_ex.d ./Drivers/STM32F4xx_HAL_Driver/Src/stm32f4xx_hal_flash_ex.o ./Drivers/STM32F4xx_HAL_Driver/Src/stm32f4xx_hal_flash_ex.su ./Drivers/STM32F4xx_HAL_Driver/Src/stm32f4xx_hal_flash_ramfunc.cyclo ./Drivers/STM32F4xx_HAL_Driver/Src/stm32f4xx_hal_flash_ramfunc.d ./Drivers/STM32F4xx_HAL_Driver/Src/stm32f4xx_hal_flash_ramfunc.o ./Drivers/STM32F4xx_HAL_Driver/Src/stm32f4xx_hal_flash_ramfunc.su ./Drivers/STM32F4xx_HAL_Driver/Src/stm32f4xx_hal_gpio.cyclo ./Drivers/STM32F4xx_HAL_Driver/Src/stm32f4xx_hal_gpio.d ./Drivers/STM32F4xx_HAL_Driver/Src/stm32f4xx_hal_gpio.o ./Drivers/STM32F4xx_HAL_Driver/Src/stm32f4xx_hal_gpio.su ./Drivers/STM32F4xx_HAL_Driver/Src/stm32f4xx_hal_pwr.cyclo ./Drivers/STM32F4xx_HAL_Driver/Src/stm32f4xx_hal_pwr.d ./Drivers/STM32F4xx_HAL_Driver/Src/stm32f4xx_hal_pwr.o ./Drivers/STM32F4xx_HAL_Driver/Src/stm32f4xx_hal_pwr.su ./Drivers/STM32F4xx_HAL_Driver/Src/stm32f4xx_hal_pwr_ex.cyclo ./Drivers/STM32F4xx_HAL_Driver/Src/stm32f4xx_hal_pwr_ex.d ./Drivers/STM32F4xx_HAL_Driver/Src/stm32f4xx_hal_pwr_ex.o ./Drivers/STM32F4xx_HAL_Driver/Src/stm32f4xx_hal_pwr_ex.su ./Drivers/STM32F4xx_HAL_Driver/Src/stm32f4xx_hal_rcc.cyclo ./Drivers/STM32F4xx_HAL_Driver/Src/stm32f4xx_hal_rcc.d ./Drivers/STM32F4xx_HAL_Driver/Src/stm32f4xx_hal_rcc.o ./Drivers/STM32F4xx_HAL_Driver/Src/stm32f4xx_hal_rcc.su ./Drivers/STM32F4xx_HAL_Driver/Src/stm32f4xx_hal_rcc_ex.cyclo ./Drivers/STM32F4xx_HAL_Driver/Src/stm32f4xx_hal_rcc_ex.d ./Drivers/STM32F4xx_HAL_Driver/Src/stm32f4xx_hal_rcc_ex.o ./Drivers/STM32F4xx_HAL_Driver/Src/stm32f4xx_hal_rcc_ex.su ./Drivers/STM32F4xx_HAL_Driver/Src/stm32f4xx_hal_tim.cyclo ./Drivers/STM32F4xx_HAL_Driver/Src/stm32f4xx_hal_tim.d ./Drivers/STM32F4xx_HAL_Driver/Src/stm32f4xx_hal_tim.o ./Drivers/STM32F4xx_HAL_Driver/Src/stm32f4xx_hal_tim.su ./Drivers/STM32F4xx_HAL_Driver/Src/stm32f4xx_hal_tim_ex.cyclo ./Drivers/STM32F4xx_HAL_Driver/Src/stm32f4xx_hal_tim_ex.d ./Drivers/STM32F4xx_HAL_Driver/Src/stm32f4xx_hal_tim_ex.o ./Drivers/STM32F4xx_HAL_Driver/Src/stm32f4xx_hal_tim_ex.su ./Drivers/STM32F4xx_HAL_Driver/Src/stm32f4xx_hal_uart.cyclo ./Drivers/STM32F4xx_HAL_Driver/Src/stm32f4xx_hal_uart.d ./Drivers/STM32F4xx_HAL_Driver/Src/stm32f4xx_hal_uart.o ./Drivers/STM32F4xx_HAL_Driver/Src/stm32f4xx_hal_uart.su
rm -rf ./Core/Startup/startup_stm32f413cgux.d ./Core/Startup/startup_stm32f413cgux.o
rm -rf ./Core/Src/OTC/crc32.cyclo ./Core/Src/OTC/crc32.d ./Core/Src/OTC/crc32.o ./Core/Src/OTC/crc32.su ./Core/Src/OTC/otc_core.cyclo ./Core/Src/OTC/otc_core.d ./Core/Src/OTC/otc_core.o ./Core/Src/OTC/otc_core.su ./Core/Src/OTC/otc_flash.cyclo ./Core/Src/OTC/otc_flash.d ./Core/Src/OTC/otc_flash.o ./Core/Src/OTC/otc_flash.su
rm -rf ./Core/Src/Comm/comm_app.cyclo ./Core/Src/Comm/comm_app.d ./Core/Src/Comm/comm_app.o ./Core/Src/Comm/comm_app.su ./Core/Src/Comm/comm_link.cyclo ./Core/Src/Comm/comm_link.d ./Core/Src/Comm/comm_link.o ./Core/Src/Comm/comm_link.su ./Core/Src/Comm/crc16.cyclo ./Core/Src/Comm/crc16.d ./Core/Src/Comm/crc16.o ./Core/Src/Comm/crc16.su ./Core/Src/Comm/gpio.cyclo ./Core/Src/Comm/gpio.d ./Core/Src/Comm/gpio.o ./Core/Src/Comm/gpio.su ./Core/Src/Comm/rs485.cyclo ./Core/Src/Comm/rs485.d ./Core/Src/Comm/rs485.o ./Core/Src/Comm/rs485.su ./Core/Src/Comm/timer.cyclo ./Core/Src/Comm/timer.d ./Core/Src/Comm/timer.o ./Core/Src/Comm/timer.su
rm -rf ./Core/Src/debug.cyclo ./Core/Src/debug.d ./Core/Src/debug.o ./Core/Src/debug.su ./Core/Src/main.cyclo ./Core/Src/main.d ./Core/Src/main.o ./Core/Src/main.su ./Core/Src/stm32f4xx_hal_msp.cyclo ./Core/Src/stm32f4xx_hal_msp.d ./Core/Src/stm32f4xx_hal_msp.o ./Core/Src/stm32f4xx_hal_msp.su ./Core/Src/stm32f4xx_it.cyclo ./Core/Src/stm32f4xx_it.d ./Core/Src/stm32f4xx_it.o ./Core/Src/stm32f4xx_it.su ./Core/Src/syscalls.cyclo ./Core/Src/syscalls.d ./Core/Src/syscalls.o ./Core/Src/syscalls.su ./Core/Src/sysmem.cyclo ./Core/Src/sysmem.d ./Core/Src/sysmem.o ./Core/Src/sysmem.su ./Core/Src/system_stm32f4xx.cyclo ./Core/Src/system_stm32f4xx.d ./Core/Src/system_stm32f4xx.o ./Core/Src/system_stm32f4xx.su
rm -rf SLS_Bootloader.elf SLS_Bootloader.hex SLS_Bootloader.list SLS_Bootloader.map default.size.stdout
 
14:56:50 **** Build of configuration Debug for project SLS_Bootloader ****
make -j4 all 
arm-none-eabi-gcc "../Drivers/STM32F4xx_HAL_Driver/Src/stm32f4xx_hal.c" -mcpu=cortex-m4 -std=gnu11 -g3 -DUSE_HAL_DRIVER -DSTM32F413xx -DDEBUG -c -I../Drivers/CMSIS/Include -I../Core/Src/OTC -I../Core/Src/Comm -I../Drivers/STM32F4xx_HAL_Driver/Inc -I../Core/Inc -I../Drivers/CMSIS/Device/ST/STM32F4xx/Include -I../Drivers/STM32F4xx_HAL_Driver/Inc/Legacy -O0 -ffunction-sections -fdata-sections -Wall -fstack-usage -fcyclomatic-complexity -MMD -MP -MF"Drivers/STM32F4xx_HAL_Driver/Src/stm32f4xx_hal.d" -MT"Drivers/STM32F4xx_HAL_Driver/Src/stm32f4xx_hal.o" --specs=nano.specs -mfpu=fpv4-sp-d16 -mfloat-abi=hard -mthumb -o "Drivers/STM32F4xx_HAL_Driver/Src/stm32f4xx_hal.o"
[...]
arm-none-eabi-gcc "../Drivers/STM32F4xx_HAL_Driver/Src/stm32f4xx_hal_dma_ex.c" -mcpu=cortex-m4 -std=gnu11 -g3 -DUSE_HAL_DRIVER -DSTM32F413xx -DDEBUG -c -I../Drivers/CMSIS/Include -I../Core/Src/OTC -I../Core/Src/Comm -I../Drivers/STM32F4xx_HAL_Driver/Inc -I../Core/Inc -I../Drivers/CMSIS/Device/ST/STM32F4xx/Include -I../Drivers/STM32F4xx_HAL_Driver/Inc/Legacy -O0 -ffunction-sections -fdata-sections -Wall -fstack-usage -fcyclomatic-complexity -MMD -MP -MF"Drivers/STM32F4xx_HAL_Driver/Src/stm32f4xx_hal_dma_ex.d" -MT"Drivers/STM32F4xx_HAL_Driver/Src/stm32f4xx_hal_dma_ex.o" --specs=nano.specs -mfpu=fpv4-sp-d16 -mfloat-abi=hard -mthumb -o "Drivers/STM32F4xx_HAL_Driver/Src/stm32f4xx_hal_dma_ex.o"
arm-none-eabi-gcc "../Drivers/STM32F4xx_HAL_Driver/Src/stm32f4xx_hal_exti.c" -mcpu=cortex-m4 -std=gnu11 -g3 -DUSE_HAL_DRIVER -DSTM32F413xx -DDEBUG -c -I../Drivers/CMSIS/Include -I../Core/Src/OTC -I../Core/Src/Comm -I../Drivers/STM32F4xx_HAL_Driver/Inc -I../Core/Inc -I../Drivers/CMSIS/Device/ST/STM32F4xx/Include -I../Drivers/STM32F4xx_HAL_Driver/Inc/Legacy -O0 -ffunction-sections -fdata-sections -Wall -fstack-usage -fcyclomatic-complexity -MMD -MP -MF"Drivers/STM32F4xx_HAL_Driver/Src/stm32f4xx_hal_exti.d" -MT"Drivers/STM32F4xx_HAL_Driver/Src/stm32f4xx_hal_exti.o" --specs=nano.specs -mfpu=fpv4-sp-d16 -mfloat-abi=hard -mthumb -o "Drivers/STM32F4xx_HAL_Driver/Src/stm32f4xx_hal_exti.o"
arm-none-eabi-gcc "../Drivers/STM32F4xx_HAL_Driver/Src/stm32f4xx_hal_flash.c" -mcpu=cortex-m4 -std=gnu11 -g3 -DUSE_HAL_DRIVER -DSTM32F413xx -DDEBUG -c -I../Drivers/CMSIS/Include -I../Core/Src/OTC -I../Core/Src/Comm -I../Drivers/STM32F4xx_HAL_Driver/Inc -I../Core/Inc -I../Drivers/CMSIS/Device/ST/STM32F4xx/Include -I../Drivers/STM32F4xx_HAL_Driver/Inc/Legacy -O0 -ffunction-sections -fdata-sections -Wall -fstack-usage -fcyclomatic-complexity -MMD -MP -MF"Drivers/STM32F4xx_HAL_Driver/Src/stm32f4xx_hal_flash.d" -MT"Drivers/STM32F4xx_HAL_Driver/Src/stm32f4xx_hal_flash.o" --specs=nano.specs -mfpu=fpv4-sp-d16 -mfloat-abi=hard -mthumb -o "Drivers/STM32F4xx_HAL_Driver/Src/stm32f4xx_hal_flash.o"
arm-none-eabi-gcc "../Drivers/STM32F4xx_HAL_Driver/Src/stm32f4xx_hal_flash_ex.c" -mcpu=cortex-m4 -std=gnu11 -g3 -DUSE_HAL_DRIVER -DSTM32F413xx -DDEBUG -c -I../Drivers/CMSIS/Include -I../Core/Src/OTC -I../Core/Src/Comm -I../Drivers/STM32F4xx_HAL_Driver/Inc -I../Core/Inc -I../Drivers/CMSIS/Device/ST/STM32F4xx/Include -I../Drivers/STM32F4xx_HAL_Driver/Inc/Legacy -O0 -ffunction-sections -fdata-sections -Wall -fstack-usage -fcyclomatic-complexity -MMD -MP -MF"Drivers/STM32F4xx_HAL_Driver/Src/stm32f4xx_hal_flash_ex.d" -MT"Drivers/STM32F4xx_HAL_Driver/Src/stm32f4xx_hal_flash_ex.o" --specs=nano.specs -mfpu=fpv4-sp-d16 -mfloat-abi=hard -mthumb -o "Drivers/STM32F4xx_HAL_Driver/Src/stm32f4xx_hal_flash_ex.o"
arm-none-eabi-gcc "../Drivers/STM32F4xx_HAL_Driver/Src/stm32f4xx_hal_flash_ramfunc.c" -mcpu=cortex-m4 -std=gnu11 -g3 -DUSE_HAL_DRIVER -DSTM32F413xx -DDEBUG -c -I../Drivers/CMSIS/Include -I../Core/Src/OTC -I../Core/Src/Comm -I../Drivers/STM32F4xx_HAL_Driver/Inc -I../Core/Inc -I../Drivers/CMSIS/Device/ST/STM32F4xx/Include -I../Drivers/STM32F4xx_HAL_Driver/Inc/Legacy -O0 -ffunction-sections -fdata-sections -Wall -fstack-usage -fcyclomatic-complexity -MMD -MP -MF"Drivers/STM32F4xx_HAL_Driver/Src/stm32f4xx_hal_flash_ramfunc.d" -MT"Drivers/STM32F4xx_HAL_Driver/Src/stm32f4xx_hal_flash_ramfunc.o" --specs=nano.specs -mfpu=fpv4-sp-d16 -mfloat-abi=hard -mthumb -o "Drivers/STM32F4xx_HAL_Driver/Src/stm32f4xx_hal_flash_ramfunc.o"
arm-none-eabi-gcc "../Drivers/STM32F4xx_HAL_Driver/Src/stm32f4xx_hal_gpio.c" -mcpu=cortex-m4 -std=gnu11 -g3 -DUSE_HAL_DRIVER -DSTM32F413xx -DDEBUG -c -I../Drivers/CMSIS/Include -I../Core/Src/OTC -I../Core/Src/Comm -I../Drivers/STM32F4xx_HAL_Driver/Inc -I../Core/Inc -I../Drivers/CMSIS/Device/ST/STM32F4xx/Include -I../Drivers/STM32F4xx_HAL_Driver/Inc/Legacy -O0 -ffunction-sections -fdata-sections -Wall -fstack-usage -fcyclomatic-complexity -MMD -MP -MF"Drivers/STM32F4xx_HAL_Driver/Src/stm32f4xx_hal_gpio.d" -MT"Drivers/STM32F4xx_HAL_Driver/Src/stm32f4xx_hal_gpio.o" --specs=nano.specs -mfpu=fpv4-sp-d16 -mfloat-abi=hard -mthumb -o "Drivers/STM32F4xx_HAL_Driver/Src/stm32f4xx_hal_gpio.o"
arm-none-eabi-gcc "../Drivers/STM32F4xx_HAL_Driver/Src/stm32f4xx_hal_pwr.c" -mcpu=cortex-m4 -std=gnu11 -g3 -DUSE_HAL_DRIVER -DSTM32F413xx -DDEBUG -c -I../Drivers/CMSIS/Include -I../Core/Src/OTC -I../Core/Src/Comm -I../Drivers/STM32F4xx_HAL_Driver/Inc -I../Core/Inc -I../Drivers/CMSIS/Device/ST/STM32F4xx/Include -I../Drivers/STM32F4xx_HAL_Driver/Inc/Legacy -O0 -ffunction-sections -fdata-sections -Wall -fstack-usage -fcyclomatic-complexity -MMD -MP -MF"Drivers/STM32F4xx_HAL_Driver/Src/stm32f4xx_hal_pwr.d" -MT"Drivers/STM32F4xx_HAL_Driver/Src/stm32f4xx_hal_pwr.o" --specs=nano.specs -mfpu=fpv4-sp-d16 -mfloat-abi=hard -mthumb -o "Drivers/STM32F4xx_HAL_Driver/Src/stm32f4xx_hal_pwr.o"
arm-none-eabi-gcc "../Drivers/STM32F4xx_HAL_Driver/Src/stm32f4xx_hal_pwr_ex.c" -mcpu=cortex-m4 -std=gnu11 -g3 -DUSE_HAL_DRIVER -DSTM32F413xx -DDEBUG -c -I../Drivers/CMSIS/Include -I../Core/Src/OTC -I../Core/Src/Comm -I../Drivers/STM32F4xx_HAL_Driver/Inc -I../Core/Inc -I../Drivers/CMSIS/Device/ST/STM32F4xx/Include -I../Drivers/STM32F4xx_HAL_Driver/Inc/Legacy -O0 -ffunction-sections -fdata-sections -Wall -fstack-usage -fcyclomatic-complexity -MMD -MP -MF"Drivers/STM32F4xx_HAL_Driver/Src/stm32f4xx_hal_pwr_ex.d" -MT"Drivers/STM32F4xx_HAL_Driver/Src/stm32f4xx_hal_pwr_ex.o" --specs=nano.specs -mfpu=fpv4-sp-d16 -mfloat-abi=hard -mthumb -o "Drivers/STM32F4xx_HAL_Driver/Src/stm32f4xx_hal_pwr_ex.o"
arm-none-eabi-gcc "../Drivers/STM32F4xx_HAL_Driver/Src/stm32f4xx_hal_rcc.c" -mcpu=cortex-m4 -std=gnu11 -g3 -DUSE_HAL_DRIVER -DSTM32F413xx -DDEBUG -c -I../Drivers/CMSIS/Include -I../Core/Src/OTC -I../Core/Src/Comm -I../Drivers/STM32F4xx_HAL_Driver/Inc -I../Core/Inc -I../Drivers/CMSIS/Device/ST/STM32F4xx/Include -I../Drivers/STM32F4xx_HAL_Driver/Inc/Legacy -O0 -ffunction-sections -fdata-sections -Wall -fstack-usage -fcyclomatic-complexity -MMD -MP -MF"Drivers/STM32F4xx_HAL_Driver/Src/stm32f4xx_hal_rcc.d" -MT"Drivers/STM32F4xx_HAL_Driver/Src/stm32f4xx_hal_rcc.o" --specs=nano.specs -mfpu=fpv4-sp-d16 -mfloat-abi=hard -mthumb -o "Drivers/STM32F4xx_HAL_Driver/Src/stm32f4xx_hal_rcc.o"
arm-none-eabi-gcc "../Drivers/STM32F4xx_HAL_Driver/Src/stm32f4xx_hal_rcc_ex.c" -mcpu=cortex-m4 -std=gnu11 -g3 -DUSE_HAL_DRIVER -DSTM32F413xx -DDEBUG -c -I../Drivers/CMSIS/Include -I../Core/Src/OTC -I../Core/Src/Comm -I../Drivers/STM32F4xx_HAL_Driver/Inc -I../Core/Inc -I../Drivers/CMSIS/Device/ST/STM32F4xx/Include -I../Drivers/STM32F4xx_HAL_Driver/Inc/Legacy -O0 -ffunction-sections -fdata-sections -Wall -fstack-usage -fcyclomatic-complexity -MMD -MP -MF"Drivers/STM32F4xx_HAL_Driver/Src/stm32f4xx_hal_rcc_ex.d" -MT"Drivers/STM32F4xx_HAL_Driver/Src/stm32f4xx_hal_rcc_ex.o" --specs=nano.specs -mfpu=fpv4-sp-d16 -mfloat-abi=hard -mthumb -o "Drivers/STM32F4xx_HAL_Driver/Src/stm32f4xx_hal_rcc_ex.o"
arm-none-eabi-gcc "../Drivers/STM32F4xx_HAL_Driver/Src/stm32f4xx_hal_tim.c" -mcpu=cortex-m4 -std=gnu11 -g3 -DUSE_HAL_DRIVER -DSTM32F413xx -DDEBUG -c -I../Drivers/CMSIS/Include -I../Core/Src/OTC -I../Core/Src/Comm -I../Drivers/STM32F4xx_HAL_Driver/Inc -I../Core/Inc -I../Drivers/CMSIS/Device/ST/STM32F4xx/Include -I../Drivers/STM32F4xx_HAL_Driver/Inc/Legacy -O0 -ffunction-sections -fdata-sections -Wall -fstack-usage -fcyclomatic-complexity -MMD -MP -MF"Drivers/STM32F4xx_HAL_Driver/Src/stm32f4xx_hal_tim.d" -MT"Drivers/STM32F4xx_HAL_Driver/Src/stm32f4xx_hal_tim.o" --specs=nano.specs -mfpu=fpv4-sp-d16 -mfloat-abi=hard -mthumb -o "Drivers/STM32F4xx_HAL_Driver/Src/stm32f4xx_hal_tim.o"
arm-none-eabi-gcc "../Drivers/STM32F4xx_HAL_Driver/Src/stm32f4xx_hal_tim_ex.c" -mcpu=cortex-m4 -std=gnu11 -g3 -DUSE_HAL_DRIVER -DSTM32F413xx -DDEBUG -c -I../Drivers/CMSIS/Include -I../Core/Src/OTC -I../Core/Src/Comm -I../Drivers/STM32F4xx_HAL_Driver/Inc -I../Core/Inc -I../Drivers/CMSIS/Device/ST/STM32F4xx/Include -I../Drivers/STM32F4xx_HAL_Driver/Inc/Legacy -O0 -ffunction-sections -fdata-sections -Wall -fstack-usage -fcyclomatic-complexity -MMD -MP -MF"Drivers/STM32F4xx_HAL_Driver/Src/stm32f4xx_hal_tim_ex.d" -MT"Drivers/STM32F4xx_HAL_Driver/Src/stm32f4xx_hal_tim_ex.o" --specs=nano.specs -mfpu=fpv4-sp-d16 -mfloat-abi=hard -mthumb -o "Drivers/STM32F4xx_HAL_Driver/Src/stm32f4xx_hal_tim_ex.o"
arm-none-eabi-gcc "../Drivers/STM32F4xx_HAL_Driver/Src/stm32f4xx_hal_uart.c" -mcpu=cortex-m4 -std=gnu11 -g3 -DUSE_HAL_DRIVER -DSTM32F413xx -DDEBUG -c -I../Drivers/CMSIS/Include -I../Core/Src/OTC -I../Core/Src/Comm -I../Drivers/STM32F4xx_HAL_Driver/Inc -I../Core/Inc -I../Drivers/CMSIS/Device/ST/STM32F4xx/Include -I../Drivers/STM32F4xx_HAL_Driver/Inc/Legacy -O0 -ffunction-sections -fdata-sections -Wall -fstack-usage -fcyclomatic-complexity -MMD -MP -MF"Drivers/STM32F4xx_HAL_Driver/Src/stm32f4xx_hal_uart.d" -MT"Drivers/STM32F4xx_HAL_Driver/Src/stm32f4xx_hal_uart.o" --specs=nano.specs -mfpu=fpv4-sp-d16 -mfloat-abi=hard -mthumb -o "Drivers/STM32F4xx_HAL_Driver/Src/stm32f4xx_hal_uart.o"
arm-none-eabi-gcc -mcpu=cortex-m4 -g3 -c -x assembler-with-cpp -MMD -MP -MF"Core/Startup/startup_stm32f413cgux.d" -MT"Core/Startup/startup_stm32f413cgux.o" --specs=nano.specs -mfpu=fpv4-sp-d16 -mfloat-abi=hard -mthumb -o "Core/Startup/startup_stm32f413cgux.o" "../Core/Startup/startup_stm32f413cgux.s"
arm-none-eabi-gcc "../Core/Src/OTC/crc32.c" -mcpu=cortex-m4 -std=gnu11 -g3 -DUSE_HAL_DRIVER -DSTM32F413xx -DDEBUG -c -I../Drivers/CMSIS/Include -I../Core/Src/OTC -I../Core/Src/Comm -I../Drivers/STM32F4xx_HAL_Driver/Inc -I../Core/Inc -I../Drivers/CMSIS/Device/ST/STM32F4xx/Include -I../Drivers/STM32F4xx_HAL_Driver/Inc/Legacy -O0 -ffunction-sections -fdata-sections -Wall -fstack-usage -fcyclomatic-complexity -MMD -MP -MF"Core/Src/OTC/crc32.d" -MT"Core/Src/OTC/crc32.o" --specs=nano.specs -mfpu=fpv4-sp-d16 -mfloat-abi=hard -mthumb -o "Core/Src/OTC/crc32.o"
arm-none-eabi-gcc "../Core/Src/OTC/otc_core.c" -mcpu=cortex-m4 -std=gnu11 -g3 -DUSE_HAL_DRIVER -DSTM32F413xx -DDEBUG -c -I../Drivers/CMSIS/Include -I../Core/Src/OTC -I../Core/Src/Comm -I../Drivers/STM32F4xx_HAL_Driver/Inc -I../Core/Inc -I../Drivers/CMSIS/Device/ST/STM32F4xx/Include -I../Drivers/STM32F4xx_HAL_Driver/Inc/Legacy -O0 -ffunction-sections -fdata-sections -Wall -fstack-usage -fcyclomatic-complexity -MMD -MP -MF"Core/Src/OTC/otc_core.d" -MT"Core/Src/OTC/otc_core.o" --specs=nano.specs -mfpu=fpv4-sp-d16 -mfloat-abi=hard -mthumb -o "Core/Src/OTC/otc_core.o"
arm-none-eabi-gcc "../Core/Src/OTC/otc_flash.c" -mcpu=cortex-m4 -std=gnu11 -g3 -DUSE_HAL_DRIVER -DSTM32F413xx -DDEBUG -c -I../Drivers/CMSIS/Include -I../Core/Src/OTC -I../Core/Src/Comm -I../Drivers/STM32F4xx_HAL_Driver/Inc -I../Core/Inc -I../Drivers/CMSIS/Device/ST/STM32F4xx/Include -I../Drivers/STM32F4xx_HAL_Driver/Inc/Legacy -O0 -ffunction-sections -fdata-sections -Wall -fstack-usage -fcyclomatic-complexity -MMD -MP -MF"Core/Src/OTC/otc_flash.d" -MT"Core/Src/OTC/otc_flash.o" --specs=nano.specs -mfpu=fpv4-sp-d16 -mfloat-abi=hard -mthumb -o "Core/Src/OTC/otc_flash.o"
arm-none-eabi-gcc "../Core/Src/Comm/comm_app.c" -mcpu=cortex-m4 -std=gnu11 -g3 -DUSE_HAL_DRIVER -DSTM32F413xx -DDEBUG -c -I../Drivers/CMSIS/Include -I../Core/Src/OTC -I../Core/Src/Comm -I../Drivers/STM32F4xx_HAL_Driver/Inc -I../Core/Inc -I../Drivers/CMSIS/Device/ST/STM32F4xx/Include -I../Drivers/STM32F4xx_HAL_Driver/Inc/Legacy -O0 -ffunction-sections -fdata-sections -Wall -fstack-usage -fcyclomatic-complexity -MMD -MP -MF"Core/Src/Comm/comm_app.d" -MT"Core/Src/Comm/comm_app.o" --specs=nano.specs -mfpu=fpv4-sp-d16 -mfloat-abi=hard -mthumb -o "Core/Src/Comm/comm_app.o"
../Core/Src/OTC/crc32.c: In function 'CalcCrc32':
../Core/Src/OTC/crc32.c:38:48: warning: suggest parentheses around arithmetic in operand of '^' [-Wparentheses]
   38 |     crc = (crc >> 8) ^ table32[buffer[i] ^ crc & 0xFF];
      |                                            ~~~~^~~~~~
../Core/Src/OTC/crc32.c: In function '_crc32':
../Core/Src/OTC/crc32.c:54:57: warning: suggest parentheses around arithmetic in operand of '^' [-Wparentheses]
   54 |     curVal = (curVal >> 8) ^ table32[buffer[i] ^ curVal & 0xFF];
      |                                                  ~~~~~~~^~~~~~
At top level:
../Core/Src/OTC/crc32.c:33:17: warning: 'CalcCrc32' defined but not used [-Wunused-function]
   33 | static uint32_t CalcCrc32(uint8_t* buffer, uint32_t length)
      |                 ^~~~~~~~~
arm-none-eabi-gcc "../Core/Src/Comm/comm_link.c" -mcpu=cortex-m4 -std=gnu11 -g3 -DUSE_HAL_DRIVER -DSTM32F413xx -DDEBUG -c -I../Drivers/CMSIS/Include -I../Core/Src/OTC -I../Core/Src/Comm -I../Drivers/STM32F4xx_HAL_Driver/Inc -I../Core/Inc -I../Drivers/CMSIS/Device/ST/STM32F4xx/Include -I../Drivers/STM32F4xx_HAL_Driver/Inc/Legacy -O0 -ffunction-sections -fdata-sections -Wall -fstack-usage -fcyclomatic-complexity -MMD -MP -MF"Core/Src/Comm/comm_link.d" -MT"Core/Src/Comm/comm_link.o" --specs=nano.specs -mfpu=fpv4-sp-d16 -mfloat-abi=hard -mthumb -o "Core/Src/Comm/comm_link.o"
arm-none-eabi-gcc "../Core/Src/Comm/crc16.c" -mcpu=cortex-m4 -std=gnu11 -g3 -DUSE_HAL_DRIVER -DSTM32F413xx -DDEBUG -c -I../Drivers/CMSIS/Include -I../Core/Src/OTC -I../Core/Src/Comm -I../Drivers/STM32F4xx_HAL_Driver/Inc -I../Core/Inc -I../Drivers/CMSIS/Device/ST/STM32F4xx/Include -I../Drivers/STM32F4xx_HAL_Driver/Inc/Legacy -O0 -ffunction-sections -fdata-sections -Wall -fstack-usage -fcyclomatic-complexity -MMD -MP -MF"Core/Src/Comm/crc16.d" -MT"Core/Src/Comm/crc16.o" --specs=nano.specs -mfpu=fpv4-sp-d16 -mfloat-abi=hard -mthumb -o "Core/Src/Comm/crc16.o"
arm-none-eabi-gcc "../Core/Src/Comm/gpio.c" -mcpu=cortex-m4 -std=gnu11 -g3 -DUSE_HAL_DRIVER -DSTM32F413xx -DDEBUG -c -I../Drivers/CMSIS/Include -I../Core/Src/OTC -I../Core/Src/Comm -I../Drivers/STM32F4xx_HAL_Driver/Inc -I../Core/Inc -I../Drivers/CMSIS/Device/ST/STM32F4xx/Include -I../Drivers/STM32F4xx_HAL_Driver/Inc/Legacy -O0 -ffunction-sections -fdata-sections -Wall -fstack-usage -fcyclomatic-complexity -MMD -MP -MF"Core/Src/Comm/gpio.d" -MT"Core/Src/Comm/gpio.o" --specs=nano.specs -mfpu=fpv4-sp-d16 -mfloat-abi=hard -mthumb -o "Core/Src/Comm/gpio.o"
arm-none-eabi-gcc "../Core/Src/Comm/rs485.c" -mcpu=cortex-m4 -std=gnu11 -g3 -DUSE_HAL_DRIVER -DSTM32F413xx -DDEBUG -c -I../Drivers/CMSIS/Include -I../Core/Src/OTC -I../Core/Src/Comm -I../Drivers/STM32F4xx_HAL_Driver/Inc -I../Core/Inc -I../Drivers/CMSIS/Device/ST/STM32F4xx/Include -I../Drivers/STM32F4xx_HAL_Driver/Inc/Legacy -O0 -ffunction-sections -fdata-sections -Wall -fstack-usage -fcyclomatic-complexity -MMD -MP -MF"Core/Src/Comm/rs485.d" -MT"Core/Src/Comm/rs485.o" --specs=nano.specs -mfpu=fpv4-sp-d16 -mfloat-abi=hard -mthumb -o "Core/Src/Comm/rs485.o"
arm-none-eabi-gcc "../Core/Src/Comm/timer.c" -mcpu=cortex-m4 -std=gnu11 -g3 -DUSE_HAL_DRIVER -DSTM32F413xx -DDEBUG -c -I../Drivers/CMSIS/Include -I../Core/Src/OTC -I../Core/Src/Comm -I../Drivers/STM32F4xx_HAL_Driver/Inc -I../Core/Inc -I../Drivers/CMSIS/Device/ST/STM32F4xx/Include -I../Drivers/STM32F4xx_HAL_Driver/Inc/Legacy -O0 -ffunction-sections -fdata-sections -Wall -fstack-usage -fcyclomatic-complexity -MMD -MP -MF"Core/Src/Comm/timer.d" -MT"Core/Src/Comm/timer.o" --specs=nano.specs -mfpu=fpv4-sp-d16 -mfloat-abi=hard -mthumb -o "Core/Src/Comm/timer.o"
arm-none-eabi-gcc "../Core/Src/debug.c" -mcpu=cortex-m4 -std=gnu11 -g3 -DUSE_HAL_DRIVER -DSTM32F413xx -DDEBUG -c -I../Drivers/CMSIS/Include -I../Core/Src/OTC -I../Core/Src/Comm -I../Drivers/STM32F4xx_HAL_Driver/Inc -I../Core/Inc -I../Drivers/CMSIS/Device/ST/STM32F4xx/Include -I../Drivers/STM32F4xx_HAL_Driver/Inc/Legacy -O0 -ffunction-sections -fdata-sections -Wall -fstack-usage -fcyclomatic-complexity -MMD -MP -MF"Core/Src/debug.d" -MT"Core/Src/debug.o" --specs=nano.specs -mfpu=fpv4-sp-d16 -mfloat-abi=hard -mthumb -o "Core/Src/debug.o"
arm-none-eabi-gcc "../Core/Src/main.c" -mcpu=cortex-m4 -std=gnu11 -g3 -DUSE_HAL_DRIVER -DSTM32F413xx -DDEBUG -c -I../Drivers/CMSIS/Include -I../Core/Src/OTC -I../Core/Src/Comm -I../Drivers/STM32F4xx_HAL_Driver/Inc -I../Core/Inc -I../Drivers/CMSIS/Device/ST/STM32F4xx/Include -I../Drivers/STM32F4xx_HAL_Driver/Inc/Legacy -O0 -ffunction-sections -fdata-sections -Wall -fstack-usage -fcyclomatic-complexity -MMD -MP -MF"Core/Src/main.d" -MT"Core/Src/main.o" --specs=nano.specs -mfpu=fpv4-sp-d16 -mfloat-abi=hard -mthumb -o "Core/Src/main.o"
arm-none-eabi-gcc "../Core/Src/stm32f4xx_hal_msp.c" -mcpu=cortex-m4 -std=gnu11 -g3 -DUSE_HAL_DRIVER -DSTM32F413xx -DDEBUG -c -I../Drivers/CMSIS/Include -I../Core/Src/OTC -I../Core/Src/Comm -I../Drivers/STM32F4xx_HAL_Driver/Inc -I../Core/Inc -I../Drivers/CMSIS/Device/ST/STM32F4xx/Include -I../Drivers/STM32F4xx_HAL_Driver/Inc/Legacy -O0 -ffunction-sections -fdata-sections -Wall -fstack-usage -fcyclomatic-complexity -MMD -MP -MF"Core/Src/stm32f4xx_hal_msp.d" -MT"Core/Src/stm32f4xx_hal_msp.o" --specs=nano.specs -mfpu=fpv4-sp-d16 -mfloat-abi=hard -mthumb -o "Core/Src/stm32f4xx_hal_msp.o"
arm-none-eabi-gcc "../Core/Src/stm32f4xx_it.c" -mcpu=cortex-m4 -std=gnu11 -g3 -DUSE_HAL_DRIVER -DSTM32F413xx -DDEBUG -c -I../Drivers/CMSIS/Include -I../Core/Src/OTC -I../Core/Src/Comm -I../Drivers/STM32F4xx_HAL_Driver/Inc -I../Core/Inc -I../Drivers/CMSIS/Device/ST/STM32F4xx/Include -I../Drivers/STM32F4xx_HAL_Driver/Inc/Legacy -O0 -ffunction-sections -fdata-sections -Wall -fstack-usage -fcyclomatic-complexity -MMD -MP -MF"Core/Src/stm32f4xx_it.d" -MT"Core/Src/stm32f4xx_it.o" --specs=nano.specs -mfpu=fpv4-sp-d16 -mfloat-abi=hard -mthumb -o "Core/Src/stm32f4xx_it.o"
arm-none-eabi-gcc "../Core/Src/syscalls.c" -mcpu=cortex-m4 -std=gnu11 -g3 -DUSE_HAL_DRIVER -DSTM32F413xx -DDEBUG -c -I../Drivers/CMSIS/Include -I../Core/Src/OTC -I../Core/Src/Comm -I../Drivers/STM32F4xx_HAL_Driver/Inc -I../Core/Inc -I../Drivers/CMSIS/Device/ST/STM32F4xx/Include -I../Drivers/STM32F4xx_HAL_Driver/Inc/Legacy -O0 -ffunction-sections -fdata-sections -Wall -fstack-usage -fcyclomatic-complexity -MMD -MP -MF"Core/Src/syscalls.d" -MT"Core/Src/syscalls.o" --specs=nano.specs -mfpu=fpv4-sp-d16 -mfloat-abi=hard -mthumb -o "Core/Src/syscalls.o"
arm-none-eabi-gcc "../Core/Src/sysmem.c" -mcpu=cortex-m4 -std=gnu11 -g3 -DUSE_HAL_DRIVER -DSTM32F413xx -DDEBUG -c -I../Drivers/CMSIS/Include -I../Core/Src/OTC -I../Core/Src/Comm -I../Drivers/STM32F4xx_HAL_Driver/Inc -I../Core/Inc -I../Drivers/CMSIS/Device/ST/STM32F4xx/Include -I../Drivers/STM32F4xx_HAL_Driver/Inc/Legacy -O0 -ffunction-sections -fdata-sections -Wall -fstack-usage -fcyclomatic-complexity -MMD -MP -MF"Core/Src/sysmem.d" -MT"Core/Src/sysmem.o" --specs=nano.specs -mfpu=fpv4-sp-d16 -mfloat-abi=hard -mthumb -o "Core/Src/sysmem.o"
arm-none-eabi-gcc "../Core/Src/system_stm32f4xx.c" -mcpu=cortex-m4 -std=gnu11 -g3 -DUSE_HAL_DRIVER -DSTM32F413xx -DDEBUG -c -I../Drivers/CMSIS/Include -I../Core/Src/OTC -I../Core/Src/Comm -I../Drivers/STM32F4xx_HAL_Driver/Inc -I../Core/Inc -I../Drivers/CMSIS/Device/ST/STM32F4xx/Include -I../Drivers/STM32F4xx_HAL_Driver/Inc/Legacy -O0 -ffunction-sections -fdata-sections -Wall -fstack-usage -fcyclomatic-complexity -MMD -MP -MF"Core/Src/system_stm32f4xx.d" -MT"Core/Src/system_stm32f4xx.o" --specs=nano.specs -mfpu=fpv4-sp-d16 -mfloat-abi=hard -mthumb -o "Core/Src/system_stm32f4xx.o"
arm-none-eabi-gcc -o "SLS_Bootloader.elf" @"objects.list"   -mcpu=cortex-m4 -T"C:\App\ProjectsAMC\T0808-SLS\SLS_Boot\STM32F413CGUX_FLASH.ld" --specs=nosys.specs -Wl,-Map="SLS_Bootloader.map" -Wl,--gc-sections -static --specs=nano.specs -mfpu=fpv4-sp-d16 -mfloat-abi=hard -mthumb -Wl,--start-group -lc -lm -Wl,--end-group
Finished building target: SLS_Bootloader.elf
 
arm-none-eabi-size  SLS_Bootloader.elf 
arm-none-eabi-objdump -h -S SLS_Bootloader.elf  > "SLS_Bootloader.list"
arm-none-eabi-objcopy  -O ihex SLS_Bootloader.elf  "SLS_Bootloader.hex"
   text	   data	    bss	    dec	    hex	filename
  23060	    160	   8824	  32044	   7d2c	SLS_Bootloader.elf
Finished building: default.size.stdout
 
Finished building: SLS_Bootloader.hex
 
Finished building: SLS_Bootloader.list
 
